Archive member included to satisfy reference by file (symbol)

/home/aiti-kace/opt/gcc-arm-none-eabi-10.3-2021.10/bin/../lib/gcc/arm-none-eabi/10.3.1/thumb/v6-m/nofp/libgcc.a(_dvmd_tls.o)
                              CMakeFiles/firmware.dir/home/aiti-kace/opt/pico-sdk/src/rp2_common/pico_divider/divider.S.obj (__aeabi_idiv0)
/home/aiti-kace/opt/gcc-arm-none-eabi-10.3-2021.10/bin/../lib/gcc/arm-none-eabi/10.3.1/../../../../arm-none-eabi/lib/thumb/v6-m/nofp/libg.a(lib_a-calloc.o)
                              CMakeFiles/firmware.dir/home/aiti-kace/opt/pico-sdk/src/rp2_common/pico_malloc/pico_malloc.c.obj (calloc)
/home/aiti-kace/opt/gcc-arm-none-eabi-10.3-2021.10/bin/../lib/gcc/arm-none-eabi/10.3.1/../../../../arm-none-eabi/lib/thumb/v6-m/nofp/libg.a(lib_a-callocr.o)
                              /home/aiti-kace/opt/gcc-arm-none-eabi-10.3-2021.10/bin/../lib/gcc/arm-none-eabi/10.3.1/../../../../arm-none-eabi/lib/thumb/v6-m/nofp/libg.a(lib_a-calloc.o) (_calloc_r)
/home/aiti-kace/opt/gcc-arm-none-eabi-10.3-2021.10/bin/../lib/gcc/arm-none-eabi/10.3.1/../../../../arm-none-eabi/lib/thumb/v6-m/nofp/libg.a(lib_a-ctype_.o)
                              CMakeFiles/firmware.dir/home/aiti-kace/opt/pico-sdk/lib/tinyusb/src/tusb.c.obj (_ctype_)
/home/aiti-kace/opt/gcc-arm-none-eabi-10.3-2021.10/bin/../lib/gcc/arm-none-eabi/10.3.1/../../../../arm-none-eabi/lib/thumb/v6-m/nofp/libg.a(lib_a-errno.o)
                              /home/aiti-kace/opt/gcc-arm-none-eabi-10.3-2021.10/bin/../lib/gcc/arm-none-eabi/10.3.1/../../../../arm-none-eabi/lib/thumb/v6-m/nofp/libg.a(lib_a-callocr.o) (__errno)
/home/aiti-kace/opt/gcc-arm-none-eabi-10.3-2021.10/bin/../lib/gcc/arm-none-eabi/10.3.1/../../../../arm-none-eabi/lib/thumb/v6-m/nofp/libg.a(lib_a-impure.o)
                              /home/aiti-kace/opt/gcc-arm-none-eabi-10.3-2021.10/bin/../lib/gcc/arm-none-eabi/10.3.1/../../../../arm-none-eabi/lib/thumb/v6-m/nofp/libg.a(lib_a-calloc.o) (_impure_ptr)
/home/aiti-kace/opt/gcc-arm-none-eabi-10.3-2021.10/bin/../lib/gcc/arm-none-eabi/10.3.1/../../../../arm-none-eabi/lib/thumb/v6-m/nofp/libg.a(lib_a-init.o)
                              /home/aiti-kace/opt/gcc-arm-none-eabi-10.3-2021.10/bin/../lib/gcc/arm-none-eabi/10.3.1/../../../../arm-none-eabi/lib/thumb/v6-m/nofp/crt0.o (__libc_init_array)
/home/aiti-kace/opt/gcc-arm-none-eabi-10.3-2021.10/bin/../lib/gcc/arm-none-eabi/10.3.1/../../../../arm-none-eabi/lib/thumb/v6-m/nofp/libg.a(lib_a-malloc.o)
                              CMakeFiles/firmware.dir/home/aiti-kace/opt/pico-sdk/src/rp2_common/pico_malloc/pico_malloc.c.obj (malloc)
/home/aiti-kace/opt/gcc-arm-none-eabi-10.3-2021.10/bin/../lib/gcc/arm-none-eabi/10.3.1/../../../../arm-none-eabi/lib/thumb/v6-m/nofp/libg.a(lib_a-mallocr.o)
                              /home/aiti-kace/opt/gcc-arm-none-eabi-10.3-2021.10/bin/../lib/gcc/arm-none-eabi/10.3.1/../../../../arm-none-eabi/lib/thumb/v6-m/nofp/libg.a(lib_a-callocr.o) (_malloc_r)
/home/aiti-kace/opt/gcc-arm-none-eabi-10.3-2021.10/bin/../lib/gcc/arm-none-eabi/10.3.1/../../../../arm-none-eabi/lib/thumb/v6-m/nofp/libg.a(lib_a-mlock.o)
                              /home/aiti-kace/opt/gcc-arm-none-eabi-10.3-2021.10/bin/../lib/gcc/arm-none-eabi/10.3.1/../../../../arm-none-eabi/lib/thumb/v6-m/nofp/libg.a(lib_a-mallocr.o) (__malloc_lock)
/home/aiti-kace/opt/gcc-arm-none-eabi-10.3-2021.10/bin/../lib/gcc/arm-none-eabi/10.3.1/../../../../arm-none-eabi/lib/thumb/v6-m/nofp/libg.a(lib_a-sbrkr.o)
                              /home/aiti-kace/opt/gcc-arm-none-eabi-10.3-2021.10/bin/../lib/gcc/arm-none-eabi/10.3.1/../../../../arm-none-eabi/lib/thumb/v6-m/nofp/libg.a(lib_a-mallocr.o) (_sbrk_r)
/home/aiti-kace/opt/gcc-arm-none-eabi-10.3-2021.10/bin/../lib/gcc/arm-none-eabi/10.3.1/../../../../arm-none-eabi/lib/thumb/v6-m/nofp/libg.a(lib_a-strlen-stub.o)
                              CMakeFiles/firmware.dir/src/rak4270.c.obj (strlen)
/home/aiti-kace/opt/gcc-arm-none-eabi-10.3-2021.10/bin/../lib/gcc/arm-none-eabi/10.3.1/../../../../arm-none-eabi/lib/thumb/v6-m/nofp/libg.a(lib_a-freer.o)
                              /home/aiti-kace/opt/gcc-arm-none-eabi-10.3-2021.10/bin/../lib/gcc/arm-none-eabi/10.3.1/../../../../arm-none-eabi/lib/thumb/v6-m/nofp/libg.a(lib_a-malloc.o) (_free_r)
/home/aiti-kace/opt/gcc-arm-none-eabi-10.3-2021.10/bin/../lib/gcc/arm-none-eabi/10.3.1/../../../../arm-none-eabi/lib/thumb/v6-m/nofp/libg.a(lib_a-lock.o)
                              /home/aiti-kace/opt/gcc-arm-none-eabi-10.3-2021.10/bin/../lib/gcc/arm-none-eabi/10.3.1/../../../../arm-none-eabi/lib/thumb/v6-m/nofp/libg.a(lib_a-mlock.o) (__retarget_lock_acquire_recursive)
/home/aiti-kace/opt/gcc-arm-none-eabi-10.3-2021.10/bin/../lib/gcc/arm-none-eabi/10.3.1/../../../../arm-none-eabi/lib/thumb/v6-m/nofp/libg.a(lib_a-reent.o)
                              /home/aiti-kace/opt/gcc-arm-none-eabi-10.3-2021.10/bin/../lib/gcc/arm-none-eabi/10.3.1/../../../../arm-none-eabi/lib/thumb/v6-m/nofp/libg.a(lib_a-sbrkr.o) (errno)

[...]
Memory Configuration

Name             Origin             Length             Attributes
FLASH            0x0000000010000000 0x0000000000200000 xr
RAM              0x0000000020000000 0x0000000000040000 xrw
SCRATCH_X        0x0000000020040000 0x0000000000001000 xrw
SCRATCH_Y        0x0000000020041000 0x0000000000001000 xrw
*default*        0x0000000000000000 0xffffffffffffffff

Linker script and memory map

LOAD /home/aiti-kace/opt/gcc-arm-none-eabi-10.3-2021.10/bin/../lib/gcc/arm-none-eabi/10.3.1/thumb/v6-m/nofp/crti.o
LOAD /home/aiti-kace/opt/gcc-arm-none-eabi-10.3-2021.10/bin/../lib/gcc/arm-none-eabi/10.3.1/thumb/v6-m/nofp/crtbegin.o
LOAD /home/aiti-kace/opt/gcc-arm-none-eabi-10.3-2021.10/bin/../lib/gcc/arm-none-eabi/10.3.1/../../../../arm-none-eabi/lib/thumb/v6-m/nofp/crt0.o

.flash_begin    0x0000000010000000        0x0
                0x0000000010000000                __flash_binary_start = .

.boot2          0x0000000010000000      0x100
                0x0000000010000000                __boot2_start__ = .
 *(.boot2)
 .boot2         0x0000000010000000      0x100 /tmp/cckvFI9F.o
                0x0000000010000100                __boot2_end__ = .
                0x0000000000000001                ASSERT (((__boot2_end__ - __boot2_start__) == 0x100), ERROR: Pico second stage bootloader must be 256 bytes in size)

.text           0x0000000010000100     0x7e30
                0x0000000010000100                __logical_binary_start = .
 *(.vectors)
 .vectors       0x0000000010000100       0xd4 CMakeFiles/firmware.dir/home/aiti-kace/opt/pico-sdk/src/rp2_common/pico_standard_link/crt0.S.obj
                0x0000000010000100                __vectors
                0x0000000010000100                __VECTOR_TABLE
                0x00000000100001c0                isr_invalid
                0x00000000100001c0                __default_isrs_start
                0x00000000100001c2                isr_nmi
                0x00000000100001c4                isr_hardfault
                0x00000000100001c6                isr_svcall
                0x00000000100001c8                isr_pendsv
                0x00000000100001ca                isr_systick
                0x00000000100001cc                isr_irq30
                0x00000000100001cc                __unhandled_user_irq
                0x00000000100001cc                isr_irq13
                0x00000000100001cc                isr_irq27
                0x00000000100001cc                isr_irq31
                0x00000000100001cc                isr_irq5
                0x00000000100001cc                isr_irq11
                0x00000000100001cc                isr_irq23
                0x00000000100001cc                isr_irq18
                0x00000000100001cc                isr_irq28
                0x00000000100001cc                isr_irq19
                0x00000000100001cc                isr_irq0
                0x00000000100001cc                isr_irq6
                0x00000000100001cc                isr_irq22
                0x00000000100001cc                isr_irq17
                0x00000000100001cc                isr_irq14
                0x00000000100001cc                isr_irq2
                0x00000000100001cc                isr_irq10
                0x00000000100001cc                isr_irq8
                0x00000000100001cc                isr_irq24
                0x00000000100001cc                isr_irq1
                0x00000000100001cc                isr_irq7
                0x00000000100001cc                isr_irq21
                0x00000000100001cc                isr_irq20
                0x00000000100001cc                isr_irq15
                0x00000000100001cc                isr_irq25
                0x00000000100001cc                isr_irq4
                0x00000000100001cc                isr_irq16
                0x00000000100001cc                isr_irq29
                0x00000000100001cc                isr_irq26
                0x00000000100001cc                __default_isrs_end
                0x00000000100001cc                isr_irq3
                0x00000000100001cc                isr_irq12
                0x00000000100001cc                isr_irq9
                0x00000000100001d2                unhandled_user_irq_num_in_r0
 *(.binary_info_header)
 .binary_info_header
                0x00000000100001d4       0x14 CMakeFiles/firmware.dir/home/aiti-kace/opt/pico-sdk/src/rp2_common/pico_standard_link/crt0.S.obj
                0x00000000100001e8                __binary_info_header_end = .
 *(.reset)
 .reset         0x00000000100001e8       0xa8 CMakeFiles/firmware.dir/home/aiti-kace/opt/pico-sdk/src/rp2_common/pico_standard_link/crt0.S.obj
                0x00000000100001e8                _entry_point
                0x0000000010000266                __get_current_exception
 .reset         0x0000000010000290       0x30 CMakeFiles/firmware.dir/home/aiti-kace/opt/pico-sdk/src/rp2_common/pico_standard_link/binary_info.c.obj
 *(.init)
 .init          0x00000000100002c0        0x4 /home/aiti-kace/opt/gcc-arm-none-eabi-10.3-2021.10/bin/../lib/gcc/arm-none-eabi/10.3.1/thumb/v6-m/nofp/crti.o
                0x00000000100002c0                _init
 *(EXCLUDE_FILE(*libm.a: *libc.a:*lib_a-mem*.o *libgcc.a:) .text*)
 .text          0x00000000100002c4       0x48 /home/aiti-kace/opt/gcc-arm-none-eabi-10.3-2021.10/bin/../lib/gcc/arm-none-eabi/10.3.1/thumb/v6-m/nofp/crtbegin.o
 .text.staticVar
                0x000000001000030c       0x30 CMakeFiles/firmware.dir/src/main.c.obj
                0x000000001000030c                staticVar
 .text.var      0x000000001000033c       0x34 CMakeFiles/firmware.dir/src/main.c.obj
                0x000000001000033c                var
 .text.main     0x0000000010000370      0x224 CMakeFiles/firmware.dir/src/main.c.obj
                0x0000000010000370                main
 .text.strToHex
                0x0000000010000594       0x30 CMakeFiles/firmware.dir/src/rak4270.c.obj
 .text.rak4270_setup
                0x00000000100005c4       0x3c CMakeFiles/firmware.dir/src/rak4270.c.obj
                0x00000000100005c4                rak4270_setup
 .text.rak4270_send_cmd
                0x0000000010000600       0x98 CMakeFiles/firmware.dir/src/rak4270.c.obj
                0x0000000010000600                rak4270_send_cmd
 .text.rak4270_send_cmd_payload
                0x0000000010000698       0xc0 CMakeFiles/firmware.dir/src/rak4270.c.obj
                0x0000000010000698                rak4270_send_cmd_payload
 .text.gpio_set_function
                0x0000000010000758       0x30 CMakeFiles/firmware.dir/home/aiti-kace/opt/pico-sdk/src/rp2_common/hardware_gpio/gpio.c.obj
                0x0000000010000758                gpio_set_function
 .text.gpio_set_pulls
                0x0000000010000788       0x34 CMakeFiles/firmware.dir/home/aiti-kace/opt/pico-sdk/src/rp2_common/hardware_gpio/gpio.c.obj
                0x0000000010000788                gpio_set_pulls
 .text.gpio_set_input_enabled
                0x00000000100007bc       0x30 CMakeFiles/firmware.dir/home/aiti-kace/opt/pico-sdk/src/rp2_common/hardware_gpio/gpio.c.obj
                0x00000000100007bc                gpio_set_input_enabled
 .text.gpio_init
                0x00000000100007ec       0x16 CMakeFiles/firmware.dir/home/aiti-kace/opt/pico-sdk/src/rp2_common/hardware_gpio/gpio.c.obj
                0x00000000100007ec                gpio_init
 *fill*         0x0000000010000802        0x2 
 .text.hw_claim_lock
                0x0000000010000804       0x18 CMakeFiles/firmware.dir/home/aiti-kace/opt/pico-sdk/src/rp2_common/hardware_claim/claim.c.obj
                0x0000000010000804                hw_claim_lock
 .text.hw_claim_unlock
                0x000000001000081c       0x14 CMakeFiles/firmware.dir/home/aiti-kace/opt/pico-sdk/src/rp2_common/hardware_claim/claim.c.obj
                0x000000001000081c                hw_claim_unlock
 .text.hw_claim_or_assert
                0x0000000010000830       0x32 CMakeFiles/firmware.dir/home/aiti-kace/opt/pico-sdk/src/rp2_common/hardware_claim/claim.c.obj
                0x0000000010000830                hw_claim_or_assert
 .text.hw_claim_unused_from_range
                0x0000000010000862       0x50 CMakeFiles/firmware.dir/home/aiti-kace/opt/pico-sdk/src/rp2_common/hardware_claim/claim.c.obj
                0x0000000010000862                hw_claim_unused_from_range
 *fill*         0x00000000100008b2        0x2 
 .text.running_on_fpga
                0x00000000100008b4       0x14 CMakeFiles/firmware.dir/home/aiti-kace/opt/pico-sdk/src/rp2_common/pico_platform/platform.c.obj
                0x00000000100008b4                running_on_fpga
 .text.spin_locks_reset
                0x00000000100008c8       0x20 CMakeFiles/firmware.dir/home/aiti-kace/opt/pico-sdk/src/rp2_common/hardware_sync/sync.c.obj
                0x00000000100008c8                spin_locks_reset
 .text.next_striped_spin_lock_num
                0x00000000100008e8       0x1c CMakeFiles/firmware.dir/home/aiti-kace/opt/pico-sdk/src/rp2_common/hardware_sync/sync.c.obj
                0x00000000100008e8                next_striped_spin_lock_num
 .text.spin_lock_claim_unused
                0x0000000010000904       0x20 CMakeFiles/firmware.dir/home/aiti-kace/opt/pico-sdk/src/rp2_common/hardware_sync/sync.c.obj
                0x0000000010000904                spin_lock_claim_unused
 .text.uart_set_baudrate
                0x0000000010000924       0x5c CMakeFiles/firmware.dir/home/aiti-kace/opt/pico-sdk/src/rp2_common/hardware_uart/uart.c.obj
                0x0000000010000924                uart_set_baudrate
 .text.uart_set_translate_crlf
                0x0000000010000980       0x28 CMakeFiles/firmware.dir/home/aiti-kace/opt/pico-sdk/src/rp2_common/hardware_uart/uart.c.obj
                0x0000000010000980                uart_set_translate_crlf
 .text.uart_init
                0x00000000100009a8       0x80 CMakeFiles/firmware.dir/home/aiti-kace/opt/pico-sdk/src/rp2_common/hardware_uart/uart.c.obj
                0x00000000100009a8                uart_init
 .text.alarm_pool_post_alloc_init
                0x0000000010000a28       0x40 CMakeFiles/firmware.dir/home/aiti-kace/opt/pico-sdk/src/common/pico_time/time.c.obj
 .text.sleep_until_callback
                0x0000000010000a68       0x30 CMakeFiles/firmware.dir/home/aiti-kace/opt/pico-sdk/src/common/pico_time/time.c.obj
 .text.timer_pool_entry_comparator
                0x0000000010000a98       0x7c CMakeFiles/firmware.dir/home/aiti-kace/opt/pico-sdk/src/common/pico_time/time.c.obj
                0x0000000010000a98                timer_pool_entry_comparator
 .text.ph_add_child_node
                0x0000000010000b14       0xa4 CMakeFiles/firmware.dir/home/aiti-kace/opt/pico-sdk/src/common/pico_time/time.c.obj
 .text.ph_merge_nodes
                0x0000000010000bb8       0x3e CMakeFiles/firmware.dir/home/aiti-kace/opt/pico-sdk/src/common/pico_time/time.c.obj
 *fill*         0x0000000010000bf6        0x2 
 .text.add_alarm_under_lock
                0x0000000010000bf8      0x174 CMakeFiles/firmware.dir/home/aiti-kace/opt/pico-sdk/src/common/pico_time/time.c.obj
 .text.alarm_pool_alarm_callback
                0x0000000010000d6c      0x328 CMakeFiles/firmware.dir/home/aiti-kace/opt/pico-sdk/src/common/pico_time/time.c.obj
 .text.alarm_pool_init_default
                0x0000000010001094       0x38 CMakeFiles/firmware.dir/home/aiti-kace/opt/pico-sdk/src/common/pico_time/time.c.obj
                0x0000000010001094                alarm_pool_init_default
 .text.alarm_pool_get_default
                0x00000000100010cc       0x2c CMakeFiles/firmware.dir/home/aiti-kace/opt/pico-sdk/src/common/pico_time/time.c.obj
                0x00000000100010cc                alarm_pool_get_default
 .text.alarm_pool_add_alarm_at
                0x00000000100010f8      0x170 CMakeFiles/firmware.dir/home/aiti-kace/opt/pico-sdk/src/common/pico_time/time.c.obj
                0x00000000100010f8                alarm_pool_add_alarm_at
 .text.alarm_pool_cancel_alarm
                0x0000000010001268       0xf0 CMakeFiles/firmware.dir/home/aiti-kace/opt/pico-sdk/src/common/pico_time/time.c.obj
                0x0000000010001268                alarm_pool_cancel_alarm
 .text.sleep_until
                0x0000000010001358       0xfc CMakeFiles/firmware.dir/home/aiti-kace/opt/pico-sdk/src/common/pico_time/time.c.obj
                0x0000000010001358                sleep_until
 .text.sleep_us
                0x0000000010001454       0x58 CMakeFiles/firmware.dir/home/aiti-kace/opt/pico-sdk/src/common/pico_time/time.c.obj
                0x0000000010001454                sleep_us
 .text.sleep_ms
                0x00000000100014ac       0x14 CMakeFiles/firmware.dir/home/aiti-kace/opt/pico-sdk/src/common/pico_time/time.c.obj
                0x00000000100014ac                sleep_ms
 .text.best_effort_wfe_or_timeout
                0x00000000100014c0       0x80 CMakeFiles/firmware.dir/home/aiti-kace/opt/pico-sdk/src/common/pico_time/time.c.obj
                0x00000000100014c0                best_effort_wfe_or_timeout
 .text.hardware_alarm_irq_handler
                0x0000000010001540       0x8c CMakeFiles/firmware.dir/home/aiti-kace/opt/pico-sdk/src/rp2_common/hardware_timer/timer.c.obj
 .text.hardware_alarm_claim
                0x00000000100015cc       0x18 CMakeFiles/firmware.dir/home/aiti-kace/opt/pico-sdk/src/rp2_common/hardware_timer/timer.c.obj
                0x00000000100015cc                hardware_alarm_claim
 .text.time_us_64
                0x00000000100015e4       0x18 CMakeFiles/firmware.dir/home/aiti-kace/opt/pico-sdk/src/rp2_common/hardware_timer/timer.c.obj
                0x00000000100015e4                time_us_64
 .text.busy_wait_until
                0x00000000100015fc       0x28 CMakeFiles/firmware.dir/home/aiti-kace/opt/pico-sdk/src/rp2_common/hardware_timer/timer.c.obj
                0x00000000100015fc                busy_wait_until
 .text.hardware_alarm_set_callback
                0x0000000010001624       0x90 CMakeFiles/firmware.dir/home/aiti-kace/opt/pico-sdk/src/rp2_common/hardware_timer/timer.c.obj
                0x0000000010001624                hardware_alarm_set_callback
 .text.hardware_alarm_set_target
                0x00000000100016b4       0xe8 CMakeFiles/firmware.dir/home/aiti-kace/opt/pico-sdk/src/rp2_common/hardware_timer/timer.c.obj
                0x00000000100016b4                hardware_alarm_set_target
 .text.hardware_alarm_cancel
                0x000000001000179c       0x40 CMakeFiles/firmware.dir/home/aiti-kace/opt/pico-sdk/src/rp2_common/hardware_timer/timer.c.obj
                0x000000001000179c                hardware_alarm_cancel
 .text.lock_init
                0x00000000100017dc       0x10 CMakeFiles/firmware.dir/home/aiti-kace/opt/pico-sdk/src/common/pico_sync/lock_core.c.obj
                0x00000000100017dc                lock_init
 .text.mutex_init
                0x00000000100017ec       0x1a CMakeFiles/firmware.dir/home/aiti-kace/opt/pico-sdk/src/common/pico_sync/mutex.c.obj
                0x00000000100017ec                mutex_init
 .text.recursive_mutex_init
                0x0000000010001806       0x1e CMakeFiles/firmware.dir/home/aiti-kace/opt/pico-sdk/src/common/pico_sync/mutex.c.obj
                0x0000000010001806                recursive_mutex_init
 .text.critical_section_init_with_lock_num
                0x0000000010001824       0x14 CMakeFiles/firmware.dir/home/aiti-kace/opt/pico-sdk/src/common/pico_sync/critical_section.c.obj
                0x0000000010001824                critical_section_init_with_lock_num
 .text.critical_section_init
                0x0000000010001838       0x14 CMakeFiles/firmware.dir/home/aiti-kace/opt/pico-sdk/src/common/pico_sync/critical_section.c.obj
                0x0000000010001838                critical_section_init
 .text.ph_add_child_node
                0x000000001000184c       0xa4 CMakeFiles/firmware.dir/home/aiti-kace/opt/pico-sdk/src/common/pico_util/pheap.c.obj
 .text.ph_merge_nodes
                0x00000000100018f0       0x3e CMakeFiles/firmware.dir/home/aiti-kace/opt/pico-sdk/src/common/pico_util/pheap.c.obj
 *fill*         0x000000001000192e        0x2 
 .text.ph_clear
                0x0000000010001930       0x70 CMakeFiles/firmware.dir/home/aiti-kace/opt/pico-sdk/src/common/pico_util/pheap.c.obj
                0x0000000010001930                ph_clear
 .text.ph_post_alloc_init
                0x00000000100019a0        0xe CMakeFiles/firmware.dir/home/aiti-kace/opt/pico-sdk/src/common/pico_util/pheap.c.obj
                0x00000000100019a0                ph_post_alloc_init
 *fill*         0x00000000100019ae        0x2 
 .text.ph_merge_two_pass
                0x00000000100019b0       0xa8 CMakeFiles/firmware.dir/home/aiti-kace/opt/pico-sdk/src/common/pico_util/pheap.c.obj
                0x00000000100019b0                ph_merge_two_pass
 .text.ph_remove_any_head
                0x0000000010001a58      0x108 CMakeFiles/firmware.dir/home/aiti-kace/opt/pico-sdk/src/common/pico_util/pheap.c.obj
 .text.ph_remove_head
                0x0000000010001b60       0x14 CMakeFiles/firmware.dir/home/aiti-kace/opt/pico-sdk/src/common/pico_util/pheap.c.obj
                0x0000000010001b60                ph_remove_head
 .text.ph_remove_and_free_node
                0x0000000010001b74       0xf8 CMakeFiles/firmware.dir/home/aiti-kace/opt/pico-sdk/src/common/pico_util/pheap.c.obj
                0x0000000010001b74                ph_remove_and_free_node
 .text._exit    0x0000000010001c6c        0x4 CMakeFiles/firmware.dir/home/aiti-kace/opt/pico-sdk/src/rp2_common/pico_runtime/runtime.c.obj
                0x0000000010001c6c                _exit
 .text._sbrk    0x0000000010001c70       0x38 CMakeFiles/firmware.dir/home/aiti-kace/opt/pico-sdk/src/rp2_common/pico_runtime/runtime.c.obj
                0x0000000010001c70                _sbrk
 .text.exit     0x0000000010001ca8        0x6 CMakeFiles/firmware.dir/home/aiti-kace/opt/pico-sdk/src/rp2_common/pico_runtime/runtime.c.obj
                0x0000000010001ca8                exit
 *fill*         0x0000000010001cae        0x2 
 .text.__assert_func
                0x0000000010001cb0       0x3c CMakeFiles/firmware.dir/home/aiti-kace/opt/pico-sdk/src/rp2_common/pico_runtime/runtime.c.obj
                0x0000000010001cb0                __assert_func
 .text.runtime_init
                0x0000000010001cec       0xf8 CMakeFiles/firmware.dir/home/aiti-kace/opt/pico-sdk/src/rp2_common/pico_runtime/runtime.c.obj
                0x0000000010001cec                runtime_init
 .text.panic    0x0000000010001de4       0x30 CMakeFiles/firmware.dir/home/aiti-kace/opt/pico-sdk/src/rp2_common/pico_runtime/runtime.c.obj
                0x0000000010001de4                panic
 .text.clock_configure
                0x0000000010001e14      0x104 CMakeFiles/firmware.dir/home/aiti-kace/opt/pico-sdk/src/rp2_common/hardware_clocks/clocks.c.obj
                0x0000000010001e14                clock_configure
 .text.clocks_init
                0x0000000010001f18      0x100 CMakeFiles/firmware.dir/home/aiti-kace/opt/pico-sdk/src/rp2_common/hardware_clocks/clocks.c.obj
                0x0000000010001f18                clocks_init
 .text.clock_get_hz
                0x0000000010002018        0xc CMakeFiles/firmware.dir/home/aiti-kace/opt/pico-sdk/src/rp2_common/hardware_clocks/clocks.c.obj
                0x0000000010002018                clock_get_hz
 .text.set_raw_irq_handler_and_unlock
                0x0000000010002024       0x28 CMakeFiles/firmware.dir/home/aiti-kace/opt/pico-sdk/src/rp2_common/hardware_irq/irq.c.obj
 .text.make_branch
                0x000000001000204c       0x34 CMakeFiles/firmware.dir/home/aiti-kace/opt/pico-sdk/src/rp2_common/hardware_irq/irq.c.obj
 .text.insert_branch_and_link
                0x0000000010002080       0x40 CMakeFiles/firmware.dir/home/aiti-kace/opt/pico-sdk/src/rp2_common/hardware_irq/irq.c.obj
 .text.irq_is_enabled
                0x00000000100020c0       0x18 CMakeFiles/firmware.dir/home/aiti-kace/opt/pico-sdk/src/rp2_common/hardware_irq/irq.c.obj
                0x00000000100020c0                irq_is_enabled
 .text.irq_set_mask_enabled
                0x00000000100020d8       0x20 CMakeFiles/firmware.dir/home/aiti-kace/opt/pico-sdk/src/rp2_common/hardware_irq/irq.c.obj
                0x00000000100020d8                irq_set_mask_enabled
 .text.irq_set_enabled
                0x00000000100020f8        0xe CMakeFiles/firmware.dir/home/aiti-kace/opt/pico-sdk/src/rp2_common/hardware_irq/irq.c.obj
                0x00000000100020f8                irq_set_enabled
 *fill*         0x0000000010002106        0x2 
 .text.irq_set_pending
                0x0000000010002108       0x10 CMakeFiles/firmware.dir/home/aiti-kace/opt/pico-sdk/src/rp2_common/hardware_irq/irq.c.obj
                0x0000000010002108                irq_set_pending
 .text.irq_get_vtable_handler
                0x0000000010002118       0x10 CMakeFiles/firmware.dir/home/aiti-kace/opt/pico-sdk/src/rp2_common/hardware_irq/irq.c.obj
                0x0000000010002118                irq_get_vtable_handler
 .text.irq_set_exclusive_handler
                0x0000000010002128       0x54 CMakeFiles/firmware.dir/home/aiti-kace/opt/pico-sdk/src/rp2_common/hardware_irq/irq.c.obj
                0x0000000010002128                irq_set_exclusive_handler
 .text.irq_remove_handler
                0x000000001000217c      0x1ac CMakeFiles/firmware.dir/home/aiti-kace/opt/pico-sdk/src/rp2_common/hardware_irq/irq.c.obj
                0x000000001000217c                irq_remove_handler
 .text.irq_add_tail_to_free_list
                0x0000000010002328       0xf0 CMakeFiles/firmware.dir/home/aiti-kace/opt/pico-sdk/src/rp2_common/hardware_irq/irq.c.obj
                0x0000000010002328                irq_add_tail_to_free_list
 .text.irq_init_priorities
                0x0000000010002418       0x1c CMakeFiles/firmware.dir/home/aiti-kace/opt/pico-sdk/src/rp2_common/hardware_irq/irq.c.obj
                0x0000000010002418                irq_init_priorities
 .text.pll_init
                0x0000000010002434      0x118 CMakeFiles/firmware.dir/home/aiti-kace/opt/pico-sdk/src/rp2_common/hardware_pll/pll.c.obj
                0x0000000010002434                pll_init
 .text.watchdog_start_tick
                0x000000001000254c       0x10 CMakeFiles/firmware.dir/home/aiti-kace/opt/pico-sdk/src/rp2_common/hardware_watchdog/watchdog.c.obj
                0x000000001000254c                watchdog_start_tick
 .text.watchdog_update
                0x000000001000255c       0x14 CMakeFiles/firmware.dir/home/aiti-kace/opt/pico-sdk/src/rp2_common/hardware_watchdog/watchdog.c.obj
                0x000000001000255c                watchdog_update
 .text._watchdog_enable
                0x0000000010002570       0x78 CMakeFiles/firmware.dir/home/aiti-kace/opt/pico-sdk/src/rp2_common/hardware_watchdog/watchdog.c.obj
                0x0000000010002570                _watchdog_enable
 .text.watchdog_reboot
                0x00000000100025e8       0x48 CMakeFiles/firmware.dir/home/aiti-kace/opt/pico-sdk/src/rp2_common/hardware_watchdog/watchdog.c.obj
                0x00000000100025e8                watchdog_reboot
 .text.xosc_init
                0x0000000010002630       0x28 CMakeFiles/firmware.dir/home/aiti-kace/opt/pico-sdk/src/rp2_common/hardware_xosc/xosc.c.obj
                0x0000000010002630                xosc_init
 .text._out_buffer
                0x0000000010002658        0x8 CMakeFiles/firmware.dir/home/aiti-kace/opt/pico-sdk/src/rp2_common/pico_printf/printf.c.obj
 .text._out_null
                0x0000000010002660        0x2 CMakeFiles/firmware.dir/home/aiti-kace/opt/pico-sdk/src/rp2_common/pico_printf/printf.c.obj
 .text._out_fct
                0x0000000010002662        0xe CMakeFiles/firmware.dir/home/aiti-kace/opt/pico-sdk/src/rp2_common/pico_printf/printf.c.obj
 .text._atoi    0x0000000010002670       0x24 CMakeFiles/firmware.dir/home/aiti-kace/opt/pico-sdk/src/rp2_common/pico_printf/printf.c.obj
 .text._out_rev
                0x0000000010002694       0xae CMakeFiles/firmware.dir/home/aiti-kace/opt/pico-sdk/src/rp2_common/pico_printf/printf.c.obj
 .text._ntoa_format
                0x0000000010002742      0x112 CMakeFiles/firmware.dir/home/aiti-kace/opt/pico-sdk/src/rp2_common/pico_printf/printf.c.obj
 .text._ntoa_long
                0x0000000010002854       0xbc CMakeFiles/firmware.dir/home/aiti-kace/opt/pico-sdk/src/rp2_common/pico_printf/printf.c.obj
 .text._ntoa_long_long
                0x0000000010002910       0xe2 CMakeFiles/firmware.dir/home/aiti-kace/opt/pico-sdk/src/rp2_common/pico_printf/printf.c.obj
 *fill*         0x00000000100029f2        0x2 
 .text._etoa    0x00000000100029f4      0x414 CMakeFiles/firmware.dir/home/aiti-kace/opt/pico-sdk/src/rp2_common/pico_printf/printf.c.obj
 .text._ftoa    0x0000000010002e08      0x354 CMakeFiles/firmware.dir/home/aiti-kace/opt/pico-sdk/src/rp2_common/pico_printf/printf.c.obj
 .text._vsnprintf
                0x000000001000315c      0x624 CMakeFiles/firmware.dir/home/aiti-kace/opt/pico-sdk/src/rp2_common/pico_printf/printf.c.obj
 .text.__wrap_sprintf
                0x0000000010003780       0x28 CMakeFiles/firmware.dir/home/aiti-kace/opt/pico-sdk/src/rp2_common/pico_printf/printf.c.obj
                0x0000000010003780                __wrap_sprintf
 .text.vfctprintf
                0x00000000100037a8       0x20 CMakeFiles/firmware.dir/home/aiti-kace/opt/pico-sdk/src/rp2_common/pico_printf/printf.c.obj
                0x00000000100037a8                vfctprintf
 .text          0x00000000100037c8       0x10 CMakeFiles/firmware.dir/home/aiti-kace/opt/pico-sdk/src/rp2_common/pico_bit_ops/bit_ops_aeabi.S.obj
 .text.rom_func_lookup
                0x00000000100037d8       0x10 CMakeFiles/firmware.dir/home/aiti-kace/opt/pico-sdk/src/rp2_common/pico_bootrom/bootrom.c.obj
                0x00000000100037d8                rom_func_lookup
 .text.rom_data_lookup
                0x00000000100037e8       0x10 CMakeFiles/firmware.dir/home/aiti-kace/opt/pico-sdk/src/rp2_common/pico_bootrom/bootrom.c.obj
                0x00000000100037e8                rom_data_lookup
 .text.rom_funcs_lookup
                0x00000000100037f8       0x36 CMakeFiles/firmware.dir/home/aiti-kace/opt/pico-sdk/src/rp2_common/pico_bootrom/bootrom.c.obj
                0x00000000100037f8                rom_funcs_lookup
 *fill*         0x000000001000382e        0x2 
 .text.__wrap___aeabi_idiv
                0x0000000010003830       0x50 CMakeFiles/firmware.dir/home/aiti-kace/opt/pico-sdk/src/rp2_common/pico_divider/divider.S.obj
                0x0000000010003830                __wrap___aeabi_idivmod
                0x0000000010003830                divmod_s32s32
                0x0000000010003830                div_s32s32
                0x0000000010003830                __wrap___aeabi_idiv
                0x0000000010003838                divmod_s32s32_unsafe
                0x0000000010003864                divmod_s32s32_savestate
 .text.__wrap___aeabi_uidiv
                0x0000000010003880       0x4c CMakeFiles/firmware.dir/home/aiti-kace/opt/pico-sdk/src/rp2_common/pico_divider/divider.S.obj
                0x0000000010003880                __wrap___aeabi_uidiv
                0x0000000010003880                __wrap___aeabi_uidivmod
                0x0000000010003880                div_u32u32
                0x0000000010003880                divmod_u32u32
                0x0000000010003888                divmod_u32u32_unsafe
                0x00000000100038b0                divmod_u32u32_savestate
 .text.__wrap___aeabi_ldiv
                0x00000000100038cc      0x434 CMakeFiles/firmware.dir/home/aiti-kace/opt/pico-sdk/src/rp2_common/pico_divider/divider.S.obj
                0x00000000100038cc                div_s64s64
                0x00000000100038cc                divmod_s64s64
                0x00000000100038cc                __wrap___aeabi_ldivmod
                0x0000000010003904                div_u64u64
                0x0000000010003904                divmod_u64u64
                0x0000000010003904                __wrap___aeabi_uldivmod
                0x0000000010003914                divmod_u64u64_savestate
                0x000000001000393c                divmod_s64s64_unsafe
                0x00000000100039c4                divmod_u64u64_unsafe
 .text.__wrap___aeabi_darithmetic
                0x0000000010003d00       0x80 CMakeFiles/firmware.dir/home/aiti-kace/opt/pico-sdk/src/rp2_common/pico_double/double_aeabi.S.obj
                0x0000000010003d00                __wrap___aeabi_drsub
                0x0000000010003d06                __wrap___aeabi_dsub
                0x0000000010003d18                __wrap___aeabi_dadd
                0x0000000010003d2a                __wrap___aeabi_ddiv
                0x0000000010003d66                __wrap___aeabi_dmul
 .text.__wrap___aeabi_cdcmple
                0x0000000010003d80       0x6c CMakeFiles/firmware.dir/home/aiti-kace/opt/pico-sdk/src/rp2_common/pico_double/double_aeabi.S.obj
                0x0000000010003d80                __wrap___aeabi_cdrcmple
                0x0000000010003d90                __wrap___aeabi_cdcmple
                0x0000000010003d90                __wrap___aeabi_cdcmpeq
 .text.__wrap___aeabi_dcmplt
                0x0000000010003dec        0xc CMakeFiles/firmware.dir/home/aiti-kace/opt/pico-sdk/src/rp2_common/pico_double/double_aeabi.S.obj
                0x0000000010003dec                __wrap___aeabi_dcmplt
 .text.__wrap___aeabi_dcmple
                0x0000000010003df8       0x10 CMakeFiles/firmware.dir/home/aiti-kace/opt/pico-sdk/src/rp2_common/pico_double/double_aeabi.S.obj
                0x0000000010003df8                __wrap___aeabi_dcmple
 .text.__wrap___aeabi_dcmpge
                0x0000000010003e08       0x10 CMakeFiles/firmware.dir/home/aiti-kace/opt/pico-sdk/src/rp2_common/pico_double/double_aeabi.S.obj
                0x0000000010003e08                __wrap___aeabi_dcmpge
 .text.__wrap___aeabi_dcmpgt
                0x0000000010003e18        0xa CMakeFiles/firmware.dir/home/aiti-kace/opt/pico-sdk/src/rp2_common/pico_double/double_aeabi.S.obj
                0x0000000010003e18                __wrap___aeabi_dcmpgt
 .text.__wrap___aeabi_dcmpun
                0x0000000010003e22       0x1c CMakeFiles/firmware.dir/home/aiti-kace/opt/pico-sdk/src/rp2_common/pico_double/double_aeabi.S.obj
                0x0000000010003e22                __wrap___aeabi_dcmpun
 *fill*         0x0000000010003e3e        0x2 
 .text.__wrap___aeabi_i2d
                0x0000000010003e40       0x38 CMakeFiles/firmware.dir/home/aiti-kace/opt/pico-sdk/src/rp2_common/pico_double/double_aeabi.S.obj
                0x0000000010003e40                __wrap___aeabi_ui2d
                0x0000000010003e48                __wrap___aeabi_i2d
 .text.__wrap___aeabi_d2iz
                0x0000000010003e78       0x48 CMakeFiles/firmware.dir/home/aiti-kace/opt/pico-sdk/src/rp2_common/pico_double/double_aeabi.S.obj
                0x0000000010003e78                __wrap___aeabi_d2iz
                0x0000000010003e78                double2int_z
 .text.__wrap___aeabi_d2uiz
                0x0000000010003ec0       0x18 CMakeFiles/firmware.dir/home/aiti-kace/opt/pico-sdk/src/rp2_common/pico_double/double_aeabi.S.obj
                0x0000000010003ec0                double2uint
                0x0000000010003ec0                __wrap___aeabi_d2uiz
 .text.__wrap___aeabi_d2f
                0x0000000010003ed8       0x18 CMakeFiles/firmware.dir/home/aiti-kace/opt/pico-sdk/src/rp2_common/pico_double/double_aeabi.S.obj
                0x0000000010003ed8                __wrap___aeabi_d2f
 .text.__aeabi_double_init
                0x0000000010003ef0       0xc8 CMakeFiles/firmware.dir/home/aiti-kace/opt/pico-sdk/src/rp2_common/pico_double/double_init_rom.c.obj
                0x0000000010003ef0                __aeabi_double_init
 .text.double_table_shim_on_use_helper
                0x0000000010003fb8       0x34 CMakeFiles/firmware.dir/home/aiti-kace/opt/pico-sdk/src/rp2_common/pico_double/double_v1_rom_shim.S.obj
                0x0000000010003fb8                double_table_shim_on_use_helper
 .text.__wrap___aeabi_dsub
                0x0000000010003fec       0x10 CMakeFiles/firmware.dir/home/aiti-kace/opt/pico-sdk/src/rp2_common/pico_double/double_v1_rom_shim.S.obj
                0x0000000010003fec                drsub_shim
                0x0000000010003ff2                dsub_shim
 .text.dadd_shim
                0x0000000010003ffc      0x15c CMakeFiles/firmware.dir/home/aiti-kace/opt/pico-sdk/src/rp2_common/pico_double/double_v1_rom_shim.S.obj
                0x0000000010003ffc                dadd_shim
 .text.dmul_shim
                0x0000000010004158      0x15c CMakeFiles/firmware.dir/home/aiti-kace/opt/pico-sdk/src/rp2_common/pico_double/double_v1_rom_shim.S.obj
                0x0000000010004158                dmul_shim
 .text.ddiv_shim
                0x00000000100042b4      0x1b0 CMakeFiles/firmware.dir/home/aiti-kace/opt/pico-sdk/src/rp2_common/pico_double/double_v1_rom_shim.S.obj
                0x00000000100042b4                ddiv_shim
 .text.double2uint_shim
                0x0000000010004464        0xe CMakeFiles/firmware.dir/home/aiti-kace/opt/pico-sdk/src/rp2_common/pico_double/double_v1_rom_shim.S.obj
                0x0000000010004464                double2uint_shim
                0x0000000010004466                double2ufix_shim
 *fill*         0x0000000010004472        0x2 
 .text.double2uint64_shim
                0x0000000010004474       0x70 CMakeFiles/firmware.dir/home/aiti-kace/opt/pico-sdk/src/rp2_common/pico_double/double_v1_rom_shim.S.obj
                0x0000000010004474                double2uint64_shim
                0x0000000010004476                double2ufix64_shim
                0x0000000010004496                d2fix_a
 .text.double2float_shim
                0x00000000100044e4       0x5c CMakeFiles/firmware.dir/home/aiti-kace/opt/pico-sdk/src/rp2_common/pico_double/double_v1_rom_shim.S.obj
                0x00000000100044e4                double2float_shim
 .text.dunpacks
                0x0000000010004540       0x3c CMakeFiles/firmware.dir/home/aiti-kace/opt/pico-sdk/src/rp2_common/pico_double/double_v1_rom_shim.S.obj
                0x0000000010004540                dunpacks
 .text.__aeabi_lmul
                0x000000001000457c       0x32 CMakeFiles/firmware.dir/home/aiti-kace/opt/pico-sdk/src/rp2_common/pico_int64_ops/pico_int64_ops_aeabi.S.obj
                0x000000001000457c                __wrap___aeabi_lmul
 *fill*         0x00000000100045ae        0x2 
 .text.__wrap___aeabi_f2d
                0x00000000100045b0       0x14 CMakeFiles/firmware.dir/home/aiti-kace/opt/pico-sdk/src/rp2_common/pico_float/float_aeabi.S.obj
                0x00000000100045b0                __wrap___aeabi_f2d
 .text.__aeabi_float_init
                0x00000000100045c4       0xfc CMakeFiles/firmware.dir/home/aiti-kace/opt/pico-sdk/src/rp2_common/pico_float/float_init_rom.c.obj
                0x00000000100045c4                __aeabi_float_init
 .text.float_table_shim_on_use_helper
                0x00000000100046c0       0x34 CMakeFiles/firmware.dir/home/aiti-kace/opt/pico-sdk/src/rp2_common/pico_float/float_v1_rom_shim.S.obj
                0x00000000100046c0                float_table_shim_on_use_helper
 .text.float2double_shim
                0x00000000100046f4       0x30 CMakeFiles/firmware.dir/home/aiti-kace/opt/pico-sdk/src/rp2_common/pico_float/float_v1_rom_shim.S.obj
                0x00000000100046f4                float2double_shim
 .text.__wrap_malloc
                0x0000000010004724       0x24 CMakeFiles/firmware.dir/home/aiti-kace/opt/pico-sdk/src/rp2_common/pico_malloc/pico_malloc.c.obj
                0x0000000010004724                __wrap_malloc
 .text          0x0000000010004748       0x10 CMakeFiles/firmware.dir/home/aiti-kace/opt/pico-sdk/src/rp2_common/pico_mem_ops/mem_ops_aeabi.S.obj
                0x0000000010004748                __aeabi_mem_init
 .text.memset   0x0000000010004758        0xc CMakeFiles/firmware.dir/home/aiti-kace/opt/pico-sdk/src/rp2_common/pico_mem_ops/mem_ops_aeabi.S.obj
                0x0000000010004758                __wrap_memset
 .text.memcpy   0x0000000010004764        0xc CMakeFiles/firmware.dir/home/aiti-kace/opt/pico-sdk/src/rp2_common/pico_mem_ops/mem_ops_aeabi.S.obj
                0x0000000010004764                __wrap___aeabi_memcpy
                0x0000000010004764                __wrap_memcpy
 .text.stdio_out_chars_no_crlf
                0x0000000010004770        0xe CMakeFiles/firmware.dir/home/aiti-kace/opt/pico-sdk/src/rp2_common/pico_stdio/stdio.c.obj
 *fill*         0x000000001000477e        0x2 
 .text.stdio_out_chars_crlf
                0x0000000010004780       0x80 CMakeFiles/firmware.dir/home/aiti-kace/opt/pico-sdk/src/rp2_common/pico_stdio/stdio.c.obj
 .text.stdio_stack_buffer_flush
                0x0000000010004800       0x44 CMakeFiles/firmware.dir/home/aiti-kace/opt/pico-sdk/src/rp2_common/pico_stdio/stdio.c.obj
 .text.stdio_buffered_printer
                0x0000000010004844       0x20 CMakeFiles/firmware.dir/home/aiti-kace/opt/pico-sdk/src/rp2_common/pico_stdio/stdio.c.obj
 .text.stdout_serialize_begin
                0x0000000010004864       0x30 CMakeFiles/firmware.dir/home/aiti-kace/opt/pico-sdk/src/rp2_common/pico_stdio/stdio.c.obj
                0x0000000010004864                stdout_serialize_begin
 .text.stdout_serialize_end
                0x0000000010004894       0x10 CMakeFiles/firmware.dir/home/aiti-kace/opt/pico-sdk/src/rp2_common/pico_stdio/stdio.c.obj
                0x0000000010004894                stdout_serialize_end
 .text.stdio_put_string
                0x00000000100048a4       0x98 CMakeFiles/firmware.dir/home/aiti-kace/opt/pico-sdk/src/rp2_common/pico_stdio/stdio.c.obj
 .text.__wrap_putchar
                0x000000001000493c       0x1c CMakeFiles/firmware.dir/home/aiti-kace/opt/pico-sdk/src/rp2_common/pico_stdio/stdio.c.obj
                0x000000001000493c                __wrap_putchar
 .text.stdio_set_driver_enabled
                0x0000000010004958       0x38 CMakeFiles/firmware.dir/home/aiti-kace/opt/pico-sdk/src/rp2_common/pico_stdio/stdio.c.obj
                0x0000000010004958                stdio_set_driver_enabled
 .text.stdio_flush
                0x0000000010004990       0x20 CMakeFiles/firmware.dir/home/aiti-kace/opt/pico-sdk/src/rp2_common/pico_stdio/stdio.c.obj
                0x0000000010004990                stdio_flush
 .text.__wrap_puts
                0x00000000100049b0       0x1e CMakeFiles/firmware.dir/home/aiti-kace/opt/pico-sdk/src/rp2_common/pico_stdio/stdio.c.obj
                0x00000000100049b0                __wrap_puts
 *fill*         0x00000000100049ce        0x2 
 .text.__wrap_vprintf
                0x00000000100049d0       0x44 CMakeFiles/firmware.dir/home/aiti-kace/opt/pico-sdk/src/rp2_common/pico_stdio/stdio.c.obj
                0x00000000100049d0                __wrap_vprintf
 .text.__wrap_printf
                0x0000000010004a14       0x18 CMakeFiles/firmware.dir/home/aiti-kace/opt/pico-sdk/src/rp2_common/pico_stdio/stdio.c.obj
                0x0000000010004a14                __wrap_printf
 .text.stdio_init_all
                0x0000000010004a2c        0x8 CMakeFiles/firmware.dir/home/aiti-kace/opt/pico-sdk/src/rp2_common/pico_stdio/stdio.c.obj
                0x0000000010004a2c                stdio_init_all
 .text.resetd_init
                0x0000000010004a34        0x2 CMakeFiles/firmware.dir/home/aiti-kace/opt/pico-sdk/src/rp2_common/pico_stdio_usb/reset_interface.c.obj
 *fill*         0x0000000010004a36        0x2 
 .text.resetd_reset
                0x0000000010004a38        0xc CMakeFiles/firmware.dir/home/aiti-kace/opt/pico-sdk/src/rp2_common/pico_stdio_usb/reset_interface.c.obj
 .text.resetd_open
                0x0000000010004a44       0x34 CMakeFiles/firmware.dir/home/aiti-kace/opt/pico-sdk/src/rp2_common/pico_stdio_usb/reset_interface.c.obj
 .text.resetd_xfer_cb
                0x0000000010004a78        0x4 CMakeFiles/firmware.dir/home/aiti-kace/opt/pico-sdk/src/rp2_common/pico_stdio_usb/reset_interface.c.obj
 .text.reset_usb_boot
                0x0000000010004a7c       0x18 CMakeFiles/firmware.dir/home/aiti-kace/opt/pico-sdk/src/rp2_common/pico_stdio_usb/reset_interface.c.obj
 .text.resetd_control_xfer_cb
                0x0000000010004a94       0x5c CMakeFiles/firmware.dir/home/aiti-kace/opt/pico-sdk/src/rp2_common/pico_stdio_usb/reset_interface.c.obj
 .text.usbd_app_driver_get_cb
                0x0000000010004af0        0xc CMakeFiles/firmware.dir/home/aiti-kace/opt/pico-sdk/src/rp2_common/pico_stdio_usb/reset_interface.c.obj
                0x0000000010004af0                usbd_app_driver_get_cb
 .text.tud_cdc_line_coding_cb
                0x0000000010004afc       0x28 CMakeFiles/firmware.dir/home/aiti-kace/opt/pico-sdk/src/rp2_common/pico_stdio_usb/reset_interface.c.obj
                0x0000000010004afc                tud_cdc_line_coding_cb
 .text.stdio_usb_in_chars
                0x0000000010004b24       0x70 CMakeFiles/firmware.dir/home/aiti-kace/opt/pico-sdk/src/rp2_common/pico_stdio_usb/stdio_usb.c.obj
                0x0000000010004b24                stdio_usb_in_chars
 .text.low_priority_worker_irq
                0x0000000010004b94       0x20 CMakeFiles/firmware.dir/home/aiti-kace/opt/pico-sdk/src/rp2_common/pico_stdio_usb/stdio_usb.c.obj
 .text.stdio_usb_out_chars
                0x0000000010004bb4       0xd4 CMakeFiles/firmware.dir/home/aiti-kace/opt/pico-sdk/src/rp2_common/pico_stdio_usb/stdio_usb.c.obj
 .text.timer_task
                0x0000000010004c88       0x10 CMakeFiles/firmware.dir/home/aiti-kace/opt/pico-sdk/src/rp2_common/pico_stdio_usb/stdio_usb.c.obj
 .text.stdio_usb_init
                0x0000000010004c98       0xb8 CMakeFiles/firmware.dir/home/aiti-kace/opt/pico-sdk/src/rp2_common/pico_stdio_usb/stdio_usb.c.obj
                0x0000000010004c98                stdio_usb_init
 .text.tud_descriptor_device_cb
                0x0000000010004d50        0x8 CMakeFiles/firmware.dir/home/aiti-kace/opt/pico-sdk/src/rp2_common/pico_stdio_usb/stdio_usb_descriptors.c.obj
                0x0000000010004d50                tud_descriptor_device_cb
 .text.tud_descriptor_configuration_cb
                0x0000000010004d58        0x8 CMakeFiles/firmware.dir/home/aiti-kace/opt/pico-sdk/src/rp2_common/pico_stdio_usb/stdio_usb_descriptors.c.obj
                0x0000000010004d58                tud_descriptor_configuration_cb
 .text.tud_descriptor_string_cb
                0x0000000010004d60       0x6c CMakeFiles/firmware.dir/home/aiti-kace/opt/pico-sdk/src/rp2_common/pico_stdio_usb/stdio_usb_descriptors.c.obj
                0x0000000010004d60                tud_descriptor_string_cb
 .text.hw_endpoint_get_by_addr
                0x0000000010004dcc       0x18 CMakeFiles/firmware.dir/home/aiti-kace/opt/pico-sdk/lib/tinyusb/src/portable/raspberrypi/rp2040/dcd_rp2040.c.obj
 .text.reset_ep0_pid
                0x0000000010004de4       0x28 CMakeFiles/firmware.dir/home/aiti-kace/opt/pico-sdk/lib/tinyusb/src/portable/raspberrypi/rp2040/dcd_rp2040.c.obj
 .text._hw_endpoint_alloc
                0x0000000010004e0c       0x70 CMakeFiles/firmware.dir/home/aiti-kace/opt/pico-sdk/lib/tinyusb/src/portable/raspberrypi/rp2040/dcd_rp2040.c.obj
 .text.hw_endpoint_init
                0x0000000010004e7c       0x88 CMakeFiles/firmware.dir/home/aiti-kace/opt/pico-sdk/lib/tinyusb/src/portable/raspberrypi/rp2040/dcd_rp2040.c.obj
 .text.reset_non_control_endpoints
                0x0000000010004f04       0x40 CMakeFiles/firmware.dir/home/aiti-kace/opt/pico-sdk/lib/tinyusb/src/portable/raspberrypi/rp2040/dcd_rp2040.c.obj
 .text.hw_handle_buff_status
                0x0000000010004f44       0x8c CMakeFiles/firmware.dir/home/aiti-kace/opt/pico-sdk/lib/tinyusb/src/portable/raspberrypi/rp2040/dcd_rp2040.c.obj
 .text.dcd_rp2040_irq
                0x0000000010004fd0       0xc0 CMakeFiles/firmware.dir/home/aiti-kace/opt/pico-sdk/lib/tinyusb/src/portable/raspberrypi/rp2040/dcd_rp2040.c.obj
 .text.hw_endpoint_xfer
                0x0000000010005090       0x14 CMakeFiles/firmware.dir/home/aiti-kace/opt/pico-sdk/lib/tinyusb/src/portable/raspberrypi/rp2040/dcd_rp2040.c.obj
 .text.dcd_int_enable
                0x00000000100050a4       0x2c CMakeFiles/firmware.dir/home/aiti-kace/opt/pico-sdk/lib/tinyusb/src/portable/raspberrypi/rp2040/dcd_rp2040.c.obj
                0x00000000100050a4                dcd_int_enable
 .text.dcd_set_address
                0x00000000100050d0       0x2c CMakeFiles/firmware.dir/home/aiti-kace/opt/pico-sdk/lib/tinyusb/src/portable/raspberrypi/rp2040/dcd_rp2040.c.obj
                0x00000000100050d0                dcd_set_address
 .text.dcd_connect
                0x00000000100050fc       0x10 CMakeFiles/firmware.dir/home/aiti-kace/opt/pico-sdk/lib/tinyusb/src/portable/raspberrypi/rp2040/dcd_rp2040.c.obj
                0x00000000100050fc                dcd_connect
 .text.dcd_init
                0x000000001000510c       0x7c CMakeFiles/firmware.dir/home/aiti-kace/opt/pico-sdk/lib/tinyusb/src/portable/raspberrypi/rp2040/dcd_rp2040.c.obj
                0x000000001000510c                dcd_init
 .text.dcd_edpt0_status_complete
                0x0000000010005188       0x1c CMakeFiles/firmware.dir/home/aiti-kace/opt/pico-sdk/lib/tinyusb/src/portable/raspberrypi/rp2040/dcd_rp2040.c.obj
                0x0000000010005188                dcd_edpt0_status_complete
 .text.dcd_edpt_open
                0x00000000100051a4       0x40 CMakeFiles/firmware.dir/home/aiti-kace/opt/pico-sdk/lib/tinyusb/src/portable/raspberrypi/rp2040/dcd_rp2040.c.obj
                0x00000000100051a4                dcd_edpt_open
 .text.dcd_edpt_close_all
                0x00000000100051e4        0x8 CMakeFiles/firmware.dir/home/aiti-kace/opt/pico-sdk/lib/tinyusb/src/portable/raspberrypi/rp2040/dcd_rp2040.c.obj
                0x00000000100051e4                dcd_edpt_close_all
 .text.dcd_edpt_xfer
                0x00000000100051ec       0x30 CMakeFiles/firmware.dir/home/aiti-kace/opt/pico-sdk/lib/tinyusb/src/portable/raspberrypi/rp2040/dcd_rp2040.c.obj
                0x00000000100051ec                dcd_edpt_xfer
 .text.dcd_edpt_stall
                0x000000001000521c       0x2c CMakeFiles/firmware.dir/home/aiti-kace/opt/pico-sdk/lib/tinyusb/src/portable/raspberrypi/rp2040/dcd_rp2040.c.obj
                0x000000001000521c                dcd_edpt_stall
 .text.dcd_edpt_clear_stall
                0x0000000010005248       0x20 CMakeFiles/firmware.dir/home/aiti-kace/opt/pico-sdk/lib/tinyusb/src/portable/raspberrypi/rp2040/dcd_rp2040.c.obj
                0x0000000010005248                dcd_edpt_clear_stall
 .text.prepare_ep_buffer
                0x0000000010005268       0x70 CMakeFiles/firmware.dir/home/aiti-kace/opt/pico-sdk/lib/tinyusb/src/portable/raspberrypi/rp2040/rp2040_usb.c.obj
 .text.sync_ep_buffer
                0x00000000100052d8       0x7c CMakeFiles/firmware.dir/home/aiti-kace/opt/pico-sdk/lib/tinyusb/src/portable/raspberrypi/rp2040/rp2040_usb.c.obj
 .text._hw_endpoint_xfer_sync
                0x0000000010005354       0x28 CMakeFiles/firmware.dir/home/aiti-kace/opt/pico-sdk/lib/tinyusb/src/portable/raspberrypi/rp2040/rp2040_usb.c.obj
 .text.rp2040_usb_init
                0x000000001000537c       0x4c CMakeFiles/firmware.dir/home/aiti-kace/opt/pico-sdk/lib/tinyusb/src/portable/raspberrypi/rp2040/rp2040_usb.c.obj
                0x000000001000537c                rp2040_usb_init
 .text.hw_endpoint_reset_transfer
                0x00000000100053c8        0xc CMakeFiles/firmware.dir/home/aiti-kace/opt/pico-sdk/lib/tinyusb/src/portable/raspberrypi/rp2040/rp2040_usb.c.obj
                0x00000000100053c8                hw_endpoint_reset_transfer
 .text._hw_endpoint_buffer_control_update32
                0x00000000100053d4       0x58 CMakeFiles/firmware.dir/home/aiti-kace/opt/pico-sdk/lib/tinyusb/src/portable/raspberrypi/rp2040/rp2040_usb.c.obj
                0x00000000100053d4                _hw_endpoint_buffer_control_update32
 .text._hw_endpoint_start_next_buffer
                0x000000001000542c       0x74 CMakeFiles/firmware.dir/home/aiti-kace/opt/pico-sdk/lib/tinyusb/src/portable/raspberrypi/rp2040/rp2040_usb.c.obj
 .text.hw_endpoint_xfer_start
                0x00000000100054a0       0x48 CMakeFiles/firmware.dir/home/aiti-kace/opt/pico-sdk/lib/tinyusb/src/portable/raspberrypi/rp2040/rp2040_usb.c.obj
                0x00000000100054a0                hw_endpoint_xfer_start
 .text.hw_endpoint_xfer_continue
                0x00000000100054e8       0x38 CMakeFiles/firmware.dir/home/aiti-kace/opt/pico-sdk/lib/tinyusb/src/portable/raspberrypi/rp2040/rp2040_usb.c.obj
                0x00000000100054e8                hw_endpoint_xfer_continue
 .text.configuration_reset
                0x0000000010005520       0x84 CMakeFiles/firmware.dir/home/aiti-kace/opt/pico-sdk/lib/tinyusb/src/device/usbd.c.obj
 .text.usbd_reset
                0x00000000100055a4        0xc CMakeFiles/firmware.dir/home/aiti-kace/opt/pico-sdk/lib/tinyusb/src/device/usbd.c.obj
 .text.invoke_class_control
                0x00000000100055b0       0x1a CMakeFiles/firmware.dir/home/aiti-kace/opt/pico-sdk/lib/tinyusb/src/device/usbd.c.obj
 *fill*         0x00000000100055ca        0x2 
 .text.process_set_config
                0x00000000100055cc      0x1b0 CMakeFiles/firmware.dir/home/aiti-kace/opt/pico-sdk/lib/tinyusb/src/device/usbd.c.obj
 .text.process_get_descriptor
                0x000000001000577c       0xec CMakeFiles/firmware.dir/home/aiti-kace/opt/pico-sdk/lib/tinyusb/src/device/usbd.c.obj
 .text.tud_mounted
                0x0000000010005868       0x10 CMakeFiles/firmware.dir/home/aiti-kace/opt/pico-sdk/lib/tinyusb/src/device/usbd.c.obj
                0x0000000010005868                tud_mounted
 .text.tud_suspended
                0x0000000010005878       0x10 CMakeFiles/firmware.dir/home/aiti-kace/opt/pico-sdk/lib/tinyusb/src/device/usbd.c.obj
                0x0000000010005878                tud_suspended
 .text.tud_inited
                0x0000000010005888        0xc CMakeFiles/firmware.dir/home/aiti-kace/opt/pico-sdk/lib/tinyusb/src/device/usbd.c.obj
                0x0000000010005888                tud_inited
 .text.tud_init
                0x0000000010005894       0xcc CMakeFiles/firmware.dir/home/aiti-kace/opt/pico-sdk/lib/tinyusb/src/device/usbd.c.obj
                0x0000000010005894                tud_init
 .text.dcd_event_handler
                0x0000000010005960      0x1e0 CMakeFiles/firmware.dir/home/aiti-kace/opt/pico-sdk/lib/tinyusb/src/device/usbd.c.obj
                0x0000000010005960                dcd_event_handler
 .text.dcd_event_bus_signal
                0x0000000010005b40       0x26 CMakeFiles/firmware.dir/home/aiti-kace/opt/pico-sdk/lib/tinyusb/src/device/usbd.c.obj
                0x0000000010005b40                dcd_event_bus_signal
 .text.dcd_event_bus_reset
                0x0000000010005b66       0x2a CMakeFiles/firmware.dir/home/aiti-kace/opt/pico-sdk/lib/tinyusb/src/device/usbd.c.obj
                0x0000000010005b66                dcd_event_bus_reset
 .text.dcd_event_setup_received
                0x0000000010005b90       0x34 CMakeFiles/firmware.dir/home/aiti-kace/opt/pico-sdk/lib/tinyusb/src/device/usbd.c.obj
                0x0000000010005b90                dcd_event_setup_received
 .text.dcd_event_xfer_complete
                0x0000000010005bc4       0x44 CMakeFiles/firmware.dir/home/aiti-kace/opt/pico-sdk/lib/tinyusb/src/device/usbd.c.obj
                0x0000000010005bc4                dcd_event_xfer_complete
 .text.usbd_edpt_open
                0x0000000010005c08       0x58 CMakeFiles/firmware.dir/home/aiti-kace/opt/pico-sdk/lib/tinyusb/src/device/usbd.c.obj
                0x0000000010005c08                usbd_edpt_open
 .text.usbd_open_edpt_pair
                0x0000000010005c60       0x8c CMakeFiles/firmware.dir/home/aiti-kace/opt/pico-sdk/lib/tinyusb/src/device/usbd.c.obj
                0x0000000010005c60                usbd_open_edpt_pair
 .text.usbd_edpt_claim
                0x0000000010005cec       0x8c CMakeFiles/firmware.dir/home/aiti-kace/opt/pico-sdk/lib/tinyusb/src/device/usbd.c.obj
                0x0000000010005cec                usbd_edpt_claim
 .text.usbd_edpt_release
                0x0000000010005d78       0x68 CMakeFiles/firmware.dir/home/aiti-kace/opt/pico-sdk/lib/tinyusb/src/device/usbd.c.obj
                0x0000000010005d78                usbd_edpt_release
 .text.usbd_edpt_xfer
                0x0000000010005de0       0x80 CMakeFiles/firmware.dir/home/aiti-kace/opt/pico-sdk/lib/tinyusb/src/device/usbd.c.obj
                0x0000000010005de0                usbd_edpt_xfer
 .text.usbd_edpt_stall
                0x0000000010005e60       0x40 CMakeFiles/firmware.dir/home/aiti-kace/opt/pico-sdk/lib/tinyusb/src/device/usbd.c.obj
                0x0000000010005e60                usbd_edpt_stall
 .text.usbd_edpt_clear_stall
                0x0000000010005ea0       0x40 CMakeFiles/firmware.dir/home/aiti-kace/opt/pico-sdk/lib/tinyusb/src/device/usbd.c.obj
                0x0000000010005ea0                usbd_edpt_clear_stall
 .text.usbd_edpt_stalled
                0x0000000010005ee0       0x1c CMakeFiles/firmware.dir/home/aiti-kace/opt/pico-sdk/lib/tinyusb/src/device/usbd.c.obj
                0x0000000010005ee0                usbd_edpt_stalled
 .text.process_control_request
                0x0000000010005efc      0x3b8 CMakeFiles/firmware.dir/home/aiti-kace/opt/pico-sdk/lib/tinyusb/src/device/usbd.c.obj
 .text.tud_task
                0x00000000100062b4      0x218 CMakeFiles/firmware.dir/home/aiti-kace/opt/pico-sdk/lib/tinyusb/src/device/usbd.c.obj
                0x00000000100062b4                tud_task
 .text._data_stage_xact
                0x00000000100064cc       0x58 CMakeFiles/firmware.dir/home/aiti-kace/opt/pico-sdk/lib/tinyusb/src/device/usbd_control.c.obj
 .text.tud_control_status
                0x0000000010006524       0x38 CMakeFiles/firmware.dir/home/aiti-kace/opt/pico-sdk/lib/tinyusb/src/device/usbd_control.c.obj
                0x0000000010006524                tud_control_status
 .text.tud_control_xfer
                0x000000001000655c       0xa8 CMakeFiles/firmware.dir/home/aiti-kace/opt/pico-sdk/lib/tinyusb/src/device/usbd_control.c.obj
                0x000000001000655c                tud_control_xfer
 .text.usbd_control_reset
                0x0000000010006604       0x14 CMakeFiles/firmware.dir/home/aiti-kace/opt/pico-sdk/lib/tinyusb/src/device/usbd_control.c.obj
                0x0000000010006604                usbd_control_reset
 .text.usbd_control_set_complete_callback
                0x0000000010006618        0xc CMakeFiles/firmware.dir/home/aiti-kace/opt/pico-sdk/lib/tinyusb/src/device/usbd_control.c.obj
                0x0000000010006618                usbd_control_set_complete_callback
 .text.usbd_control_set_request
                0x0000000010006624       0x1c CMakeFiles/firmware.dir/home/aiti-kace/opt/pico-sdk/lib/tinyusb/src/device/usbd_control.c.obj
                0x0000000010006624                usbd_control_set_request
 .text.usbd_control_xfer_cb
                0x0000000010006640       0xfc CMakeFiles/firmware.dir/home/aiti-kace/opt/pico-sdk/lib/tinyusb/src/device/usbd_control.c.obj
                0x0000000010006640                usbd_control_xfer_cb
 .text._prep_out_transaction
                0x000000001000673c       0x46 CMakeFiles/firmware.dir/home/aiti-kace/opt/pico-sdk/lib/tinyusb/src/class/cdc/cdc_device.c.obj
 *fill*         0x0000000010006782        0x2 
 .text.tud_cdc_n_connected
                0x0000000010006784       0x44 CMakeFiles/firmware.dir/home/aiti-kace/opt/pico-sdk/lib/tinyusb/src/class/cdc/cdc_device.c.obj
                0x0000000010006784                tud_cdc_n_connected
 .text.tud_cdc_n_available
                0x00000000100067c8       0x18 CMakeFiles/firmware.dir/home/aiti-kace/opt/pico-sdk/lib/tinyusb/src/class/cdc/cdc_device.c.obj
                0x00000000100067c8                tud_cdc_n_available
 .text.tud_cdc_n_read
                0x00000000100067e0       0x28 CMakeFiles/firmware.dir/home/aiti-kace/opt/pico-sdk/lib/tinyusb/src/class/cdc/cdc_device.c.obj
                0x00000000100067e0                tud_cdc_n_read
 .text.tud_cdc_n_write_flush
                0x0000000010006808       0xcc CMakeFiles/firmware.dir/home/aiti-kace/opt/pico-sdk/lib/tinyusb/src/class/cdc/cdc_device.c.obj
                0x0000000010006808                tud_cdc_n_write_flush
 .text.tud_cdc_n_write
                0x00000000100068d4       0x38 CMakeFiles/firmware.dir/home/aiti-kace/opt/pico-sdk/lib/tinyusb/src/class/cdc/cdc_device.c.obj
                0x00000000100068d4                tud_cdc_n_write
 .text.tud_cdc_n_write_available
                0x000000001000690c       0x1c CMakeFiles/firmware.dir/home/aiti-kace/opt/pico-sdk/lib/tinyusb/src/class/cdc/cdc_device.c.obj
                0x000000001000690c                tud_cdc_n_write_available
 .text.cdcd_init
                0x0000000010006928       0xbc CMakeFiles/firmware.dir/home/aiti-kace/opt/pico-sdk/lib/tinyusb/src/class/cdc/cdc_device.c.obj
                0x0000000010006928                cdcd_init
 .text.cdcd_reset
                0x00000000100069e4       0x44 CMakeFiles/firmware.dir/home/aiti-kace/opt/pico-sdk/lib/tinyusb/src/class/cdc/cdc_device.c.obj
                0x00000000100069e4                cdcd_reset
 .text.cdcd_open
                0x0000000010006a28       0xf8 CMakeFiles/firmware.dir/home/aiti-kace/opt/pico-sdk/lib/tinyusb/src/class/cdc/cdc_device.c.obj
                0x0000000010006a28                cdcd_open
 .text.cdcd_control_xfer_cb
                0x0000000010006b20      0x134 CMakeFiles/firmware.dir/home/aiti-kace/opt/pico-sdk/lib/tinyusb/src/class/cdc/cdc_device.c.obj
                0x0000000010006b20                cdcd_control_xfer_cb
 .text.cdcd_xfer_cb
                0x0000000010006c54      0x144 CMakeFiles/firmware.dir/home/aiti-kace/opt/pico-sdk/lib/tinyusb/src/class/cdc/cdc_device.c.obj
                0x0000000010006c54                cdcd_xfer_cb
 .text.tusb_init
                0x0000000010006d98       0x24 CMakeFiles/firmware.dir/home/aiti-kace/opt/pico-sdk/lib/tinyusb/src/tusb.c.obj
                0x0000000010006d98                tusb_init
 .text.tusb_inited
                0x0000000010006dbc        0xe CMakeFiles/firmware.dir/home/aiti-kace/opt/pico-sdk/lib/tinyusb/src/tusb.c.obj
                0x0000000010006dbc                tusb_inited
 *fill*         0x0000000010006dca        0x2 
 .text.tu_edpt_validate
                0x0000000010006dcc       0xa8 CMakeFiles/firmware.dir/home/aiti-kace/opt/pico-sdk/lib/tinyusb/src/tusb.c.obj
                0x0000000010006dcc                tu_edpt_validate
 .text.tu_edpt_bind_driver
                0x0000000010006e74       0x2a CMakeFiles/firmware.dir/home/aiti-kace/opt/pico-sdk/lib/tinyusb/src/tusb.c.obj
                0x0000000010006e74                tu_edpt_bind_driver
 .text.advance_pointer
                0x0000000010006e9e       0x18 CMakeFiles/firmware.dir/home/aiti-kace/opt/pico-sdk/lib/tinyusb/src/common/tusb_fifo.c.obj
 .text.backward_pointer
                0x0000000010006eb6       0x1e CMakeFiles/firmware.dir/home/aiti-kace/opt/pico-sdk/lib/tinyusb/src/common/tusb_fifo.c.obj
 .text.get_relative_pointer
                0x0000000010006ed4       0x10 CMakeFiles/firmware.dir/home/aiti-kace/opt/pico-sdk/lib/tinyusb/src/common/tusb_fifo.c.obj
 .text._tu_fifo_peek
                0x0000000010006ee4       0x50 CMakeFiles/firmware.dir/home/aiti-kace/opt/pico-sdk/lib/tinyusb/src/common/tusb_fifo.c.obj
 .text._ff_pull_const_addr
                0x0000000010006f34       0x4c CMakeFiles/firmware.dir/home/aiti-kace/opt/pico-sdk/lib/tinyusb/src/common/tusb_fifo.c.obj
 .text._ff_pull_n
                0x0000000010006f80      0x10c CMakeFiles/firmware.dir/home/aiti-kace/opt/pico-sdk/lib/tinyusb/src/common/tusb_fifo.c.obj
 .text._tu_fifo_peek_n
                0x000000001000708c       0x5e CMakeFiles/firmware.dir/home/aiti-kace/opt/pico-sdk/lib/tinyusb/src/common/tusb_fifo.c.obj
 .text._tu_fifo_read_n
                0x00000000100070ea       0x4e CMakeFiles/firmware.dir/home/aiti-kace/opt/pico-sdk/lib/tinyusb/src/common/tusb_fifo.c.obj
 .text._ff_push_const_addr
                0x0000000010007138       0x40 CMakeFiles/firmware.dir/home/aiti-kace/opt/pico-sdk/lib/tinyusb/src/common/tusb_fifo.c.obj
 .text._ff_push_n
                0x0000000010007178      0x108 CMakeFiles/firmware.dir/home/aiti-kace/opt/pico-sdk/lib/tinyusb/src/common/tusb_fifo.c.obj
 .text._tu_fifo_write_n
                0x0000000010007280       0x9e CMakeFiles/firmware.dir/home/aiti-kace/opt/pico-sdk/lib/tinyusb/src/common/tusb_fifo.c.obj
 .text.tu_fifo_config
                0x000000001000731e       0x72 CMakeFiles/firmware.dir/home/aiti-kace/opt/pico-sdk/lib/tinyusb/src/common/tusb_fifo.c.obj
                0x000000001000731e                tu_fifo_config
 .text.tu_fifo_count
                0x0000000010007390       0x26 CMakeFiles/firmware.dir/home/aiti-kace/opt/pico-sdk/lib/tinyusb/src/common/tusb_fifo.c.obj
                0x0000000010007390                tu_fifo_count
 .text.tu_fifo_empty
                0x00000000100073b6       0x10 CMakeFiles/firmware.dir/home/aiti-kace/opt/pico-sdk/lib/tinyusb/src/common/tusb_fifo.c.obj
                0x00000000100073b6                tu_fifo_empty
 .text.tu_fifo_remaining
                0x00000000100073c6       0x20 CMakeFiles/firmware.dir/home/aiti-kace/opt/pico-sdk/lib/tinyusb/src/common/tusb_fifo.c.obj
                0x00000000100073c6                tu_fifo_remaining
 .text.tu_fifo_read
                0x00000000100073e6       0x42 CMakeFiles/firmware.dir/home/aiti-kace/opt/pico-sdk/lib/tinyusb/src/common/tusb_fifo.c.obj
                0x00000000100073e6                tu_fifo_read
 .text.tu_fifo_read_n
                0x0000000010007428        0xa CMakeFiles/firmware.dir/home/aiti-kace/opt/pico-sdk/lib/tinyusb/src/common/tusb_fifo.c.obj
                0x0000000010007428                tu_fifo_read_n
 .text.tu_fifo_write
                0x0000000010007432       0x6c CMakeFiles/firmware.dir/home/aiti-kace/opt/pico-sdk/lib/tinyusb/src/common/tusb_fifo.c.obj
                0x0000000010007432                tu_fifo_write
 .text.tu_fifo_write_n
                0x000000001000749e        0xa CMakeFiles/firmware.dir/home/aiti-kace/opt/pico-sdk/lib/tinyusb/src/common/tusb_fifo.c.obj
                0x000000001000749e                tu_fifo_write_n
 .text.tu_fifo_clear
                0x00000000100074a8       0x4c CMakeFiles/firmware.dir/home/aiti-kace/opt/pico-sdk/lib/tinyusb/src/common/tusb_fifo.c.obj
                0x00000000100074a8                tu_fifo_clear
 .text.tu_fifo_set_overwritable
                0x00000000100074f4       0x3c CMakeFiles/firmware.dir/home/aiti-kace/opt/pico-sdk/lib/tinyusb/src/common/tusb_fifo.c.obj
                0x00000000100074f4                tu_fifo_set_overwritable
 .text._retrieve_unique_id_on_boot
                0x0000000010007530       0x10 CMakeFiles/firmware.dir/home/aiti-kace/opt/pico-sdk/src/rp2_common/pico_unique_id/unique_id.c.obj
 .text.pico_get_unique_board_id_string
                0x0000000010007540       0x60 CMakeFiles/firmware.dir/home/aiti-kace/opt/pico-sdk/src/rp2_common/pico_unique_id/unique_id.c.obj
                0x0000000010007540                pico_get_unique_board_id_string
 .text.flash_get_unique_id
                0x00000000100075a0       0x46 CMakeFiles/firmware.dir/home/aiti-kace/opt/pico-sdk/src/rp2_common/hardware_flash/flash.c.obj
                0x00000000100075a0                flash_get_unique_id
 *fill*         0x00000000100075e6        0x2 
 .text.adc_init
                0x00000000100075e8       0x34 CMakeFiles/firmware.dir/home/aiti-kace/opt/pico-sdk/src/rp2_common/hardware_adc/adc.c.obj
                0x00000000100075e8                adc_init
 .text.malloc   0x000000001000761c       0x14 /home/aiti-kace/opt/gcc-arm-none-eabi-10.3-2021.10/bin/../lib/gcc/arm-none-eabi/10.3.1/../../../../arm-none-eabi/lib/thumb/v6-m/nofp/libg.a(lib_a-malloc.o)
                0x000000001000761c                malloc
 .text._malloc_r
                0x0000000010007630      0x584 /home/aiti-kace/opt/gcc-arm-none-eabi-10.3-2021.10/bin/../lib/gcc/arm-none-eabi/10.3.1/../../../../arm-none-eabi/lib/thumb/v6-m/nofp/libg.a(lib_a-mallocr.o)
                0x0000000010007630                _malloc_r
 .text.__malloc_lock
                0x0000000010007bb4       0x10 /home/aiti-kace/opt/gcc-arm-none-eabi-10.3-2021.10/bin/../lib/gcc/arm-none-eabi/10.3.1/../../../../arm-none-eabi/lib/thumb/v6-m/nofp/libg.a(lib_a-mlock.o)
                0x0000000010007bb4                __malloc_lock
 .text.__malloc_unlock
                0x0000000010007bc4       0x10 /home/aiti-kace/opt/gcc-arm-none-eabi-10.3-2021.10/bin/../lib/gcc/arm-none-eabi/10.3.1/../../../../arm-none-eabi/lib/thumb/v6-m/nofp/libg.a(lib_a-mlock.o)
                0x0000000010007bc4                __malloc_unlock
 .text._sbrk_r  0x0000000010007bd4       0x24 /home/aiti-kace/opt/gcc-arm-none-eabi-10.3-2021.10/bin/../lib/gcc/arm-none-eabi/10.3.1/../../../../arm-none-eabi/lib/thumb/v6-m/nofp/libg.a(lib_a-sbrkr.o)
                0x0000000010007bd4                _sbrk_r
 .text.strlen   0x0000000010007bf8       0x5c /home/aiti-kace/opt/gcc-arm-none-eabi-10.3-2021.10/bin/../lib/gcc/arm-none-eabi/10.3.1/../../../../arm-none-eabi/lib/thumb/v6-m/nofp/libg.a(lib_a-strlen-stub.o)
                0x0000000010007bf8                strlen
 .text._malloc_trim_r
                0x0000000010007c54       0x9c /home/aiti-kace/opt/gcc-arm-none-eabi-10.3-2021.10/bin/../lib/gcc/arm-none-eabi/10.3.1/../../../../arm-none-eabi/lib/thumb/v6-m/nofp/libg.a(lib_a-freer.o)
                0x0000000010007c54                _malloc_trim_r
 .text._free_r  0x0000000010007cf0      0x1c4 /home/aiti-kace/opt/gcc-arm-none-eabi-10.3-2021.10/bin/../lib/gcc/arm-none-eabi/10.3.1/../../../../arm-none-eabi/lib/thumb/v6-m/nofp/libg.a(lib_a-freer.o)
                0x0000000010007cf0                _free_r
 .text.__retarget_lock_acquire_recursive
                0x0000000010007eb4        0x4 /home/aiti-kace/opt/gcc-arm-none-eabi-10.3-2021.10/bin/../lib/gcc/arm-none-eabi/10.3.1/../../../../arm-none-eabi/lib/thumb/v6-m/nofp/libg.a(lib_a-lock.o)
                0x0000000010007eb4                __retarget_lock_acquire_recursive
 .text.__retarget_lock_release_recursive
                0x0000000010007eb8        0x4 /home/aiti-kace/opt/gcc-arm-none-eabi-10.3-2021.10/bin/../lib/gcc/arm-none-eabi/10.3.1/../../../../arm-none-eabi/lib/thumb/v6-m/nofp/libg.a(lib_a-lock.o)
                0x0000000010007eb8                __retarget_lock_release_recursive
 *(.fini)
 .fini          0x0000000010007ebc        0x4 /home/aiti-kace/opt/gcc-arm-none-eabi-10.3-2021.10/bin/../lib/gcc/arm-none-eabi/10.3.1/thumb/v6-m/nofp/crti.o
                0x0000000010007ebc                _fini
 .fini.__stub   0x0000000010007ec0       0x70 linker stubs
 *crtbegin.o(.ctors)
 *crtbegin?.o(.ctors)
 *(EXCLUDE_FILE(*crtend.o *crtend?.o) .ctors)
 *(SORT_BY_NAME(.ctors.*))
 *(.ctors)
 *crtbegin.o(.dtors)
 *crtbegin?.o(.dtors)
 *(EXCLUDE_FILE(*crtend.o *crtend?.o) .dtors)
 *(SORT_BY_NAME(.dtors.*))
 *(.dtors)
 *(.eh_frame*)
 .eh_frame      0x0000000010007f30        0x0 /home/aiti-kace/opt/gcc-arm-none-eabi-10.3-2021.10/bin/../lib/gcc/arm-none-eabi/10.3.1/thumb/v6-m/nofp/crtbegin.o
                0x0000000010007f30                . = ALIGN (0x4)

.glue_7         0x0000000010007f30        0x0
 .glue_7        0x0000000010007f30        0x0 linker stubs

.glue_7t        0x0000000010007f30        0x0
 .glue_7t       0x0000000010007f30        0x0 linker stubs

.vfp11_veneer   0x0000000010007f30        0x0
 .vfp11_veneer  0x0000000010007f30        0x0 linker stubs

.v4_bx          0x0000000010007f30        0x0
 .v4_bx         0x0000000010007f30        0x0 linker stubs

.iplt           0x0000000010007f30        0x0
 .iplt          0x0000000010007f30        0x0 /home/aiti-kace/opt/gcc-arm-none-eabi-10.3-2021.10/bin/../lib/gcc/arm-none-eabi/10.3.1/thumb/v6-m/nofp/crtbegin.o

.rodata         0x0000000010007f30     0x1800
 *(EXCLUDE_FILE(*libm.a: *libc.a:*lib_a-mem*.o *libgcc.a:) .rodata*)
 .rodata.staticVar.str1.4
                0x0000000010007f30       0x39 CMakeFiles/firmware.dir/src/main.c.obj
 *fill*         0x0000000010007f69        0x3 
 .rodata.var.str1.4
                0x0000000010007f6c       0x27 CMakeFiles/firmware.dir/src/main.c.obj
 *fill*         0x0000000010007f93        0x1 
 .rodata.main.str1.4
                0x0000000010007f94      0x1b1 CMakeFiles/firmware.dir/src/main.c.obj
 *fill*         0x0000000010008145        0x3 
 .rodata.strToHex.str1.4
                0x0000000010008148        0x5 CMakeFiles/firmware.dir/src/rak4270.c.obj
 *fill*         0x000000001000814d        0x3 
 .rodata.rak4270_setup.str1.4
                0x0000000010008150       0x15 CMakeFiles/firmware.dir/src/rak4270.c.obj
 *fill*         0x0000000010008165        0x3 
 .rodata.rak4270_send_cmd_payload.str1.4
                0x0000000010008168        0x7 CMakeFiles/firmware.dir/src/rak4270.c.obj
                                          0xb (size before relaxing)
 *fill*         0x000000001000816f        0x1 
 .rodata.spin_lock_claim_unused.str1.4
                0x0000000010008170       0x1b CMakeFiles/firmware.dir/home/aiti-kace/opt/pico-sdk/src/rp2_common/hardware_sync/sync.c.obj
 *fill*         0x000000001000818b        0x1 
 .rodata.repeating_timer_callback.str1.4
                0x000000001000818c       0x4d CMakeFiles/firmware.dir/home/aiti-kace/opt/pico-sdk/src/common/pico_time/time.c.obj
 *fill*         0x00000000100081d9        0x3 
 .rodata.alarm_pool_dump_key.str1.4
                0x00000000100081dc       0x33 CMakeFiles/firmware.dir/home/aiti-kace/opt/pico-sdk/src/common/pico_time/time.c.obj
 *fill*         0x000000001000820f        0x1 
 .rodata.ph_add_child_node.str1.4
                0x0000000010008210       0x96 CMakeFiles/firmware.dir/home/aiti-kace/opt/pico-sdk/src/common/pico_time/time.c.obj
 *fill*         0x00000000100082a6        0x2 
 .rodata.add_alarm_under_lock.str1.4
                0x00000000100082a8       0x28 CMakeFiles/firmware.dir/home/aiti-kace/opt/pico-sdk/src/common/pico_time/time.c.obj
                                         0x2b (size before relaxing)
 .rodata.alarm_pool_alarm_callback.str1.4
                0x00000000100082d0       0xe6 CMakeFiles/firmware.dir/home/aiti-kace/opt/pico-sdk/src/common/pico_time/time.c.obj
 *fill*         0x00000000100083b6        0x2 
 .rodata.alarm_pool_get_default.str1.4
                0x00000000100083b8       0x21 CMakeFiles/firmware.dir/home/aiti-kace/opt/pico-sdk/src/common/pico_time/time.c.obj
 *fill*         0x00000000100083d9        0x3 
 .rodata.alarm_pool_cancel_alarm.str1.4
                0x00000000100083dc       0x27 CMakeFiles/firmware.dir/home/aiti-kace/opt/pico-sdk/src/common/pico_time/time.c.obj
 *fill*         0x0000000010008403        0x1 
 .rodata.sleep_until.str1.4
                0x0000000010008404       0x4d CMakeFiles/firmware.dir/home/aiti-kace/opt/pico-sdk/src/common/pico_time/time.c.obj
 *fill*         0x0000000010008451        0x3 
 .rodata.__func__.1
                0x0000000010008454       0x18 CMakeFiles/firmware.dir/home/aiti-kace/opt/pico-sdk/src/common/pico_time/time.c.obj
 .rodata.__func__.10
                0x000000001000846c       0x15 CMakeFiles/firmware.dir/home/aiti-kace/opt/pico-sdk/src/common/pico_time/time.c.obj
 *fill*         0x0000000010008481        0x3 
 .rodata.__func__.11
                0x0000000010008484       0x1a CMakeFiles/firmware.dir/home/aiti-kace/opt/pico-sdk/src/common/pico_time/time.c.obj
 *fill*         0x000000001000849e        0x2 
 .rodata.__func__.12
                0x00000000100084a0        0xa CMakeFiles/firmware.dir/home/aiti-kace/opt/pico-sdk/src/common/pico_time/time.c.obj
 *fill*         0x00000000100084aa        0x2 
 .rodata.__func__.3
                0x00000000100084ac       0x17 CMakeFiles/firmware.dir/home/aiti-kace/opt/pico-sdk/src/common/pico_time/time.c.obj
 *fill*         0x00000000100084c3        0x1 
 .rodata.__func__.4
                0x00000000100084c4       0x12 CMakeFiles/firmware.dir/home/aiti-kace/opt/pico-sdk/src/common/pico_time/time.c.obj
 *fill*         0x00000000100084d6        0x2 
 .rodata.__func__.5
                0x00000000100084d8        0xd CMakeFiles/firmware.dir/home/aiti-kace/opt/pico-sdk/src/common/pico_time/time.c.obj
 *fill*         0x00000000100084e5        0x3 
 .rodata.__func__.6
                0x00000000100084e8       0x12 CMakeFiles/firmware.dir/home/aiti-kace/opt/pico-sdk/src/common/pico_time/time.c.obj
 *fill*         0x00000000100084fa        0x2 
 .rodata.__func__.7
                0x00000000100084fc        0xf CMakeFiles/firmware.dir/home/aiti-kace/opt/pico-sdk/src/common/pico_time/time.c.obj
 *fill*         0x000000001000850b        0x1 
 .rodata.__func__.8
                0x000000001000850c        0xc CMakeFiles/firmware.dir/home/aiti-kace/opt/pico-sdk/src/common/pico_time/time.c.obj
 .rodata.__func__.9
                0x0000000010008518       0x15 CMakeFiles/firmware.dir/home/aiti-kace/opt/pico-sdk/src/common/pico_time/time.c.obj
 *fill*         0x000000001000852d        0x3 
 .rodata.hardware_alarm_claim.str1.4
                0x0000000010008530       0x22 CMakeFiles/firmware.dir/home/aiti-kace/opt/pico-sdk/src/rp2_common/hardware_timer/timer.c.obj
 *fill*         0x0000000010008552        0x2 
 .rodata.hardware_alarm_set_target.str1.4
                0x0000000010008554       0x67 CMakeFiles/firmware.dir/home/aiti-kace/opt/pico-sdk/src/rp2_common/hardware_timer/timer.c.obj
 *fill*         0x00000000100085bb        0x1 
 .rodata.__func__.0
                0x00000000100085bc       0x1a CMakeFiles/firmware.dir/home/aiti-kace/opt/pico-sdk/src/rp2_common/hardware_timer/timer.c.obj
 *fill*         0x00000000100085d6        0x2 
 .rodata.str1.4
                0x00000000100085d8       0x8d CMakeFiles/firmware.dir/home/aiti-kace/opt/pico-sdk/src/common/pico_sync/mutex.c.obj
                                         0xf1 (size before relaxing)
 *fill*         0x0000000010008665        0x3 
 .rodata.__func__.1
                0x0000000010008668        0xb CMakeFiles/firmware.dir/home/aiti-kace/opt/pico-sdk/src/common/pico_sync/mutex.c.obj
 *fill*         0x0000000010008673        0x1 
 .rodata.__func__.3
                0x0000000010008674       0x18 CMakeFiles/firmware.dir/home/aiti-kace/opt/pico-sdk/src/common/pico_sync/mutex.c.obj
 .rodata.__func__.4
                0x000000001000868c       0x15 CMakeFiles/firmware.dir/home/aiti-kace/opt/pico-sdk/src/common/pico_sync/mutex.c.obj
 .rodata.ph_add_child_node.str1.4
                0x00000000100086a1       0x96 CMakeFiles/firmware.dir/home/aiti-kace/opt/pico-sdk/src/common/pico_util/pheap.c.obj
 *fill*         0x00000000100086a1        0x3 
 .rodata.ph_remove_any_head.str1.4
                0x00000000100086a4       0x90 CMakeFiles/firmware.dir/home/aiti-kace/opt/pico-sdk/src/common/pico_util/pheap.c.obj
 .rodata.ph_remove_and_free_node.str1.4
                0x0000000010008734       0x26 CMakeFiles/firmware.dir/home/aiti-kace/opt/pico-sdk/src/common/pico_util/pheap.c.obj
 *fill*         0x000000001000875a        0x2 
 .rodata.__func__.0
                0x000000001000875c       0x18 CMakeFiles/firmware.dir/home/aiti-kace/opt/pico-sdk/src/common/pico_util/pheap.c.obj
 .rodata.__func__.1
                0x0000000010008774       0x13 CMakeFiles/firmware.dir/home/aiti-kace/opt/pico-sdk/src/common/pico_util/pheap.c.obj
 *fill*         0x0000000010008787        0x1 
 .rodata.__func__.2
                0x0000000010008788       0x12 CMakeFiles/firmware.dir/home/aiti-kace/opt/pico-sdk/src/common/pico_util/pheap.c.obj
 *fill*         0x000000001000879a        0x2 
 .rodata.__func__.3
                0x000000001000879c        0xc CMakeFiles/firmware.dir/home/aiti-kace/opt/pico-sdk/src/common/pico_util/pheap.c.obj
 .rodata.__assert_func.str1.4
                0x00000000100087a8       0x3f CMakeFiles/firmware.dir/home/aiti-kace/opt/pico-sdk/src/rp2_common/pico_runtime/runtime.c.obj
                                         0x43 (size before relaxing)
 *fill*         0x00000000100087e7        0x1 
 .rodata.runtime_init.str1.4
                0x00000000100087e8       0x63 CMakeFiles/firmware.dir/home/aiti-kace/opt/pico-sdk/src/rp2_common/pico_runtime/runtime.c.obj
 *fill*         0x000000001000884b        0x1 
 .rodata.panic.str1.4
                0x000000001000884c       0x10 CMakeFiles/firmware.dir/home/aiti-kace/opt/pico-sdk/src/rp2_common/pico_runtime/runtime.c.obj
                                         0x12 (size before relaxing)
 .rodata.__func__.1
                0x000000001000885c        0xd CMakeFiles/firmware.dir/home/aiti-kace/opt/pico-sdk/src/rp2_common/pico_runtime/runtime.c.obj
 *fill*         0x0000000010008869        0x3 
 .rodata.clock_configure.str1.4
                0x000000001000886c       0x59 CMakeFiles/firmware.dir/home/aiti-kace/opt/pico-sdk/src/rp2_common/hardware_clocks/clocks.c.obj
 *fill*         0x00000000100088c5        0x3 
 .rodata.__func__.1
                0x00000000100088c8       0x10 CMakeFiles/firmware.dir/home/aiti-kace/opt/pico-sdk/src/rp2_common/hardware_clocks/clocks.c.obj
 .rodata.make_branch.str1.4
                0x00000000100088d8       0x4f CMakeFiles/firmware.dir/home/aiti-kace/opt/pico-sdk/src/rp2_common/hardware_irq/irq.c.obj
 *fill*         0x0000000010008927        0x1 
 .rodata.irq_set_exclusive_handler.str1.4
                0x0000000010008928       0x36 CMakeFiles/firmware.dir/home/aiti-kace/opt/pico-sdk/src/rp2_common/hardware_irq/irq.c.obj
 *fill*         0x000000001000895e        0x2 
 .rodata.irq_add_shared_handler.str1.4
                0x0000000010008960       0xd9 CMakeFiles/firmware.dir/home/aiti-kace/opt/pico-sdk/src/rp2_common/hardware_irq/irq.c.obj
 *fill*         0x0000000010008a39        0x3 
 .rodata.irq_remove_handler.str1.4
                0x0000000010008a3c       0x2a CMakeFiles/firmware.dir/home/aiti-kace/opt/pico-sdk/src/rp2_common/hardware_irq/irq.c.obj
 *fill*         0x0000000010008a66        0x2 
 .rodata.irq_add_tail_to_free_list.str1.4
                0x0000000010008a68       0x32 CMakeFiles/firmware.dir/home/aiti-kace/opt/pico-sdk/src/rp2_common/hardware_irq/irq.c.obj
                                         0x3a (size before relaxing)
 *fill*         0x0000000010008a9a        0x2 
 .rodata.__func__.0
                0x0000000010008a9c       0x1a CMakeFiles/firmware.dir/home/aiti-kace/opt/pico-sdk/src/rp2_common/hardware_irq/irq.c.obj
 *fill*         0x0000000010008ab6        0x2 
 .rodata.__func__.1
                0x0000000010008ab8       0x17 CMakeFiles/firmware.dir/home/aiti-kace/opt/pico-sdk/src/rp2_common/hardware_irq/irq.c.obj
 *fill*         0x0000000010008acf        0x1 
 .rodata.__func__.2
                0x0000000010008ad0       0x13 CMakeFiles/firmware.dir/home/aiti-kace/opt/pico-sdk/src/rp2_common/hardware_irq/irq.c.obj
 *fill*         0x0000000010008ae3        0x1 
 .rodata.__func__.3
                0x0000000010008ae4        0xc CMakeFiles/firmware.dir/home/aiti-kace/opt/pico-sdk/src/rp2_common/hardware_irq/irq.c.obj
 .rodata.__func__.4
                0x0000000010008af0        0xf CMakeFiles/firmware.dir/home/aiti-kace/opt/pico-sdk/src/rp2_common/hardware_irq/irq.c.obj
 *fill*         0x0000000010008aff        0x1 
 .rodata.__func__.6
                0x0000000010008b00       0x1a CMakeFiles/firmware.dir/home/aiti-kace/opt/pico-sdk/src/rp2_common/hardware_irq/irq.c.obj
 *fill*         0x0000000010008b1a        0x2 
 .rodata.pll_init.str1.4
                0x0000000010008b1c       0xdb CMakeFiles/firmware.dir/home/aiti-kace/opt/pico-sdk/src/rp2_common/hardware_pll/pll.c.obj
 *fill*         0x0000000010008bf7        0x1 
 .rodata.__func__.0
                0x0000000010008bf8        0x9 CMakeFiles/firmware.dir/home/aiti-kace/opt/pico-sdk/src/rp2_common/hardware_pll/pll.c.obj
 *fill*         0x0000000010008c01        0x3 
 .rodata._ftoa.str1.4
                0x0000000010008c04       0x15 CMakeFiles/firmware.dir/home/aiti-kace/opt/pico-sdk/src/rp2_common/pico_printf/printf.c.obj
 *fill*         0x0000000010008c19        0x3 
 .rodata._vsnprintf
                0x0000000010008c1c      0x1e0 CMakeFiles/firmware.dir/home/aiti-kace/opt/pico-sdk/src/rp2_common/pico_printf/printf.c.obj
 *fill*         0x0000000010008dfc        0x4 
 .rodata.pow10.0
                0x0000000010008e00       0x50 CMakeFiles/firmware.dir/home/aiti-kace/opt/pico-sdk/src/rp2_common/pico_printf/printf.c.obj
 .rodata.__aeabi_double_init.str1.4
                0x0000000010008e50       0xaa CMakeFiles/firmware.dir/home/aiti-kace/opt/pico-sdk/src/rp2_common/pico_double/double_init_rom.c.obj
 *fill*         0x0000000010008efa        0x2 
 .rodata.__func__.0
                0x0000000010008efc       0x14 CMakeFiles/firmware.dir/home/aiti-kace/opt/pico-sdk/src/rp2_common/pico_double/double_init_rom.c.obj
 .rodata.__aeabi_float_init.str1.4
                0x0000000010008f10       0x7c CMakeFiles/firmware.dir/home/aiti-kace/opt/pico-sdk/src/rp2_common/pico_float/float_init_rom.c.obj
                                         0x80 (size before relaxing)
 .rodata.__func__.0
                0x0000000010008f8c       0x13 CMakeFiles/firmware.dir/home/aiti-kace/opt/pico-sdk/src/rp2_common/pico_float/float_init_rom.c.obj
 *fill*         0x0000000010008f9f        0x1 
 .rodata.__wrap_malloc.str1.4
                0x0000000010008fa0        0xe CMakeFiles/firmware.dir/home/aiti-kace/opt/pico-sdk/src/rp2_common/pico_malloc/pico_malloc.c.obj
 *fill*         0x0000000010008fae        0x2 
 .rodata.str1.4
                0x0000000010008fb0       0x40 CMakeFiles/firmware.dir/home/aiti-kace/opt/pico-sdk/src/rp2_common/pico_standard_link/binary_info.c.obj
 .rodata.__bi_44
                0x0000000010008ff0        0xc CMakeFiles/firmware.dir/home/aiti-kace/opt/pico-sdk/src/rp2_common/pico_standard_link/binary_info.c.obj
 .rodata.__bi_75
                0x0000000010008ffc        0xc CMakeFiles/firmware.dir/home/aiti-kace/opt/pico-sdk/src/rp2_common/pico_standard_link/binary_info.c.obj
 .rodata.__bi_81
                0x0000000010009008        0xc CMakeFiles/firmware.dir/home/aiti-kace/opt/pico-sdk/src/rp2_common/pico_standard_link/binary_info.c.obj
 .rodata.crlf_str.3
                0x0000000010009014        0x2 CMakeFiles/firmware.dir/home/aiti-kace/opt/pico-sdk/src/rp2_common/pico_stdio/stdio.c.obj
 *fill*         0x0000000010009016        0x2 
 .rodata._resetd_driver
                0x0000000010009018       0x18 CMakeFiles/firmware.dir/home/aiti-kace/opt/pico-sdk/src/rp2_common/pico_stdio_usb/reset_interface.c.obj
 .rodata.stdio_usb_init.str1.4
                0x0000000010009030       0x63 CMakeFiles/firmware.dir/home/aiti-kace/opt/pico-sdk/src/rp2_common/pico_stdio_usb/stdio_usb.c.obj
 .rodata.str1.4
                0x0000000010009030       0x13 CMakeFiles/firmware.dir/home/aiti-kace/opt/pico-sdk/src/rp2_common/pico_stdio_usb/stdio_usb.c.obj
 *fill*         0x0000000010009043        0x1 
 .rodata.__bi_93.1
                0x0000000010009044        0xc CMakeFiles/firmware.dir/home/aiti-kace/opt/pico-sdk/src/rp2_common/pico_stdio_usb/stdio_usb.c.obj
 .rodata.__func__.0
                0x0000000010009050       0x15 CMakeFiles/firmware.dir/home/aiti-kace/opt/pico-sdk/src/rp2_common/pico_stdio_usb/stdio_usb.c.obj
 *fill*         0x0000000010009065        0x3 
 .rodata.str1.4
                0x0000000010009068       0x2a CMakeFiles/firmware.dir/home/aiti-kace/opt/pico-sdk/src/rp2_common/pico_stdio_usb/stdio_usb_descriptors.c.obj
 *fill*         0x0000000010009092        0x2 
 .rodata.usbd_desc_cfg
                0x0000000010009094       0x54 CMakeFiles/firmware.dir/home/aiti-kace/opt/pico-sdk/src/rp2_common/pico_stdio_usb/stdio_usb_descriptors.c.obj
 .rodata.usbd_desc_device
                0x00000000100090e8       0x12 CMakeFiles/firmware.dir/home/aiti-kace/opt/pico-sdk/src/rp2_common/pico_stdio_usb/stdio_usb_descriptors.c.obj
 *fill*         0x00000000100090fa        0x2 
 .rodata.usbd_desc_str
                0x00000000100090fc       0x18 CMakeFiles/firmware.dir/home/aiti-kace/opt/pico-sdk/src/rp2_common/pico_stdio_usb/stdio_usb_descriptors.c.obj
 .rodata._hw_endpoint_alloc.str1.4
                0x0000000010009114       0xb9 CMakeFiles/firmware.dir/home/aiti-kace/opt/pico-sdk/lib/tinyusb/src/portable/raspberrypi/rp2040/dcd_rp2040.c.obj
 *fill*         0x00000000100091cd        0x3 
 .rodata.dcd_rp2040_irq.str1.4
                0x00000000100091d0       0x14 CMakeFiles/firmware.dir/home/aiti-kace/opt/pico-sdk/lib/tinyusb/src/portable/raspberrypi/rp2040/dcd_rp2040.c.obj
 .rodata.dcd_int_enable.str1.4
                0x00000000100091e4        0xc CMakeFiles/firmware.dir/home/aiti-kace/opt/pico-sdk/lib/tinyusb/src/portable/raspberrypi/rp2040/dcd_rp2040.c.obj
 .rodata.__func__.0
                0x00000000100091f0        0xe CMakeFiles/firmware.dir/home/aiti-kace/opt/pico-sdk/lib/tinyusb/src/portable/raspberrypi/rp2040/dcd_rp2040.c.obj
 *fill*         0x00000000100091fe        0x2 
 .rodata.__func__.1
                0x0000000010009200        0xe CMakeFiles/firmware.dir/home/aiti-kace/opt/pico-sdk/lib/tinyusb/src/portable/raspberrypi/rp2040/dcd_rp2040.c.obj
 *fill*         0x000000001000920e        0x2 
 .rodata.__func__.3
                0x0000000010009210       0x10 CMakeFiles/firmware.dir/home/aiti-kace/opt/pico-sdk/lib/tinyusb/src/portable/raspberrypi/rp2040/dcd_rp2040.c.obj
 .rodata.__func__.5
                0x0000000010009220        0xf CMakeFiles/firmware.dir/home/aiti-kace/opt/pico-sdk/lib/tinyusb/src/portable/raspberrypi/rp2040/dcd_rp2040.c.obj
 *fill*         0x000000001000922f        0x1 
 .rodata.__func__.6
                0x0000000010009230       0x13 CMakeFiles/firmware.dir/home/aiti-kace/opt/pico-sdk/lib/tinyusb/src/portable/raspberrypi/rp2040/dcd_rp2040.c.obj
 *fill*         0x0000000010009243        0x1 
 .rodata.__func__.7
                0x0000000010009244        0x9 CMakeFiles/firmware.dir/home/aiti-kace/opt/pico-sdk/lib/tinyusb/src/portable/raspberrypi/rp2040/dcd_rp2040.c.obj
 *fill*         0x000000001000924d        0x3 
 .rodata.sync_ep_buffer.str1.4
                0x0000000010009250       0x95 CMakeFiles/firmware.dir/home/aiti-kace/opt/pico-sdk/lib/tinyusb/src/portable/raspberrypi/rp2040/rp2040_usb.c.obj
 *fill*         0x00000000100092e5        0x3 
 .rodata._hw_endpoint_buffer_control_update32.str1.4
                0x00000000100092e8       0x1f CMakeFiles/firmware.dir/home/aiti-kace/opt/pico-sdk/lib/tinyusb/src/portable/raspberrypi/rp2040/rp2040_usb.c.obj
 *fill*         0x0000000010009307        0x1 
 .rodata.hw_endpoint_xfer_start.str1.4
                0x0000000010009308       0x38 CMakeFiles/firmware.dir/home/aiti-kace/opt/pico-sdk/lib/tinyusb/src/portable/raspberrypi/rp2040/rp2040_usb.c.obj
 .rodata.hw_endpoint_xfer_continue.str1.4
                0x0000000010009340       0x29 CMakeFiles/firmware.dir/home/aiti-kace/opt/pico-sdk/lib/tinyusb/src/portable/raspberrypi/rp2040/rp2040_usb.c.obj
 *fill*         0x0000000010009369        0x3 
 .rodata.str1.4
                0x000000001000936c        0x7 CMakeFiles/firmware.dir/home/aiti-kace/opt/pico-sdk/lib/tinyusb/src/portable/raspberrypi/rp2040/rp2040_usb.c.obj
 *fill*         0x0000000010009373        0x1 
 .rodata.__func__.0
                0x0000000010009374        0xf CMakeFiles/firmware.dir/home/aiti-kace/opt/pico-sdk/lib/tinyusb/src/portable/raspberrypi/rp2040/rp2040_usb.c.obj
 *fill*         0x0000000010009383        0x1 
 .rodata.process_set_config.str1.4
                0x0000000010009384       0x17 CMakeFiles/firmware.dir/home/aiti-kace/opt/pico-sdk/lib/tinyusb/src/device/usbd.c.obj
 *fill*         0x000000001000939b        0x1 
 .rodata.process_get_descriptor
                0x000000001000939c       0x40 CMakeFiles/firmware.dir/home/aiti-kace/opt/pico-sdk/lib/tinyusb/src/device/usbd.c.obj
 .rodata.process_control_request
                0x00000000100093dc       0x28 CMakeFiles/firmware.dir/home/aiti-kace/opt/pico-sdk/lib/tinyusb/src/device/usbd.c.obj
 .rodata.tud_task
                0x0000000010009404       0x24 CMakeFiles/firmware.dir/home/aiti-kace/opt/pico-sdk/lib/tinyusb/src/device/usbd.c.obj
 .rodata.__func__.2
                0x0000000010009428        0xf CMakeFiles/firmware.dir/home/aiti-kace/opt/pico-sdk/lib/tinyusb/src/device/usbd.c.obj
 *fill*         0x0000000010009437        0x1 
 .rodata.__func__.3
                0x0000000010009438        0xf CMakeFiles/firmware.dir/home/aiti-kace/opt/pico-sdk/lib/tinyusb/src/device/usbd.c.obj
 *fill*         0x0000000010009447        0x1 
 .rodata.__func__.4
                0x0000000010009448       0x14 CMakeFiles/firmware.dir/home/aiti-kace/opt/pico-sdk/lib/tinyusb/src/device/usbd.c.obj
 .rodata.__func__.5
                0x000000001000945c       0x10 CMakeFiles/firmware.dir/home/aiti-kace/opt/pico-sdk/lib/tinyusb/src/device/usbd.c.obj
 .rodata.__func__.6
                0x000000001000946c       0x17 CMakeFiles/firmware.dir/home/aiti-kace/opt/pico-sdk/lib/tinyusb/src/device/usbd.c.obj
 *fill*         0x0000000010009483        0x1 
 .rodata.__func__.7
                0x0000000010009484       0x13 CMakeFiles/firmware.dir/home/aiti-kace/opt/pico-sdk/lib/tinyusb/src/device/usbd.c.obj
 *fill*         0x0000000010009497        0x1 
 .rodata.__func__.8
                0x0000000010009498       0x18 CMakeFiles/firmware.dir/home/aiti-kace/opt/pico-sdk/lib/tinyusb/src/device/usbd.c.obj
 .rodata.__func__.9
                0x00000000100094b0        0x9 CMakeFiles/firmware.dir/home/aiti-kace/opt/pico-sdk/lib/tinyusb/src/device/usbd.c.obj
 *fill*         0x00000000100094b9        0x3 
 .rodata._usbd_driver
                0x00000000100094bc       0x18 CMakeFiles/firmware.dir/home/aiti-kace/opt/pico-sdk/lib/tinyusb/src/device/usbd.c.obj
 .rodata.tud_control_xfer.str1.4
                0x00000000100094d4       0x17 CMakeFiles/firmware.dir/home/aiti-kace/opt/pico-sdk/lib/tinyusb/src/device/usbd_control.c.obj
 .rodata.__func__.0
                0x00000000100094d4       0x15 CMakeFiles/firmware.dir/home/aiti-kace/opt/pico-sdk/lib/tinyusb/src/device/usbd_control.c.obj
 *fill*         0x00000000100094e9        0x3 
 .rodata.__func__.1
                0x00000000100094ec       0x11 CMakeFiles/firmware.dir/home/aiti-kace/opt/pico-sdk/lib/tinyusb/src/device/usbd_control.c.obj
 .rodata.tud_cdc_n_write_flush.str1.4
                0x00000000100094fd       0x17 CMakeFiles/firmware.dir/home/aiti-kace/opt/pico-sdk/lib/tinyusb/src/class/cdc/cdc_device.c.obj
 *fill*         0x00000000100094fd        0x3 
 .rodata.__func__.0
                0x0000000010009500        0xd CMakeFiles/firmware.dir/home/aiti-kace/opt/pico-sdk/lib/tinyusb/src/class/cdc/cdc_device.c.obj
 *fill*         0x000000001000950d        0x3 
 .rodata.__func__.1
                0x0000000010009510        0xa CMakeFiles/firmware.dir/home/aiti-kace/opt/pico-sdk/lib/tinyusb/src/class/cdc/cdc_device.c.obj
 *fill*         0x000000001000951a        0x2 
 .rodata.__func__.2
                0x000000001000951c       0x16 CMakeFiles/firmware.dir/home/aiti-kace/opt/pico-sdk/lib/tinyusb/src/class/cdc/cdc_device.c.obj
 .rodata.tusb_init.str1.4
                0x0000000010009532       0x17 CMakeFiles/firmware.dir/home/aiti-kace/opt/pico-sdk/lib/tinyusb/src/tusb.c.obj
 *fill*         0x0000000010009532        0x2 
 .rodata.__func__.0
                0x0000000010009534       0x11 CMakeFiles/firmware.dir/home/aiti-kace/opt/pico-sdk/lib/tinyusb/src/tusb.c.obj
 *fill*         0x0000000010009545        0x3 
 .rodata.__func__.1
                0x0000000010009548        0xa CMakeFiles/firmware.dir/home/aiti-kace/opt/pico-sdk/lib/tinyusb/src/tusb.c.obj
 *fill*         0x0000000010009552        0x2 
 .rodata.pico_get_unique_board_id_string.str1.4
                0x0000000010009554       0x4f CMakeFiles/firmware.dir/home/aiti-kace/opt/pico-sdk/src/rp2_common/pico_unique_id/unique_id.c.obj
 *fill*         0x00000000100095a3        0x1 
 .rodata.__func__.0
                0x00000000100095a4       0x20 CMakeFiles/firmware.dir/home/aiti-kace/opt/pico-sdk/src/rp2_common/pico_unique_id/unique_id.c.obj
 .rodata.str1.4
                0x00000000100095c4      0x15a CMakeFiles/firmware.dir/home/aiti-kace/opt/pico-sdk/src/rp2_common/hardware_flash/flash.c.obj
 *fill*         0x000000001000971e        0x2 
 .rodata.__func__.0
                0x0000000010009720        0xd CMakeFiles/firmware.dir/home/aiti-kace/opt/pico-sdk/src/rp2_common/hardware_flash/flash.c.obj
                0x0000000010009730                . = ALIGN (0x4)
 *fill*         0x000000001000972d        0x3 
 *(SORT_BY_ALIGNMENT(SORT_BY_NAME(.flashdata*)))
                0x0000000010009730                . = ALIGN (0x4)

.rel.dyn        0x0000000010009730        0x0
 .rel.iplt      0x0000000010009730        0x0 /home/aiti-kace/opt/gcc-arm-none-eabi-10.3-2021.10/bin/../lib/gcc/arm-none-eabi/10.3.1/thumb/v6-m/nofp/crtbegin.o

.ARM.extab
 *(.ARM.extab* .gnu.linkonce.armextab.*)
                0x0000000010009730                __exidx_start = .

.ARM.exidx
 *(.ARM.exidx* .gnu.linkonce.armexidx.*)
                0x0000000010009730                __exidx_end = .
                0x0000000010009730                . = ALIGN (0x4)
                0x0000000010009730                __binary_info_start = .

.binary_info    0x0000000010009730       0x20
 *(.binary_info.keep.*)
 .binary_info.keep.__bi_ptr22
                0x0000000010009730        0x4 CMakeFiles/firmware.dir/home/aiti-kace/opt/pico-sdk/src/rp2_common/pico_standard_link/binary_info.c.obj
 .binary_info.keep.__bi_ptr30
                0x0000000010009734        0x4 CMakeFiles/firmware.dir/home/aiti-kace/opt/pico-sdk/src/rp2_common/pico_standard_link/binary_info.c.obj
 .binary_info.keep.__bi_ptr38
                0x0000000010009738        0x4 CMakeFiles/firmware.dir/home/aiti-kace/opt/pico-sdk/src/rp2_common/pico_standard_link/binary_info.c.obj
 .binary_info.keep.__bi_ptr44
                0x000000001000973c        0x4 CMakeFiles/firmware.dir/home/aiti-kace/opt/pico-sdk/src/rp2_common/pico_standard_link/binary_info.c.obj
 .binary_info.keep.__bi_ptr50