Archive member included to satisfy reference by file (symbol)

/home/aiti-kace/opt/gcc-arm-none-eabi-10.3-2021.10/bin/../lib/gcc/arm-none-eabi/10.3.1/thumb/v6-m/nofp/libgcc.a(_dvmd_tls.o)
                              CMakeFiles/firmware.dir/home/aiti-kace/opt/pico-sdk/src/rp2_common/pico_divider/divider.S.obj (__aeabi_idiv0)
/home/aiti-kace/opt/gcc-arm-none-eabi-10.3-2021.10/bin/../lib/gcc/arm-none-eabi/10.3.1/../../../../arm-none-eabi/lib/thumb/v6-m/nofp/libg.a(lib_a-calloc.o)
                              CMakeFiles/firmware.dir/home/aiti-kace/opt/pico-sdk/src/rp2_common/pico_malloc/pico_malloc.c.obj (calloc)
/home/aiti-kace/opt/gcc-arm-none-eabi-10.3-2021.10/bin/../lib/gcc/arm-none-eabi/10.3.1/../../../../arm-none-eabi/lib/thumb/v6-m/nofp/libg.a(lib_a-callocr.o)
                              /home/aiti-kace/opt/gcc-arm-none-eabi-10.3-2021.10/bin/../lib/gcc/arm-none-eabi/10.3.1/../../../../arm-none-eabi/lib/thumb/v6-m/nofp/libg.a(lib_a-calloc.o) (_calloc_r)
/home/aiti-kace/opt/gcc-arm-none-eabi-10.3-2021.10/bin/../lib/gcc/arm-none-eabi/10.3.1/../../../../arm-none-eabi/lib/thumb/v6-m/nofp/libg.a(lib_a-ctype_.o)
                              CMakeFiles/firmware.dir/home/aiti-kace/opt/pico-sdk/lib/tinyusb/src/tusb.c.obj (_ctype_)
/home/aiti-kace/opt/gcc-arm-none-eabi-10.3-2021.10/bin/../lib/gcc/arm-none-eabi/10.3.1/../../../../arm-none-eabi/lib/thumb/v6-m/nofp/libg.a(lib_a-errno.o)
                              /home/aiti-kace/opt/gcc-arm-none-eabi-10.3-2021.10/bin/../lib/gcc/arm-none-eabi/10.3.1/../../../../arm-none-eabi/lib/thumb/v6-m/nofp/libg.a(lib_a-callocr.o) (__errno)
/home/aiti-kace/opt/gcc-arm-none-eabi-10.3-2021.10/bin/../lib/gcc/arm-none-eabi/10.3.1/../../../../arm-none-eabi/lib/thumb/v6-m/nofp/libg.a(lib_a-impure.o)
                              /home/aiti-kace/opt/gcc-arm-none-eabi-10.3-2021.10/bin/../lib/gcc/arm-none-eabi/10.3.1/../../../../arm-none-eabi/lib/thumb/v6-m/nofp/libg.a(lib_a-calloc.o) (_impure_ptr)
/home/aiti-kace/opt/gcc-arm-none-eabi-10.3-2021.10/bin/../lib/gcc/arm-none-eabi/10.3.1/../../../../arm-none-eabi/lib/thumb/v6-m/nofp/libg.a(lib_a-init.o)
                              /home/aiti-kace/opt/gcc-arm-none-eabi-10.3-2021.10/bin/../lib/gcc/arm-none-eabi/10.3.1/../../../../arm-none-eabi/lib/thumb/v6-m/nofp/crt0.o (__libc_init_array)
/home/aiti-kace/opt/gcc-arm-none-eabi-10.3-2021.10/bin/../lib/gcc/arm-none-eabi/10.3.1/../../../../arm-none-eabi/lib/thumb/v6-m/nofp/libg.a(lib_a-malloc.o)
                              CMakeFiles/firmware.dir/home/aiti-kace/opt/pico-sdk/src/rp2_common/pico_malloc/pico_malloc.c.obj (malloc)
/home/aiti-kace/opt/gcc-arm-none-eabi-10.3-2021.10/bin/../lib/gcc/arm-none-eabi/10.3.1/../../../../arm-none-eabi/lib/thumb/v6-m/nofp/libg.a(lib_a-mallocr.o)
                              /home/aiti-kace/opt/gcc-arm-none-eabi-10.3-2021.10/bin/../lib/gcc/arm-none-eabi/10.3.1/../../../../arm-none-eabi/lib/thumb/v6-m/nofp/libg.a(lib_a-callocr.o) (_malloc_r)
/home/aiti-kace/opt/gcc-arm-none-eabi-10.3-2021.10/bin/../lib/gcc/arm-none-eabi/10.3.1/../../../../arm-none-eabi/lib/thumb/v6-m/nofp/libg.a(lib_a-mlock.o)
                              /home/aiti-kace/opt/gcc-arm-none-eabi-10.3-2021.10/bin/../lib/gcc/arm-none-eabi/10.3.1/../../../../arm-none-eabi/lib/thumb/v6-m/nofp/libg.a(lib_a-mallocr.o) (__malloc_lock)
/home/aiti-kace/opt/gcc-arm-none-eabi-10.3-2021.10/bin/../lib/gcc/arm-none-eabi/10.3.1/../../../../arm-none-eabi/lib/thumb/v6-m/nofp/libg.a(lib_a-sbrkr.o)
                              /home/aiti-kace/opt/gcc-arm-none-eabi-10.3-2021.10/bin/../lib/gcc/arm-none-eabi/10.3.1/../../../../arm-none-eabi/lib/thumb/v6-m/nofp/libg.a(lib_a-mallocr.o) (_sbrk_r)
/home/aiti-kace/opt/gcc-arm-none-eabi-10.3-2021.10/bin/../lib/gcc/arm-none-eabi/10.3.1/../../../../arm-none-eabi/lib/thumb/v6-m/nofp/libg.a(lib_a-strlen-stub.o)
                              CMakeFiles/firmware.dir/src/rak4270.c.obj (strlen)
/home/aiti-kace/opt/gcc-arm-none-eabi-10.3-2021.10/bin/../lib/gcc/arm-none-eabi/10.3.1/../../../../arm-none-eabi/lib/thumb/v6-m/nofp/libg.a(lib_a-freer.o)
                              /home/aiti-kace/opt/gcc-arm-none-eabi-10.3-2021.10/bin/../lib/gcc/arm-none-eabi/10.3.1/../../../../arm-none-eabi/lib/thumb/v6-m/nofp/libg.a(lib_a-malloc.o) (_free_r)
/home/aiti-kace/opt/gcc-arm-none-eabi-10.3-2021.10/bin/../lib/gcc/arm-none-eabi/10.3.1/../../../../arm-none-eabi/lib/thumb/v6-m/nofp/libg.a(lib_a-lock.o)
                              /home/aiti-kace/opt/gcc-arm-none-eabi-10.3-2021.10/bin/../lib/gcc/arm-none-eabi/10.3.1/../../../../arm-none-eabi/lib/thumb/v6-m/nofp/libg.a(lib_a-mlock.o) (__retarget_lock_acquire_recursive)
/home/aiti-kace/opt/gcc-arm-none-eabi-10.3-2021.10/bin/../lib/gcc/arm-none-eabi/10.3.1/../../../../arm-none-eabi/lib/thumb/v6-m/nofp/libg.a(lib_a-reent.o)
                              /home/aiti-kace/opt/gcc-arm-none-eabi-10.3-2021.10/bin/../lib/gcc/arm-none-eabi/10.3.1/../../../../arm-none-eabi/lib/thumb/v6-m/nofp/libg.a(lib_a-sbrkr.o) (errno)

[...]
Memory Configuration

Name             Origin             Length             Attributes
FLASH            0x0000000010000000 0x0000000000200000 xr
RAM              0x0000000020000000 0x0000000000040000 xrw
SCRATCH_X        0x0000000020040000 0x0000000000001000 xrw
SCRATCH_Y        0x0000000020041000 0x0000000000001000 xrw
*default*        0x0000000000000000 0xffffffffffffffff

Linker script and memory map

LOAD /home/aiti-kace/opt/gcc-arm-none-eabi-10.3-2021.10/bin/../lib/gcc/arm-none-eabi/10.3.1/thumb/v6-m/nofp/crti.o
LOAD /home/aiti-kace/opt/gcc-arm-none-eabi-10.3-2021.10/bin/../lib/gcc/arm-none-eabi/10.3.1/thumb/v6-m/nofp/crtbegin.o
LOAD /home/aiti-kace/opt/gcc-arm-none-eabi-10.3-2021.10/bin/../lib/gcc/arm-none-eabi/10.3.1/../../../../arm-none-eabi/lib/thumb/v6-m/nofp/crt0.o

.flash_begin    0x0000000010000000        0x0
                0x0000000010000000                __flash_binary_start = .

.boot2          0x0000000010000000      0x100
                0x0000000010000000                __boot2_start__ = .
 *(.boot2)
 .boot2         0x0000000010000000      0x100 /tmp/ccIUkX2z.o
                0x0000000010000100                __boot2_end__ = .
                0x0000000000000001                ASSERT (((__boot2_end__ - __boot2_start__) == 0x100), ERROR: Pico second stage bootloader must be 256 bytes in size)

.text           0x0000000010000100     0x7e40
                0x0000000010000100                __logical_binary_start = .
 *(.vectors)
 .vectors       0x0000000010000100       0xd4 CMakeFiles/firmware.dir/home/aiti-kace/opt/pico-sdk/src/rp2_common/pico_standard_link/crt0.S.obj
                0x0000000010000100                __vectors
                0x0000000010000100                __VECTOR_TABLE
                0x00000000100001c0                isr_invalid
                0x00000000100001c0                __default_isrs_start
                0x00000000100001c2                isr_nmi
                0x00000000100001c4                isr_hardfault
                0x00000000100001c6                isr_svcall
                0x00000000100001c8                isr_pendsv
                0x00000000100001ca                isr_systick
                0x00000000100001cc                isr_irq30
                0x00000000100001cc                __unhandled_user_irq
                0x00000000100001cc                isr_irq13
                0x00000000100001cc                isr_irq27
                0x00000000100001cc                isr_irq31
                0x00000000100001cc                isr_irq5
                0x00000000100001cc                isr_irq11
                0x00000000100001cc                isr_irq23
                0x00000000100001cc                isr_irq18
                0x00000000100001cc                isr_irq28
                0x00000000100001cc                isr_irq19
                0x00000000100001cc                isr_irq0
                0x00000000100001cc                isr_irq6
                0x00000000100001cc                isr_irq22
                0x00000000100001cc                isr_irq17
                0x00000000100001cc                isr_irq14
                0x00000000100001cc                isr_irq2
                0x00000000100001cc                isr_irq10
                0x00000000100001cc                isr_irq8
                0x00000000100001cc                isr_irq24
                0x00000000100001cc                isr_irq1
                0x00000000100001cc                isr_irq7
                0x00000000100001cc                isr_irq21
                0x00000000100001cc                isr_irq20
                0x00000000100001cc                isr_irq15
                0x00000000100001cc                isr_irq25
                0x00000000100001cc                isr_irq4
                0x00000000100001cc                isr_irq16
                0x00000000100001cc                isr_irq29
                0x00000000100001cc                isr_irq26
                0x00000000100001cc                __default_isrs_end
                0x00000000100001cc                isr_irq3
                0x00000000100001cc                isr_irq12
                0x00000000100001cc                isr_irq9
                0x00000000100001d2                unhandled_user_irq_num_in_r0
 *(.binary_info_header)
 .binary_info_header
                0x00000000100001d4       0x14 CMakeFiles/firmware.dir/home/aiti-kace/opt/pico-sdk/src/rp2_common/pico_standard_link/crt0.S.obj
                0x00000000100001e8                __binary_info_header_end = .
 *(.reset)
 .reset         0x00000000100001e8       0xa8 CMakeFiles/firmware.dir/home/aiti-kace/opt/pico-sdk/src/rp2_common/pico_standard_link/crt0.S.obj
                0x00000000100001e8                _entry_point
                0x0000000010000266                __get_current_exception
 .reset         0x0000000010000290       0x30 CMakeFiles/firmware.dir/home/aiti-kace/opt/pico-sdk/src/rp2_common/pico_standard_link/binary_info.c.obj
 *(.init)
 .init          0x00000000100002c0        0x4 /home/aiti-kace/opt/gcc-arm-none-eabi-10.3-2021.10/bin/../lib/gcc/arm-none-eabi/10.3.1/thumb/v6-m/nofp/crti.o
                0x00000000100002c0                _init
 *(EXCLUDE_FILE(*libm.a: *libc.a:*lib_a-mem*.o *libgcc.a:) .text*)
 .text          0x00000000100002c4       0x48 /home/aiti-kace/opt/gcc-arm-none-eabi-10.3-2021.10/bin/../lib/gcc/arm-none-eabi/10.3.1/thumb/v6-m/nofp/crtbegin.o
 .text.staticVar
                0x000000001000030c       0x40 CMakeFiles/firmware.dir/src/main.c.obj
                0x000000001000030c                staticVar
 .text.var      0x000000001000034c       0x34 CMakeFiles/firmware.dir/src/main.c.obj
                0x000000001000034c                var
 .text.main     0x0000000010000380      0x224 CMakeFiles/firmware.dir/src/main.c.obj
                0x0000000010000380                main
 .text.strToHex
                0x00000000100005a4       0x30 CMakeFiles/firmware.dir/src/rak4270.c.obj
 .text.rak4270_setup
                0x00000000100005d4       0x3c CMakeFiles/firmware.dir/src/rak4270.c.obj
                0x00000000100005d4                rak4270_setup
 .text.rak4270_send_cmd
                0x0000000010000610       0x98 CMakeFiles/firmware.dir/src/rak4270.c.obj
                0x0000000010000610                rak4270_send_cmd
 .text.rak4270_send_cmd_payload
                0x00000000100006a8       0xc0 CMakeFiles/firmware.dir/src/rak4270.c.obj
                0x00000000100006a8                rak4270_send_cmd_payload
 .text.gpio_set_function
                0x0000000010000768       0x30 CMakeFiles/firmware.dir/home/aiti-kace/opt/pico-sdk/src/rp2_common/hardware_gpio/gpio.c.obj
                0x0000000010000768                gpio_set_function
 .text.gpio_set_pulls
                0x0000000010000798       0x34 CMakeFiles/firmware.dir/home/aiti-kace/opt/pico-sdk/src/rp2_common/hardware_gpio/gpio.c.obj
                0x0000000010000798                gpio_set_pulls
 .text.gpio_set_input_enabled
                0x00000000100007cc       0x30 CMakeFiles/firmware.dir/home/aiti-kace/opt/pico-sdk/src/rp2_common/hardware_gpio/gpio.c.obj
                0x00000000100007cc                gpio_set_input_enabled
 .text.gpio_init
                0x00000000100007fc       0x16 CMakeFiles/firmware.dir/home/aiti-kace/opt/pico-sdk/src/rp2_common/hardware_gpio/gpio.c.obj
                0x00000000100007fc                gpio_init
 *fill*         0x0000000010000812        0x2 
 .text.hw_claim_lock
                0x0000000010000814       0x18 CMakeFiles/firmware.dir/home/aiti-kace/opt/pico-sdk/src/rp2_common/hardware_claim/claim.c.obj
                0x0000000010000814                hw_claim_lock
 .text.hw_claim_unlock
                0x000000001000082c       0x14 CMakeFiles/firmware.dir/home/aiti-kace/opt/pico-sdk/src/rp2_common/hardware_claim/claim.c.obj
                0x000000001000082c                hw_claim_unlock
 .text.hw_claim_or_assert
                0x0000000010000840       0x32 CMakeFiles/firmware.dir/home/aiti-kace/opt/pico-sdk/src/rp2_common/hardware_claim/claim.c.obj
                0x0000000010000840                hw_claim_or_assert
 .text.hw_claim_unused_from_range
                0x0000000010000872       0x50 CMakeFiles/firmware.dir/home/aiti-kace/opt/pico-sdk/src/rp2_common/hardware_claim/claim.c.obj
                0x0000000010000872                hw_claim_unused_from_range
 *fill*         0x00000000100008c2        0x2 
 .text.running_on_fpga
                0x00000000100008c4       0x14 CMakeFiles/firmware.dir/home/aiti-kace/opt/pico-sdk/src/rp2_common/pico_platform/platform.c.obj
                0x00000000100008c4                running_on_fpga
 .text.spin_locks_reset
                0x00000000100008d8       0x20 CMakeFiles/firmware.dir/home/aiti-kace/opt/pico-sdk/src/rp2_common/hardware_sync/sync.c.obj
                0x00000000100008d8                spin_locks_reset
 .text.next_striped_spin_lock_num
                0x00000000100008f8       0x1c CMakeFiles/firmware.dir/home/aiti-kace/opt/pico-sdk/src/rp2_common/hardware_sync/sync.c.obj
                0x00000000100008f8                next_striped_spin_lock_num
 .text.spin_lock_claim_unused
                0x0000000010000914       0x20 CMakeFiles/firmware.dir/home/aiti-kace/opt/pico-sdk/src/rp2_common/hardware_sync/sync.c.obj
                0x0000000010000914                spin_lock_claim_unused
 .text.uart_set_baudrate
                0x0000000010000934       0x5c CMakeFiles/firmware.dir/home/aiti-kace/opt/pico-sdk/src/rp2_common/hardware_uart/uart.c.obj
                0x0000000010000934                uart_set_baudrate
 .text.uart_set_translate_crlf
                0x0000000010000990       0x28 CMakeFiles/firmware.dir/home/aiti-kace/opt/pico-sdk/src/rp2_common/hardware_uart/uart.c.obj
                0x0000000010000990                uart_set_translate_crlf
 .text.uart_init
                0x00000000100009b8       0x80 CMakeFiles/firmware.dir/home/aiti-kace/opt/pico-sdk/src/rp2_common/hardware_uart/uart.c.obj
                0x00000000100009b8                uart_init
 .text.alarm_pool_post_alloc_init
                0x0000000010000a38       0x40 CMakeFiles/firmware.dir/home/aiti-kace/opt/pico-sdk/src/common/pico_time/time.c.obj
 .text.sleep_until_callback
                0x0000000010000a78       0x30 CMakeFiles/firmware.dir/home/aiti-kace/opt/pico-sdk/src/common/pico_time/time.c.obj
 .text.timer_pool_entry_comparator
                0x0000000010000aa8       0x7c CMakeFiles/firmware.dir/home/aiti-kace/opt/pico-sdk/src/common/pico_time/time.c.obj
                0x0000000010000aa8                timer_pool_entry_comparator
 .text.ph_add_child_node
                0x0000000010000b24       0xa4 CMakeFiles/firmware.dir/home/aiti-kace/opt/pico-sdk/src/common/pico_time/time.c.obj
 .text.ph_merge_nodes
                0x0000000010000bc8       0x3e CMakeFiles/firmware.dir/home/aiti-kace/opt/pico-sdk/src/common/pico_time/time.c.obj
 *fill*         0x0000000010000c06        0x2 
 .text.add_alarm_under_lock
                0x0000000010000c08      0x174 CMakeFiles/firmware.dir/home/aiti-kace/opt/pico-sdk/src/common/pico_time/time.c.obj
 .text.alarm_pool_alarm_callback
                0x0000000010000d7c      0x328 CMakeFiles/firmware.dir/home/aiti-kace/opt/pico-sdk/src/common/pico_time/time.c.obj
 .text.alarm_pool_init_default
                0x00000000100010a4       0x38 CMakeFiles/firmware.dir/home/aiti-kace/opt/pico-sdk/src/common/pico_time/time.c.obj
                0x00000000100010a4                alarm_pool_init_default
 .text.alarm_pool_get_default
                0x00000000100010dc       0x2c CMakeFiles/firmware.dir/home/aiti-kace/opt/pico-sdk/src/common/pico_time/time.c.obj
                0x00000000100010dc                alarm_pool_get_default
 .text.alarm_pool_add_alarm_at
                0x0000000010001108      0x170 CMakeFiles/firmware.dir/home/aiti-kace/opt/pico-sdk/src/common/pico_time/time.c.obj
                0x0000000010001108                alarm_pool_add_alarm_at
 .text.alarm_pool_cancel_alarm
                0x0000000010001278       0xf0 CMakeFiles/firmware.dir/home/aiti-kace/opt/pico-sdk/src/common/pico_time/time.c.obj
                0x0000000010001278                alarm_pool_cancel_alarm
 .text.sleep_until
                0x0000000010001368       0xfc CMakeFiles/firmware.dir/home/aiti-kace/opt/pico-sdk/src/common/pico_time/time.c.obj
                0x0000000010001368                sleep_until
 .text.sleep_us
                0x0000000010001464       0x58 CMakeFiles/firmware.dir/home/aiti-kace/opt/pico-sdk/src/common/pico_time/time.c.obj
                0x0000000010001464                sleep_us
 .text.sleep_ms
                0x00000000100014bc       0x14 CMakeFiles/firmware.dir/home/aiti-kace/opt/pico-sdk/src/common/pico_time/time.c.obj
                0x00000000100014bc                sleep_ms
 .text.best_effort_wfe_or_timeout
                0x00000000100014d0       0x80 CMakeFiles/firmware.dir/home/aiti-kace/opt/pico-sdk/src/common/pico_time/time.c.obj
                0x00000000100014d0                best_effort_wfe_or_timeout
 .text.hardware_alarm_irq_handler
                0x0000000010001550       0x8c CMakeFiles/firmware.dir/home/aiti-kace/opt/pico-sdk/src/rp2_common/hardware_timer/timer.c.obj
 .text.hardware_alarm_claim
                0x00000000100015dc       0x18 CMakeFiles/firmware.dir/home/aiti-kace/opt/pico-sdk/src/rp2_common/hardware_timer/timer.c.obj
                0x00000000100015dc                hardware_alarm_claim
 .text.time_us_64
                0x00000000100015f4       0x18 CMakeFiles/firmware.dir/home/aiti-kace/opt/pico-sdk/src/rp2_common/hardware_timer/timer.c.obj
                0x00000000100015f4                time_us_64
 .text.busy_wait_until
                0x000000001000160c       0x28 CMakeFiles/firmware.dir/home/aiti-kace/opt/pico-sdk/src/rp2_common/hardware_timer/timer.c.obj
                0x000000001000160c                busy_wait_until
 .text.hardware_alarm_set_callback
                0x0000000010001634       0x90 CMakeFiles/firmware.dir/home/aiti-kace/opt/pico-sdk/src/rp2_common/hardware_timer/timer.c.obj
                0x0000000010001634                hardware_alarm_set_callback
 .text.hardware_alarm_set_target
                0x00000000100016c4       0xe8 CMakeFiles/firmware.dir/home/aiti-kace/opt/pico-sdk/src/rp2_common/hardware_timer/timer.c.obj
                0x00000000100016c4                hardware_alarm_set_target
 .text.hardware_alarm_cancel
                0x00000000100017ac       0x40 CMakeFiles/firmware.dir/home/aiti-kace/opt/pico-sdk/src/rp2_common/hardware_timer/timer.c.obj
                0x00000000100017ac                hardware_alarm_cancel
 .text.lock_init
                0x00000000100017ec       0x10 CMakeFiles/firmware.dir/home/aiti-kace/opt/pico-sdk/src/common/pico_sync/lock_core.c.obj
                0x00000000100017ec                lock_init
 .text.mutex_init
                0x00000000100017fc       0x1a CMakeFiles/firmware.dir/home/aiti-kace/opt/pico-sdk/src/common/pico_sync/mutex.c.obj
                0x00000000100017fc                mutex_init
 .text.recursive_mutex_init
                0x0000000010001816       0x1e CMakeFiles/firmware.dir/home/aiti-kace/opt/pico-sdk/src/common/pico_sync/mutex.c.obj
                0x0000000010001816                recursive_mutex_init
 .text.critical_section_init_with_lock_num
                0x0000000010001834       0x14 CMakeFiles/firmware.dir/home/aiti-kace/opt/pico-sdk/src/common/pico_sync/critical_section.c.obj
                0x0000000010001834                critical_section_init_with_lock_num
 .text.critical_section_init
                0x0000000010001848       0x14 CMakeFiles/firmware.dir/home/aiti-kace/opt/pico-sdk/src/common/pico_sync/critical_section.c.obj
                0x0000000010001848                critical_section_init
 .text.ph_add_child_node
                0x000000001000185c       0xa4 CMakeFiles/firmware.dir/home/aiti-kace/opt/pico-sdk/src/common/pico_util/pheap.c.obj
 .text.ph_merge_nodes
                0x0000000010001900       0x3e CMakeFiles/firmware.dir/home/aiti-kace/opt/pico-sdk/src/common/pico_util/pheap.c.obj
 *fill*         0x000000001000193e        0x2 
 .text.ph_clear
                0x0000000010001940       0x70 CMakeFiles/firmware.dir/home/aiti-kace/opt/pico-sdk/src/common/pico_util/pheap.c.obj
                0x0000000010001940                ph_clear
 .text.ph_post_alloc_init
                0x00000000100019b0        0xe CMakeFiles/firmware.dir/home/aiti-kace/opt/pico-sdk/src/common/pico_util/pheap.c.obj
                0x00000000100019b0                ph_post_alloc_init
 *fill*         0x00000000100019be        0x2 
 .text.ph_merge_two_pass
                0x00000000100019c0       0xa8 CMakeFiles/firmware.dir/home/aiti-kace/opt/pico-sdk/src/common/pico_util/pheap.c.obj
                0x00000000100019c0                ph_merge_two_pass
 .text.ph_remove_any_head
                0x0000000010001a68      0x108 CMakeFiles/firmware.dir/home/aiti-kace/opt/pico-sdk/src/common/pico_util/pheap.c.obj
 .text.ph_remove_head
                0x0000000010001b70       0x14 CMakeFiles/firmware.dir/home/aiti-kace/opt/pico-sdk/src/common/pico_util/pheap.c.obj
                0x0000000010001b70                ph_remove_head
 .text.ph_remove_and_free_node
                0x0000000010001b84       0xf8 CMakeFiles/firmware.dir/home/aiti-kace/opt/pico-sdk/src/common/pico_util/pheap.c.obj
                0x0000000010001b84                ph_remove_and_free_node
 .text._exit    0x0000000010001c7c        0x4 CMakeFiles/firmware.dir/home/aiti-kace/opt/pico-sdk/src/rp2_common/pico_runtime/runtime.c.obj
                0x0000000010001c7c                _exit
 .text._sbrk    0x0000000010001c80       0x38 CMakeFiles/firmware.dir/home/aiti-kace/opt/pico-sdk/src/rp2_common/pico_runtime/runtime.c.obj
                0x0000000010001c80                _sbrk
 .text.exit     0x0000000010001cb8        0x6 CMakeFiles/firmware.dir/home/aiti-kace/opt/pico-sdk/src/rp2_common/pico_runtime/runtime.c.obj
                0x0000000010001cb8                exit
 *fill*         0x0000000010001cbe        0x2 
 .text.__assert_func
                0x0000000010001cc0       0x3c CMakeFiles/firmware.dir/home/aiti-kace/opt/pico-sdk/src/rp2_common/pico_runtime/runtime.c.obj
                0x0000000010001cc0                __assert_func
 .text.runtime_init
                0x0000000010001cfc       0xf8 CMakeFiles/firmware.dir/home/aiti-kace/opt/pico-sdk/src/rp2_common/pico_runtime/runtime.c.obj
                0x0000000010001cfc                runtime_init
 .text.panic    0x0000000010001df4       0x30 CMakeFiles/firmware.dir/home/aiti-kace/opt/pico-sdk/src/rp2_common/pico_runtime/runtime.c.obj
                0x0000000010001df4                panic
 .text.clock_configure
                0x0000000010001e24      0x104 CMakeFiles/firmware.dir/home/aiti-kace/opt/pico-sdk/src/rp2_common/hardware_clocks/clocks.c.obj
                0x0000000010001e24                clock_configure
 .text.clocks_init
                0x0000000010001f28      0x100 CMakeFiles/firmware.dir/home/aiti-kace/opt/pico-sdk/src/rp2_common/hardware_clocks/clocks.c.obj
                0x0000000010001f28                clocks_init
 .text.clock_get_hz
                0x0000000010002028        0xc CMakeFiles/firmware.dir/home/aiti-kace/opt/pico-sdk/src/rp2_common/hardware_clocks/clocks.c.obj
                0x0000000010002028                clock_get_hz
 .text.set_raw_irq_handler_and_unlock
                0x0000000010002034       0x28 CMakeFiles/firmware.dir/home/aiti-kace/opt/pico-sdk/src/rp2_common/hardware_irq/irq.c.obj
 .text.make_branch
                0x000000001000205c       0x34 CMakeFiles/firmware.dir/home/aiti-kace/opt/pico-sdk/src/rp2_common/hardware_irq/irq.c.obj
 .text.insert_branch_and_link
                0x0000000010002090       0x40 CMakeFiles/firmware.dir/home/aiti-kace/opt/pico-sdk/src/rp2_common/hardware_irq/irq.c.obj
 .text.irq_is_enabled
                0x00000000100020d0       0x18 CMakeFiles/firmware.dir/home/aiti-kace/opt/pico-sdk/src/rp2_common/hardware_irq/irq.c.obj
                0x00000000100020d0                irq_is_enabled
 .text.irq_set_mask_enabled
                0x00000000100020e8       0x20 CMakeFiles/firmware.dir/home/aiti-kace/opt/pico-sdk/src/rp2_common/hardware_irq/irq.c.obj
                0x00000000100020e8                irq_set_mask_enabled
 .text.irq_set_enabled
                0x0000000010002108        0xe CMakeFiles/firmware.dir/home/aiti-kace/opt/pico-sdk/src/rp2_common/hardware_irq/irq.c.obj
                0x0000000010002108                irq_set_enabled
 *fill*         0x0000000010002116        0x2 
 .text.irq_set_pending
                0x0000000010002118       0x10 CMakeFiles/firmware.dir/home/aiti-kace/opt/pico-sdk/src/rp2_common/hardware_irq/irq.c.obj
                0x0000000010002118                irq_set_pending
 .text.irq_get_vtable_handler
                0x0000000010002128       0x10 CMakeFiles/firmware.dir/home/aiti-kace/opt/pico-sdk/src/rp2_common/hardware_irq/irq.c.obj
                0x0000000010002128                irq_get_vtable_handler
 .text.irq_set_exclusive_handler
                0x0000000010002138       0x54 CMakeFiles/firmware.dir/home/aiti-kace/opt/pico-sdk/src/rp2_common/hardware_irq/irq.c.obj
                0x0000000010002138                irq_set_exclusive_handler
 .text.irq_remove_handler
                0x000000001000218c      0x1ac CMakeFiles/firmware.dir/home/aiti-kace/opt/pico-sdk/src/rp2_common/hardware_irq/irq.c.obj
                0x000000001000218c                irq_remove_handler
 .text.irq_add_tail_to_free_list
                0x0000000010002338       0xf0 CMakeFiles/firmware.dir/home/aiti-kace/opt/pico-sdk/src/rp2_common/hardware_irq/irq.c.obj
                0x0000000010002338                irq_add_tail_to_free_list
 .text.irq_init_priorities
                0x0000000010002428       0x1c CMakeFiles/firmware.dir/home/aiti-kace/opt/pico-sdk/src/rp2_common/hardware_irq/irq.c.obj
                0x0000000010002428                irq_init_priorities
 .text.pll_init
                0x0000000010002444      0x118 CMakeFiles/firmware.dir/home/aiti-kace/opt/pico-sdk/src/rp2_common/hardware_pll/pll.c.obj
                0x0000000010002444                pll_init
 .text.watchdog_start_tick
                0x000000001000255c       0x10 CMakeFiles/firmware.dir/home/aiti-kace/opt/pico-sdk/src/rp2_common/hardware_watchdog/watchdog.c.obj
                0x000000001000255c                watchdog_start_tick
 .text.watchdog_update
                0x000000001000256c       0x14 CMakeFiles/firmware.dir/home/aiti-kace/opt/pico-sdk/src/rp2_common/hardware_watchdog/watchdog.c.obj
                0x000000001000256c                watchdog_update
 .text._watchdog_enable
                0x0000000010002580       0x78 CMakeFiles/firmware.dir/home/aiti-kace/opt/pico-sdk/src/rp2_common/hardware_watchdog/watchdog.c.obj
                0x0000000010002580                _watchdog_enable
 .text.watchdog_reboot
                0x00000000100025f8       0x48 CMakeFiles/firmware.dir/home/aiti-kace/opt/pico-sdk/src/rp2_common/hardware_watchdog/watchdog.c.obj
                0x00000000100025f8                watchdog_reboot
 .text.xosc_init
                0x0000000010002640       0x28 CMakeFiles/firmware.dir/home/aiti-kace/opt/pico-sdk/src/rp2_common/hardware_xosc/xosc.c.obj
                0x0000000010002640                xosc_init
 .text._out_buffer
                0x0000000010002668        0x8 CMakeFiles/firmware.dir/home/aiti-kace/opt/pico-sdk/src/rp2_common/pico_printf/printf.c.obj
 .text._out_null
                0x0000000010002670        0x2 CMakeFiles/firmware.dir/home/aiti-kace/opt/pico-sdk/src/rp2_common/pico_printf/printf.c.obj
 .text._out_fct
                0x0000000010002672        0xe CMakeFiles/firmware.dir/home/aiti-kace/opt/pico-sdk/src/rp2_common/pico_printf/printf.c.obj
 .text._atoi    0x0000000010002680       0x24 CMakeFiles/firmware.dir/home/aiti-kace/opt/pico-sdk/src/rp2_common/pico_printf/printf.c.obj
 .text._out_rev
                0x00000000100026a4       0xae CMakeFiles/firmware.dir/home/aiti-kace/opt/pico-sdk/src/rp2_common/pico_printf/printf.c.obj
 .text._ntoa_format
                0x0000000010002752      0x112 CMakeFiles/firmware.dir/home/aiti-kace/opt/pico-sdk/src/rp2_common/pico_printf/printf.c.obj
 .text._ntoa_long
                0x0000000010002864       0xbc CMakeFiles/firmware.dir/home/aiti-kace/opt/pico-sdk/src/rp2_common/pico_printf/printf.c.obj
 .text._ntoa_long_long
                0x0000000010002920       0xe2 CMakeFiles/firmware.dir/home/aiti-kace/opt/pico-sdk/src/rp2_common/pico_printf/printf.c.obj
 *fill*         0x0000000010002a02        0x2 
 .text._etoa    0x0000000010002a04      0x414 CMakeFiles/firmware.dir/home/aiti-kace/opt/pico-sdk/src/rp2_common/pico_printf/printf.c.obj
 .text._ftoa    0x0000000010002e18      0x354 CMakeFiles/firmware.dir/home/aiti-kace/opt/pico-sdk/src/rp2_common/pico_printf/printf.c.obj
 .text._vsnprintf
                0x000000001000316c      0x624 CMakeFiles/firmware.dir/home/aiti-kace/opt/pico-sdk/src/rp2_common/pico_printf/printf.c.obj
 .text.__wrap_sprintf
                0x0000000010003790       0x28 CMakeFiles/firmware.dir/home/aiti-kace/opt/pico-sdk/src/rp2_common/pico_printf/printf.c.obj
                0x0000000010003790                __wrap_sprintf
 .text.vfctprintf
                0x00000000100037b8       0x20 CMakeFiles/firmware.dir/home/aiti-kace/opt/pico-sdk/src/rp2_common/pico_printf/printf.c.obj
                0x00000000100037b8                vfctprintf
 .text          0x00000000100037d8       0x10 CMakeFiles/firmware.dir/home/aiti-kace/opt/pico-sdk/src/rp2_common/pico_bit_ops/bit_ops_aeabi.S.obj
 .text.rom_func_lookup
                0x00000000100037e8       0x10 CMakeFiles/firmware.dir/home/aiti-kace/opt/pico-sdk/src/rp2_common/pico_bootrom/bootrom.c.obj
                0x00000000100037e8                rom_func_lookup
 .text.rom_data_lookup
                0x00000000100037f8       0x10 CMakeFiles/firmware.dir/home/aiti-kace/opt/pico-sdk/src/rp2_common/pico_bootrom/bootrom.c.obj
                0x00000000100037f8                rom_data_lookup
 .text.rom_funcs_lookup
                0x0000000010003808       0x36 CMakeFiles/firmware.dir/home/aiti-kace/opt/pico-sdk/src/rp2_common/pico_bootrom/bootrom.c.obj
                0x0000000010003808                rom_funcs_lookup
 *fill*         0x000000001000383e        0x2 
 .text.__wrap___aeabi_idiv
                0x0000000010003840       0x50 CMakeFiles/firmware.dir/home/aiti-kace/opt/pico-sdk/src/rp2_common/pico_divider/divider.S.obj
                0x0000000010003840                __wrap___aeabi_idivmod
                0x0000000010003840                divmod_s32s32
                0x0000000010003840                div_s32s32
                0x0000000010003840                __wrap___aeabi_idiv
                0x0000000010003848                divmod_s32s32_unsafe
                0x0000000010003874                divmod_s32s32_savestate
 .text.__wrap___aeabi_uidiv
                0x0000000010003890       0x4c CMakeFiles/firmware.dir/home/aiti-kace/opt/pico-sdk/src/rp2_common/pico_divider/divider.S.obj
                0x0000000010003890                __wrap___aeabi_uidiv
                0x0000000010003890                __wrap___aeabi_uidivmod
                0x0000000010003890                div_u32u32
                0x0000000010003890                divmod_u32u32
                0x0000000010003898                divmod_u32u32_unsafe
                0x00000000100038c0                divmod_u32u32_savestate
 .text.__wrap___aeabi_ldiv
                0x00000000100038dc      0x434 CMakeFiles/firmware.dir/home/aiti-kace/opt/pico-sdk/src/rp2_common/pico_divider/divider.S.obj
                0x00000000100038dc                div_s64s64
                0x00000000100038dc                divmod_s64s64
                0x00000000100038dc                __wrap___aeabi_ldivmod
                0x0000000010003914                div_u64u64
                0x0000000010003914                divmod_u64u64
                0x0000000010003914                __wrap___aeabi_uldivmod
                0x0000000010003924                divmod_u64u64_savestate
                0x000000001000394c                divmod_s64s64_unsafe
                0x00000000100039d4                divmod_u64u64_unsafe
 .text.__wrap___aeabi_darithmetic
                0x0000000010003d10       0x80 CMakeFiles/firmware.dir/home/aiti-kace/opt/pico-sdk/src/rp2_common/pico_double/double_aeabi.S.obj
                0x0000000010003d10                __wrap___aeabi_drsub
                0x0000000010003d16                __wrap___aeabi_dsub
                0x0000000010003d28                __wrap___aeabi_dadd
                0x0000000010003d3a                __wrap___aeabi_ddiv
                0x0000000010003d76                __wrap___aeabi_dmul
 .text.__wrap___aeabi_cdcmple
                0x0000000010003d90       0x6c CMakeFiles/firmware.dir/home/aiti-kace/opt/pico-sdk/src/rp2_common/pico_double/double_aeabi.S.obj
                0x0000000010003d90                __wrap___aeabi_cdrcmple
                0x0000000010003da0                __wrap___aeabi_cdcmple
                0x0000000010003da0                __wrap___aeabi_cdcmpeq
 .text.__wrap___aeabi_dcmplt
                0x0000000010003dfc        0xc CMakeFiles/firmware.dir/home/aiti-kace/opt/pico-sdk/src/rp2_common/pico_double/double_aeabi.S.obj
                0x0000000010003dfc                __wrap___aeabi_dcmplt
 .text.__wrap___aeabi_dcmple
                0x0000000010003e08       0x10 CMakeFiles/firmware.dir/home/aiti-kace/opt/pico-sdk/src/rp2_common/pico_double/double_aeabi.S.obj
                0x0000000010003e08                __wrap___aeabi_dcmple
 .text.__wrap___aeabi_dcmpge
                0x0000000010003e18       0x10 CMakeFiles/firmware.dir/home/aiti-kace/opt/pico-sdk/src/rp2_common/pico_double/double_aeabi.S.obj
                0x0000000010003e18                __wrap___aeabi_dcmpge
 .text.__wrap___aeabi_dcmpgt
                0x0000000010003e28        0xa CMakeFiles/firmware.dir/home/aiti-kace/opt/pico-sdk/src/rp2_common/pico_double/double_aeabi.S.obj
                0x0000000010003e28                __wrap___aeabi_dcmpgt
 .text.__wrap___aeabi_dcmpun
                0x0000000010003e32       0x1c CMakeFiles/firmware.dir/home/aiti-kace/opt/pico-sdk/src/rp2_common/pico_double/double_aeabi.S.obj
                0x0000000010003e32                __wrap___aeabi_dcmpun
 *fill*         0x0000000010003e4e        0x2 
 .text.__wrap___aeabi_i2d
                0x0000000010003e50       0x38 CMakeFiles/firmware.dir/home/aiti-kace/opt/pico-sdk/src/rp2_common/pico_double/double_aeabi.S.obj
                0x0000000010003e50                __wrap___aeabi_ui2d
                0x0000000010003e58                __wrap___aeabi_i2d
 .text.__wrap___aeabi_d2iz
                0x0000000010003e88       0x48 CMakeFiles/firmware.dir/home/aiti-kace/opt/pico-sdk/src/rp2_common/pico_double/double_aeabi.S.obj
                0x0000000010003e88                __wrap___aeabi_d2iz
                0x0000000010003e88                double2int_z
 .text.__wrap___aeabi_d2uiz
                0x0000000010003ed0       0x18 CMakeFiles/firmware.dir/home/aiti-kace/opt/pico-sdk/src/rp2_common/pico_double/double_aeabi.S.obj
                0x0000000010003ed0                double2uint
                0x0000000010003ed0                __wrap___aeabi_d2uiz
 .text.__wrap___aeabi_d2f
                0x0000000010003ee8       0x18 CMakeFiles/firmware.dir/home/aiti-kace/opt/pico-sdk/src/rp2_common/pico_double/double_aeabi.S.obj
                0x0000000010003ee8                __wrap___aeabi_d2f
 .text.__aeabi_double_init
                0x0000000010003f00       0xc8 CMakeFiles/firmware.dir/home/aiti-kace/opt/pico-sdk/src/rp2_common/pico_double/double_init_rom.c.obj
                0x0000000010003f00                __aeabi_double_init
 .text.double_table_shim_on_use_helper
                0x0000000010003fc8       0x34 CMakeFiles/firmware.dir/home/aiti-kace/opt/pico-sdk/src/rp2_common/pico_double/double_v1_rom_shim.S.obj
                0x0000000010003fc8                double_table_shim_on_use_helper
 .text.__wrap___aeabi_dsub
                0x0000000010003ffc       0x10 CMakeFiles/firmware.dir/home/aiti-kace/opt/pico-sdk/src/rp2_common/pico_double/double_v1_rom_shim.S.obj
                0x0000000010003ffc                drsub_shim
                0x0000000010004002                dsub_shim
 .text.dadd_shim
                0x000000001000400c      0x15c CMakeFiles/firmware.dir/home/aiti-kace/opt/pico-sdk/src/rp2_common/pico_double/double_v1_rom_shim.S.obj
                0x000000001000400c                dadd_shim
 .text.dmul_shim
                0x0000000010004168      0x15c CMakeFiles/firmware.dir/home/aiti-kace/opt/pico-sdk/src/rp2_common/pico_double/double_v1_rom_shim.S.obj
                0x0000000010004168                dmul_shim
 .text.ddiv_shim
                0x00000000100042c4      0x1b0 CMakeFiles/firmware.dir/home/aiti-kace/opt/pico-sdk/src/rp2_common/pico_double/double_v1_rom_shim.S.obj
                0x00000000100042c4                ddiv_shim
 .text.double2uint_shim
                0x0000000010004474        0xe CMakeFiles/firmware.dir/home/aiti-kace/opt/pico-sdk/src/rp2_common/pico_double/double_v1_rom_shim.S.obj
                0x0000000010004474                double2uint_shim
                0x0000000010004476                double2ufix_shim
 *fill*         0x0000000010004482        0x2 
 .text.double2uint64_shim
                0x0000000010004484       0x70 CMakeFiles/firmware.dir/home/aiti-kace/opt/pico-sdk/src/rp2_common/pico_double/double_v1_rom_shim.S.obj
                0x0000000010004484                double2uint64_shim
                0x0000000010004486                double2ufix64_shim
                0x00000000100044a6                d2fix_a
 .text.double2float_shim
                0x00000000100044f4       0x5c CMakeFiles/firmware.dir/home/aiti-kace/opt/pico-sdk/src/rp2_common/pico_double/double_v1_rom_shim.S.obj
                0x00000000100044f4                double2float_shim
 .text.dunpacks
                0x0000000010004550       0x3c CMakeFiles/firmware.dir/home/aiti-kace/opt/pico-sdk/src/rp2_common/pico_double/double_v1_rom_shim.S.obj
                0x0000000010004550                dunpacks
 .text.__aeabi_lmul
                0x000000001000458c       0x32 CMakeFiles/firmware.dir/home/aiti-kace/opt/pico-sdk/src/rp2_common/pico_int64_ops/pico_int64_ops_aeabi.S.obj
                0x000000001000458c                __wrap___aeabi_lmul
 *fill*         0x00000000100045be        0x2 
 .text.__wrap___aeabi_f2d
                0x00000000100045c0       0x14 CMakeFiles/firmware.dir/home/aiti-kace/opt/pico-sdk/src/rp2_common/pico_float/float_aeabi.S.obj
                0x00000000100045c0                __wrap___aeabi_f2d
 .text.__aeabi_float_init
                0x00000000100045d4       0xfc CMakeFiles/firmware.dir/home/aiti-kace/opt/pico-sdk/src/rp2_common/pico_float/float_init_rom.c.obj
                0x00000000100045d4                __aeabi_float_init
 .text.float_table_shim_on_use_helper
                0x00000000100046d0       0x34 CMakeFiles/firmware.dir/home/aiti-kace/opt/pico-sdk/src/rp2_common/pico_float/float_v1_rom_shim.S.obj
                0x00000000100046d0                float_table_shim_on_use_helper
 .text.float2double_shim
                0x0000000010004704       0x30 CMakeFiles/firmware.dir/home/aiti-kace/opt/pico-sdk/src/rp2_common/pico_float/float_v1_rom_shim.S.obj
                0x0000000010004704                float2double_shim
 .text.__wrap_malloc
                0x0000000010004734       0x24 CMakeFiles/firmware.dir/home/aiti-kace/opt/pico-sdk/src/rp2_common/pico_malloc/pico_malloc.c.obj
                0x0000000010004734                __wrap_malloc
 .text          0x0000000010004758       0x10 CMakeFiles/firmware.dir/home/aiti-kace/opt/pico-sdk/src/rp2_common/pico_mem_ops/mem_ops_aeabi.S.obj
                0x0000000010004758                __aeabi_mem_init
 .text.memset   0x0000000010004768        0xc CMakeFiles/firmware.dir/home/aiti-kace/opt/pico-sdk/src/rp2_common/pico_mem_ops/mem_ops_aeabi.S.obj
                0x0000000010004768                __wrap_memset
 .text.memcpy   0x0000000010004774        0xc CMakeFiles/firmware.dir/home/aiti-kace/opt/pico-sdk/src/rp2_common/pico_mem_ops/mem_ops_aeabi.S.obj
                0x0000000010004774                __wrap___aeabi_memcpy
                0x0000000010004774                __wrap_memcpy
 .text.stdio_out_chars_no_crlf
                0x0000000010004780        0xe CMakeFiles/firmware.dir/home/aiti-kace/opt/pico-sdk/src/rp2_common/pico_stdio/stdio.c.obj
 *fill*         0x000000001000478e        0x2 
 .text.stdio_out_chars_crlf
                0x0000000010004790       0x80 CMakeFiles/firmware.dir/home/aiti-kace/opt/pico-sdk/src/rp2_common/pico_stdio/stdio.c.obj
 .text.stdio_stack_buffer_flush
                0x0000000010004810       0x44 CMakeFiles/firmware.dir/home/aiti-kace/opt/pico-sdk/src/rp2_common/pico_stdio/stdio.c.obj
 .text.stdio_buffered_printer
                0x0000000010004854       0x20 CMakeFiles/firmware.dir/home/aiti-kace/opt/pico-sdk/src/rp2_common/pico_stdio/stdio.c.obj
 .text.stdout_serialize_begin
                0x0000000010004874       0x30 CMakeFiles/firmware.dir/home/aiti-kace/opt/pico-sdk/src/rp2_common/pico_stdio/stdio.c.obj
                0x0000000010004874                stdout_serialize_begin
 .text.stdout_serialize_end
                0x00000000100048a4       0x10 CMakeFiles/firmware.dir/home/aiti-kace/opt/pico-sdk/src/rp2_common/pico_stdio/stdio.c.obj
                0x00000000100048a4                stdout_serialize_end
 .text.stdio_put_string
                0x00000000100048b4       0x98 CMakeFiles/firmware.dir/home/aiti-kace/opt/pico-sdk/src/rp2_common/pico_stdio/stdio.c.obj
 .text.__wrap_putchar
                0x000000001000494c       0x1c CMakeFiles/firmware.dir/home/aiti-kace/opt/pico-sdk/src/rp2_common/pico_stdio/stdio.c.obj
                0x000000001000494c                __wrap_putchar
 .text.stdio_set_driver_enabled
                0x0000000010004968       0x38 CMakeFiles/firmware.dir/home/aiti-kace/opt/pico-sdk/src/rp2_common/pico_stdio/stdio.c.obj
                0x0000000010004968                stdio_set_driver_enabled
 .text.stdio_flush
                0x00000000100049a0       0x20 CMakeFiles/firmware.dir/home/aiti-kace/opt/pico-sdk/src/rp2_common/pico_stdio/stdio.c.obj
                0x00000000100049a0                stdio_flush
 .text.__wrap_puts
                0x00000000100049c0       0x1e CMakeFiles/firmware.dir/home/aiti-kace/opt/pico-sdk/src/rp2_common/pico_stdio/stdio.c.obj
                0x00000000100049c0                __wrap_puts
 *fill*         0x00000000100049de        0x2 
 .text.__wrap_vprintf
                0x00000000100049e0       0x44 CMakeFiles/firmware.dir/home/aiti-kace/opt/pico-sdk/src/rp2_common/pico_stdio/stdio.c.obj
                0x00000000100049e0                __wrap_vprintf
 .text.__wrap_printf
                0x0000000010004a24       0x18 CMakeFiles/firmware.dir/home/aiti-kace/opt/pico-sdk/src/rp2_common/pico_stdio/stdio.c.obj
                0x0000000010004a24                __wrap_printf
 .text.stdio_init_all
                0x0000000010004a3c        0x8 CMakeFiles/firmware.dir/home/aiti-kace/opt/pico-sdk/src/rp2_common/pico_stdio/stdio.c.obj
                0x0000000010004a3c                stdio_init_all
 .text.resetd_init
                0x0000000010004a44        0x2 CMakeFiles/firmware.dir/home/aiti-kace/opt/pico-sdk/src/rp2_common/pico_stdio_usb/reset_interface.c.obj
 *fill*         0x0000000010004a46        0x2 
 .text.resetd_reset
                0x0000000010004a48        0xc CMakeFiles/firmware.dir/home/aiti-kace/opt/pico-sdk/src/rp2_common/pico_stdio_usb/reset_interface.c.obj
 .text.resetd_open
                0x0000000010004a54       0x34 CMakeFiles/firmware.dir/home/aiti-kace/opt/pico-sdk/src/rp2_common/pico_stdio_usb/reset_interface.c.obj
 .text.resetd_xfer_cb
                0x0000000010004a88        0x4 CMakeFiles/firmware.dir/home/aiti-kace/opt/pico-sdk/src/rp2_common/pico_stdio_usb/reset_interface.c.obj
 .text.reset_usb_boot
                0x0000000010004a8c       0x18 CMakeFiles/firmware.dir/home/aiti-kace/opt/pico-sdk/src/rp2_common/pico_stdio_usb/reset_interface.c.obj
 .text.resetd_control_xfer_cb
                0x0000000010004aa4       0x5c CMakeFiles/firmware.dir/home/aiti-kace/opt/pico-sdk/src/rp2_common/pico_stdio_usb/reset_interface.c.obj
 .text.usbd_app_driver_get_cb
                0x0000000010004b00        0xc CMakeFiles/firmware.dir/home/aiti-kace/opt/pico-sdk/src/rp2_common/pico_stdio_usb/reset_interface.c.obj
                0x0000000010004b00                usbd_app_driver_get_cb
 .text.tud_cdc_line_coding_cb
                0x0000000010004b0c       0x28 CMakeFiles/firmware.dir/home/aiti-kace/opt/pico-sdk/src/rp2_common/pico_stdio_usb/reset_interface.c.obj
                0x0000000010004b0c                tud_cdc_line_coding_cb
 .text.stdio_usb_in_chars
                0x0000000010004b34       0x70 CMakeFiles/firmware.dir/home/aiti-kace/opt/pico-sdk/src/rp2_common/pico_stdio_usb/stdio_usb.c.obj
                0x0000000010004b34                stdio_usb_in_chars
 .text.low_priority_worker_irq
                0x0000000010004ba4       0x20 CMakeFiles/firmware.dir/home/aiti-kace/opt/pico-sdk/src/rp2_common/pico_stdio_usb/stdio_usb.c.obj
 .text.stdio_usb_out_chars
                0x0000000010004bc4       0xd4 CMakeFiles/firmware.dir/home/aiti-kace/opt/pico-sdk/src/rp2_common/pico_stdio_usb/stdio_usb.c.obj
 .text.timer_task
                0x0000000010004c98       0x10 CMakeFiles/firmware.dir/home/aiti-kace/opt/pico-sdk/src/rp2_common/pico_stdio_usb/stdio_usb.c.obj
 .text.stdio_usb_init
                0x0000000010004ca8       0xb8 CMakeFiles/firmware.dir/home/aiti-kace/opt/pico-sdk/src/rp2_common/pico_stdio_usb/stdio_usb.c.obj
                0x0000000010004ca8                stdio_usb_init
 .text.tud_descriptor_device_cb
                0x0000000010004d60        0x8 CMakeFiles/firmware.dir/home/aiti-kace/opt/pico-sdk/src/rp2_common/pico_stdio_usb/stdio_usb_descriptors.c.obj
                0x0000000010004d60                tud_descriptor_device_cb
 .text.tud_descriptor_configuration_cb
                0x0000000010004d68        0x8 CMakeFiles/firmware.dir/home/aiti-kace/opt/pico-sdk/src/rp2_common/pico_stdio_usb/stdio_usb_descriptors.c.obj
                0x0000000010004d68                tud_descriptor_configuration_cb
 .text.tud_descriptor_string_cb
                0x0000000010004d70       0x6c CMakeFiles/firmware.dir/home/aiti-kace/opt/pico-sdk/src/rp2_common/pico_stdio_usb/stdio_usb_descriptors.c.obj
                0x0000000010004d70                tud_descriptor_string_cb
 .text.hw_endpoint_get_by_addr
                0x0000000010004ddc       0x18 CMakeFiles/firmware.dir/home/aiti-kace/opt/pico-sdk/lib/tinyusb/src/portable/raspberrypi/rp2040/dcd_rp2040.c.obj
 .text.reset_ep0_pid
                0x0000000010004df4       0x28 CMakeFiles/firmware.dir/home/aiti-kace/opt/pico-sdk/lib/tinyusb/src/portable/raspberrypi/rp2040/dcd_rp2040.c.obj
 .text._hw_endpoint_alloc
                0x0000000010004e1c       0x70 CMakeFiles/firmware.dir/home/aiti-kace/opt/pico-sdk/lib/tinyusb/src/portable/raspberrypi/rp2040/dcd_rp2040.c.obj
 .text.hw_endpoint_init
                0x0000000010004e8c       0x88 CMakeFiles/firmware.dir/home/aiti-kace/opt/pico-sdk/lib/tinyusb/src/portable/raspberrypi/rp2040/dcd_rp2040.c.obj
 .text.reset_non_control_endpoints
                0x0000000010004f14       0x40 CMakeFiles/firmware.dir/home/aiti-kace/opt/pico-sdk/lib/tinyusb/src/portable/raspberrypi/rp2040/dcd_rp2040.c.obj
 .text.hw_handle_buff_status
                0x0000000010004f54       0x8c CMakeFiles/firmware.dir/home/aiti-kace/opt/pico-sdk/lib/tinyusb/src/portable/raspberrypi/rp2040/dcd_rp2040.c.obj
 .text.dcd_rp2040_irq
                0x0000000010004fe0       0xc0 CMakeFiles/firmware.dir/home/aiti-kace/opt/pico-sdk/lib/tinyusb/src/portable/raspberrypi/rp2040/dcd_rp2040.c.obj
 .text.hw_endpoint_xfer
                0x00000000100050a0       0x14 CMakeFiles/firmware.dir/home/aiti-kace/opt/pico-sdk/lib/tinyusb/src/portable/raspberrypi/rp2040/dcd_rp2040.c.obj
 .text.dcd_int_enable
                0x00000000100050b4       0x2c CMakeFiles/firmware.dir/home/aiti-kace/opt/pico-sdk/lib/tinyusb/src/portable/raspberrypi/rp2040/dcd_rp2040.c.obj
                0x00000000100050b4                dcd_int_enable
 .text.dcd_set_address
                0x00000000100050e0       0x2c CMakeFiles/firmware.dir/home/aiti-kace/opt/pico-sdk/lib/tinyusb/src/portable/raspberrypi/rp2040/dcd_rp2040.c.obj
                0x00000000100050e0                dcd_set_address
 .text.dcd_connect
                0x000000001000510c       0x10 CMakeFiles/firmware.dir/home/aiti-kace/opt/pico-sdk/lib/tinyusb/src/portable/raspberrypi/rp2040/dcd_rp2040.c.obj
                0x000000001000510c                dcd_connect
 .text.dcd_init
                0x000000001000511c       0x7c CMakeFiles/firmware.dir/home/aiti-kace/opt/pico-sdk/lib/tinyusb/src/portable/raspberrypi/rp2040/dcd_rp2040.c.obj
                0x000000001000511c                dcd_init
 .text.dcd_edpt0_status_complete
                0x0000000010005198       0x1c CMakeFiles/firmware.dir/home/aiti-kace/opt/pico-sdk/lib/tinyusb/src/portable/raspberrypi/rp2040/dcd_rp2040.c.obj
                0x0000000010005198                dcd_edpt0_status_complete
 .text.dcd_edpt_open
                0x00000000100051b4       0x40 CMakeFiles/firmware.dir/home/aiti-kace/opt/pico-sdk/lib/tinyusb/src/portable/raspberrypi/rp2040/dcd_rp2040.c.obj
                0x00000000100051b4                dcd_edpt_open
 .text.dcd_edpt_close_all
                0x00000000100051f4        0x8 CMakeFiles/firmware.dir/home/aiti-kace/opt/pico-sdk/lib/tinyusb/src/portable/raspberrypi/rp2040/dcd_rp2040.c.obj
                0x00000000100051f4                dcd_edpt_close_all
 .text.dcd_edpt_xfer
                0x00000000100051fc       0x30 CMakeFiles/firmware.dir/home/aiti-kace/opt/pico-sdk/lib/tinyusb/src/portable/raspberrypi/rp2040/dcd_rp2040.c.obj
                0x00000000100051fc                dcd_edpt_xfer
 .text.dcd_edpt_stall
                0x000000001000522c       0x2c CMakeFiles/firmware.dir/home/aiti-kace/opt/pico-sdk/lib/tinyusb/src/portable/raspberrypi/rp2040/dcd_rp2040.c.obj
                0x000000001000522c                dcd_edpt_stall
 .text.dcd_edpt_clear_stall
                0x0000000010005258       0x20 CMakeFiles/firmware.dir/home/aiti-kace/opt/pico-sdk/lib/tinyusb/src/portable/raspberrypi/rp2040/dcd_rp2040.c.obj
                0x0000000010005258                dcd_edpt_clear_stall
 .text.prepare_ep_buffer
                0x0000000010005278       0x70 CMakeFiles/firmware.dir/home/aiti-kace/opt/pico-sdk/lib/tinyusb/src/portable/raspberrypi/rp2040/rp2040_usb.c.obj
 .text.sync_ep_buffer
                0x00000000100052e8       0x7c CMakeFiles/firmware.dir/home/aiti-kace/opt/pico-sdk/lib/tinyusb/src/portable/raspberrypi/rp2040/rp2040_usb.c.obj
 .text._hw_endpoint_xfer_sync
                0x0000000010005364       0x28 CMakeFiles/firmware.dir/home/aiti-kace/opt/pico-sdk/lib/tinyusb/src/portable/raspberrypi/rp2040/rp2040_usb.c.obj
 .text.rp2040_usb_init
                0x000000001000538c       0x4c CMakeFiles/firmware.dir/home/aiti-kace/opt/pico-sdk/lib/tinyusb/src/portable/raspberrypi/rp2040/rp2040_usb.c.obj
                0x000000001000538c                rp2040_usb_init
 .text.hw_endpoint_reset_transfer
                0x00000000100053d8        0xc CMakeFiles/firmware.dir/home/aiti-kace/opt/pico-sdk/lib/tinyusb/src/portable/raspberrypi/rp2040/rp2040_usb.c.obj
                0x00000000100053d8                hw_endpoint_reset_transfer
 .text._hw_endpoint_buffer_control_update32
                0x00000000100053e4       0x58 CMakeFiles/firmware.dir/home/aiti-kace/opt/pico-sdk/lib/tinyusb/src/portable/raspberrypi/rp2040/rp2040_usb.c.obj
                0x00000000100053e4                _hw_endpoint_buffer_control_update32
 .text._hw_endpoint_start_next_buffer
                0x000000001000543c       0x74 CMakeFiles/firmware.dir/home/aiti-kace/opt/pico-sdk/lib/tinyusb/src/portable/raspberrypi/rp2040/rp2040_usb.c.obj
 .text.hw_endpoint_xfer_start
                0x00000000100054b0       0x48 CMakeFiles/firmware.dir/home/aiti-kace/opt/pico-sdk/lib/tinyusb/src/portable/raspberrypi/rp2040/rp2040_usb.c.obj
                0x00000000100054b0                hw_endpoint_xfer_start
 .text.hw_endpoint_xfer_continue
                0x00000000100054f8       0x38 CMakeFiles/firmware.dir/home/aiti-kace/opt/pico-sdk/lib/tinyusb/src/portable/raspberrypi/rp2040/rp2040_usb.c.obj
                0x00000000100054f8                hw_endpoint_xfer_continue
 .text.configuration_reset
                0x0000000010005530       0x84 CMakeFiles/firmware.dir/home/aiti-kace/opt/pico-sdk/lib/tinyusb/src/device/usbd.c.obj
 .text.usbd_reset
                0x00000000100055b4        0xc CMakeFiles/firmware.dir/home/aiti-kace/opt/pico-sdk/lib/tinyusb/src/device/usbd.c.obj
 .text.invoke_class_control
                0x00000000100055c0       0x1a CMakeFiles/firmware.dir/home/aiti-kace/opt/pico-sdk/lib/tinyusb/src/device/usbd.c.obj
 *fill*         0x00000000100055da        0x2 
 .text.process_set_config
                0x00000000100055dc      0x1b0 CMakeFiles/firmware.dir/home/aiti-kace/opt/pico-sdk/lib/tinyusb/src/device/usbd.c.obj
 .text.process_get_descriptor
                0x000000001000578c       0xec CMakeFiles/firmware.dir/home/aiti-kace/opt/pico-sdk/lib/tinyusb/src/device/usbd.c.obj
 .text.tud_mounted
                0x0000000010005878       0x10 CMakeFiles/firmware.dir/home/aiti-kace/opt/pico-sdk/lib/tinyusb/src/device/usbd.c.obj
                0x0000000010005878                tud_mounted
 .text.tud_suspended
                0x0000000010005888       0x10 CMakeFiles/firmware.dir/home/aiti-kace/opt/pico-sdk/lib/tinyusb/src/device/usbd.c.obj
                0x0000000010005888                tud_suspended
 .text.tud_inited
                0x0000000010005898        0xc CMakeFiles/firmware.dir/home/aiti-kace/opt/pico-sdk/lib/tinyusb/src/device/usbd.c.obj
                0x0000000010005898                tud_inited
 .text.tud_init
                0x00000000100058a4       0xcc CMakeFiles/firmware.dir/home/aiti-kace/opt/pico-sdk/lib/tinyusb/src/device/usbd.c.obj
                0x00000000100058a4                tud_init
 .text.dcd_event_handler
                0x0000000010005970      0x1e0 CMakeFiles/firmware.dir/home/aiti-kace/opt/pico-sdk/lib/tinyusb/src/device/usbd.c.obj
                0x0000000010005970                dcd_event_handler
 .text.dcd_event_bus_signal
                0x0000000010005b50       0x26 CMakeFiles/firmware.dir/home/aiti-kace/opt/pico-sdk/lib/tinyusb/src/device/usbd.c.obj
                0x0000000010005b50                dcd_event_bus_signal
 .text.dcd_event_bus_reset
                0x0000000010005b76       0x2a CMakeFiles/firmware.dir/home/aiti-kace/opt/pico-sdk/lib/tinyusb/src/device/usbd.c.obj
                0x0000000010005b76                dcd_event_bus_reset
 .text.dcd_event_setup_received
                0x0000000010005ba0       0x34 CMakeFiles/firmware.dir/home/aiti-kace/opt/pico-sdk/lib/tinyusb/src/device/usbd.c.obj
                0x0000000010005ba0                dcd_event_setup_received
 .text.dcd_event_xfer_complete
                0x0000000010005bd4       0x44 CMakeFiles/firmware.dir/home/aiti-kace/opt/pico-sdk/lib/tinyusb/src/device/usbd.c.obj
                0x0000000010005bd4                dcd_event_xfer_complete
 .text.usbd_edpt_open
                0x0000000010005c18       0x58 CMakeFiles/firmware.dir/home/aiti-kace/opt/pico-sdk/lib/tinyusb/src/device/usbd.c.obj
                0x0000000010005c18                usbd_edpt_open
 .text.usbd_open_edpt_pair
                0x0000000010005c70       0x8c CMakeFiles/firmware.dir/home/aiti-kace/opt/pico-sdk/lib/tinyusb/src/device/usbd.c.obj
                0x0000000010005c70                usbd_open_edpt_pair
 .text.usbd_edpt_claim
                0x0000000010005cfc       0x8c CMakeFiles/firmware.dir/home/aiti-kace/opt/pico-sdk/lib/tinyusb/src/device/usbd.c.obj
                0x0000000010005cfc                usbd_edpt_claim
 .text.usbd_edpt_release
                0x0000000010005d88       0x68 CMakeFiles/firmware.dir/home/aiti-kace/opt/pico-sdk/lib/tinyusb/src/device/usbd.c.obj
                0x0000000010005d88                usbd_edpt_release
 .text.usbd_edpt_xfer
                0x0000000010005df0       0x80 CMakeFiles/firmware.dir/home/aiti-kace/opt/pico-sdk/lib/tinyusb/src/device/usbd.c.obj
                0x0000000010005df0                usbd_edpt_xfer
 .text.usbd_edpt_stall
                0x0000000010005e70       0x40 CMakeFiles/firmware.dir/home/aiti-kace/opt/pico-sdk/lib/tinyusb/src/device/usbd.c.obj
                0x0000000010005e70                usbd_edpt_stall
 .text.usbd_edpt_clear_stall
                0x0000000010005eb0       0x40 CMakeFiles/firmware.dir/home/aiti-kace/opt/pico-sdk/lib/tinyusb/src/device/usbd.c.obj
                0x0000000010005eb0                usbd_edpt_clear_stall
 .text.usbd_edpt_stalled
                0x0000000010005ef0       0x1c CMakeFiles/firmware.dir/home/aiti-kace/opt/pico-sdk/lib/tinyusb/src/device/usbd.c.obj
                0x0000000010005ef0                usbd_edpt_stalled
 .text.process_control_request
                0x0000000010005f0c      0x3b8 CMakeFiles/firmware.dir/home/aiti-kace/opt/pico-sdk/lib/tinyusb/src/device/usbd.c.obj
 .text.tud_task
                0x00000000100062c4      0x218 CMakeFiles/firmware.dir/home/aiti-kace/opt/pico-sdk/lib/tinyusb/src/device/usbd.c.obj
                0x00000000100062c4                tud_task
 .text._data_stage_xact
                0x00000000100064dc       0x58 CMakeFiles/firmware.dir/home/aiti-kace/opt/pico-sdk/lib/tinyusb/src/device/usbd_control.c.obj
 .text.tud_control_status
                0x0000000010006534       0x38 CMakeFiles/firmware.dir/home/aiti-kace/opt/pico-sdk/lib/tinyusb/src/device/usbd_control.c.obj
                0x0000000010006534                tud_control_status
 .text.tud_control_xfer
                0x000000001000656c       0xa8 CMakeFiles/firmware.dir/home/aiti-kace/opt/pico-sdk/lib/tinyusb/src/device/usbd_control.c.obj
                0x000000001000656c                tud_control_xfer
 .text.usbd_control_reset
                0x0000000010006614       0x14 CMakeFiles/firmware.dir/home/aiti-kace/opt/pico-sdk/lib/tinyusb/src/device/usbd_control.c.obj
                0x0000000010006614                usbd_control_reset
 .text.usbd_control_set_complete_callback
                0x0000000010006628        0xc CMakeFiles/firmware.dir/home/aiti-kace/opt/pico-sdk/lib/tinyusb/src/device/usbd_control.c.obj
                0x0000000010006628                usbd_control_set_complete_callback
 .text.usbd_control_set_request
                0x0000000010006634       0x1c CMakeFiles/firmware.dir/home/aiti-kace/opt/pico-sdk/lib/tinyusb/src/device/usbd_control.c.obj
                0x0000000010006634                usbd_control_set_request
 .text.usbd_control_xfer_cb
                0x0000000010006650       0xfc CMakeFiles/firmware.dir/home/aiti-kace/opt/pico-sdk/lib/tinyusb/src/device/usbd_control.c.obj
                0x0000000010006650                usbd_control_xfer_cb
 .text._prep_out_transaction
                0x000000001000674c       0x46 CMakeFiles/firmware.dir/home/aiti-kace/opt/pico-sdk/lib/tinyusb/src/class/cdc/cdc_device.c.obj
 *fill*         0x0000000010006792        0x2 
 .text.tud_cdc_n_connected
                0x0000000010006794       0x44 CMakeFiles/firmware.dir/home/aiti-kace/opt/pico-sdk/lib/tinyusb/src/class/cdc/cdc_device.c.obj
                0x0000000010006794                tud_cdc_n_connected
 .text.tud_cdc_n_available
                0x00000000100067d8       0x18 CMakeFiles/firmware.dir/home/aiti-kace/opt/pico-sdk/lib/tinyusb/src/class/cdc/cdc_device.c.obj
                0x00000000100067d8                tud_cdc_n_available
 .text.tud_cdc_n_read
                0x00000000100067f0       0x28 CMakeFiles/firmware.dir/home/aiti-kace/opt/pico-sdk/lib/tinyusb/src/class/cdc/cdc_device.c.obj
                0x00000000100067f0                tud_cdc_n_read
 .text.tud_cdc_n_write_flush
                0x0000000010006818       0xcc CMakeFiles/firmware.dir/home/aiti-kace/opt/pico-sdk/lib/tinyusb/src/class/cdc/cdc_device.c.obj
                0x0000000010006818                tud_cdc_n_write_flush
 .text.tud_cdc_n_write
                0x00000000100068e4       0x38 CMakeFiles/firmware.dir/home/aiti-kace/opt/pico-sdk/lib/tinyusb/src/class/cdc/cdc_device.c.obj
                0x00000000100068e4                tud_cdc_n_write
 .text.tud_cdc_n_write_available
                0x000000001000691c       0x1c CMakeFiles/firmware.dir/home/aiti-kace/opt/pico-sdk/lib/tinyusb/src/class/cdc/cdc_device.c.obj
                0x000000001000691c                tud_cdc_n_write_available
 .text.cdcd_init
                0x0000000010006938       0xbc CMakeFiles/firmware.dir/home/aiti-kace/opt/pico-sdk/lib/tinyusb/src/class/cdc/cdc_device.c.obj
                0x0000000010006938                cdcd_init
 .text.cdcd_reset
                0x00000000100069f4       0x44 CMakeFiles/firmware.dir/home/aiti-kace/opt/pico-sdk/lib/tinyusb/src/class/cdc/cdc_device.c.obj
                0x00000000100069f4                cdcd_reset
 .text.cdcd_open
                0x0000000010006a38       0xf8 CMakeFiles/firmware.dir/home/aiti-kace/opt/pico-sdk/lib/tinyusb/src/class/cdc/cdc_device.c.obj
                0x0000000010006a38                cdcd_open
 .text.cdcd_control_xfer_cb
                0x0000000010006b30      0x134 CMakeFiles/firmware.dir/home/aiti-kace/opt/pico-sdk/lib/tinyusb/src/class/cdc/cdc_device.c.obj
                0x0000000010006b30                cdcd_control_xfer_cb
 .text.cdcd_xfer_cb
                0x0000000010006c64      0x144 CMakeFiles/firmware.dir/home/aiti-kace/opt/pico-sdk/lib/tinyusb/src/class/cdc/cdc_device.c.obj
                0x0000000010006c64                cdcd_xfer_cb
 .text.tusb_init
                0x0000000010006da8       0x24 CMakeFiles/firmware.dir/home/aiti-kace/opt/pico-sdk/lib/tinyusb/src/tusb.c.obj
                0x0000000010006da8                tusb_init
 .text.tusb_inited
                0x0000000010006dcc        0xe CMakeFiles/firmware.dir/home/aiti-kace/opt/pico-sdk/lib/tinyusb/src/tusb.c.obj
                0x0000000010006dcc                tusb_inited
 *fill*         0x0000000010006dda        0x2 
 .text.tu_edpt_validate
                0x0000000010006ddc       0xa8 CMakeFiles/firmware.dir/home/aiti-kace/opt/pico-sdk/lib/tinyusb/src/tusb.c.obj
                0x0000000010006ddc                tu_edpt_validate
 .text.tu_edpt_bind_driver
                0x0000000010006e84       0x2a CMakeFiles/firmware.dir/home/aiti-kace/opt/pico-sdk/lib/tinyusb/src/tusb.c.obj
                0x0000000010006e84                tu_edpt_bind_driver
 .text.advance_pointer
                0x0000000010006eae       0x18 CMakeFiles/firmware.dir/home/aiti-kace/opt/pico-sdk/lib/tinyusb/src/common/tusb_fifo.c.obj
 .text.backward_pointer
                0x0000000010006ec6       0x1e CMakeFiles/firmware.dir/home/aiti-kace/opt/pico-sdk/lib/tinyusb/src/common/tusb_fifo.c.obj
 .text.get_relative_pointer
                0x0000000010006ee4       0x10 CMakeFiles/firmware.dir/home/aiti-kace/opt/pico-sdk/lib/tinyusb/src/common/tusb_fifo.c.obj
 .text._tu_fifo_peek
                0x0000000010006ef4       0x50 CMakeFiles/firmware.dir/home/aiti-kace/opt/pico-sdk/lib/tinyusb/src/common/tusb_fifo.c.obj
 .text._ff_pull_const_addr
                0x0000000010006f44       0x4c CMakeFiles/firmware.dir/home/aiti-kace/opt/pico-sdk/lib/tinyusb/src/common/tusb_fifo.c.obj
 .text._ff_pull_n
                0x0000000010006f90      0x10c CMakeFiles/firmware.dir/home/aiti-kace/opt/pico-sdk/lib/tinyusb/src/common/tusb_fifo.c.obj
 .text._tu_fifo_peek_n
                0x000000001000709c       0x5e CMakeFiles/firmware.dir/home/aiti-kace/opt/pico-sdk/lib/tinyusb/src/common/tusb_fifo.c.obj
 .text._tu_fifo_read_n
                0x00000000100070fa       0x4e CMakeFiles/firmware.dir/home/aiti-kace/opt/pico-sdk/lib/tinyusb/src/common/tusb_fifo.c.obj
 .text._ff_push_const_addr
                0x0000000010007148       0x40 CMakeFiles/firmware.dir/home/aiti-kace/opt/pico-sdk/lib/tinyusb/src/common/tusb_fifo.c.obj
 .text._ff_push_n
                0x0000000010007188      0x108 CMakeFiles/firmware.dir/home/aiti-kace/opt/pico-sdk/lib/tinyusb/src/common/tusb_fifo.c.obj
 .text._tu_fifo_write_n
                0x0000000010007290       0x9e CMakeFiles/firmware.dir/home/aiti-kace/opt/pico-sdk/lib/tinyusb/src/common/tusb_fifo.c.obj
 .text.tu_fifo_config
                0x000000001000732e       0x72 CMakeFiles/firmware.dir/home/aiti-kace/opt/pico-sdk/lib/tinyusb/src/common/tusb_fifo.c.obj
                0x000000001000732e                tu_fifo_config
 .text.tu_fifo_count
                0x00000000100073a0       0x26 CMakeFiles/firmware.dir/home/aiti-kace/opt/pico-sdk/lib/tinyusb/src/common/tusb_fifo.c.obj
                0x00000000100073a0                tu_fifo_count
 .text.tu_fifo_empty
                0x00000000100073c6       0x10 CMakeFiles/firmware.dir/home/aiti-kace/opt/pico-sdk/lib/tinyusb/src/common/tusb_fifo.c.obj
                0x00000000100073c6                tu_fifo_empty
 .text.tu_fifo_remaining
                0x00000000100073d6       0x20 CMakeFiles/firmware.dir/home/aiti-kace/opt/pico-sdk/lib/tinyusb/src/common/tusb_fifo.c.obj
                0x00000000100073d6                tu_fifo_remaining
 .text.tu_fifo_read
                0x00000000100073f6       0x42 CMakeFiles/firmware.dir/home/aiti-kace/opt/pico-sdk/lib/tinyusb/src/common/tusb_fifo.c.obj
                0x00000000100073f6                tu_fifo_read
 .text.tu_fifo_read_n
                0x0000000010007438        0xa CMakeFiles/firmware.dir/home/aiti-kace/opt/pico-sdk/lib/tinyusb/src/common/tusb_fifo.c.obj
                0x0000000010007438                tu_fifo_read_n
 .text.tu_fifo_write
                0x0000000010007442       0x6c CMakeFiles/firmware.dir/home/aiti-kace/opt/pico-sdk/lib/tinyusb/src/common/tusb_fifo.c.obj
                0x0000000010007442                tu_fifo_write
 .text.tu_fifo_write_n
                0x00000000100074ae        0xa CMakeFiles/firmware.dir/home/aiti-kace/opt/pico-sdk/lib/tinyusb/src/common/tusb_fifo.c.obj
                0x00000000100074ae                tu_fifo_write_n
 .text.tu_fifo_clear
                0x00000000100074b8       0x4c CMakeFiles/firmware.dir/home/aiti-kace/opt/pico-sdk/lib/tinyusb/src/common/tusb_fifo.c.obj
                0x00000000100074b8                tu_fifo_clear
 .text.tu_fifo_set_overwritable
                0x0000000010007504       0x3c CMakeFiles/firmware.dir/home/aiti-kace/opt/pico-sdk/lib/tinyusb/src/common/tusb_fifo.c.obj
                0x0000000010007504                tu_fifo_set_overwritable
 .text._retrieve_unique_id_on_boot
                0x0000000010007540       0x10 CMakeFiles/firmware.dir/home/aiti-kace/opt/pico-sdk/src/rp2_common/pico_unique_id/unique_id.c.obj
 .text.pico_get_unique_board_id_string
                0x0000000010007550       0x60 CMakeFiles/firmware.dir/home/aiti-kace/opt/pico-sdk/src/rp2_common/pico_unique_id/unique_id.c.obj
                0x0000000010007550                pico_get_unique_board_id_string
 .text.flash_get_unique_id
                0x00000000100075b0       0x46 CMakeFiles/firmware.dir/home/aiti-kace/opt/pico-sdk/src/rp2_common/hardware_flash/flash.c.obj
                0x00000000100075b0                flash_get_unique_id
 *fill*         0x00000000100075f6        0x2 
 .text.adc_init
                0x00000000100075f8       0x34 CMakeFiles/firmware.dir/home/aiti-kace/opt/pico-sdk/src/rp2_common/hardware_adc/adc.c.obj
                0x00000000100075f8                adc_init
 .text.malloc   0x000000001000762c       0x14 /home/aiti-kace/opt/gcc-arm-none-eabi-10.3-2021.10/bin/../lib/gcc/arm-none-eabi/10.3.1/../../../../arm-none-eabi/lib/thumb/v6-m/nofp/libg.a(lib_a-malloc.o)
                0x000000001000762c                malloc
 .text._malloc_r
                0x0000000010007640      0x584 /home/aiti-kace/opt/gcc-arm-none-eabi-10.3-2021.10/bin/../lib/gcc/arm-none-eabi/10.3.1/../../../../arm-none-eabi/lib/thumb/v6-m/nofp/libg.a(lib_a-mallocr.o)
                0x0000000010007640                _malloc_r
 .text.__malloc_lock
                0x0000000010007bc4       0x10 /home/aiti-kace/opt/gcc-arm-none-eabi-10.3-2021.10/bin/../lib/gcc/arm-none-eabi/10.3.1/../../../../arm-none-eabi/lib/thumb/v6-m/nofp/libg.a(lib_a-mlock.o)
                0x0000000010007bc4                __malloc_lock
 .text.__malloc_unlock
                0x0000000010007bd4       0x10 /home/aiti-kace/opt/gcc-arm-none-eabi-10.3-2021.10/bin/../lib/gcc/arm-none-eabi/10.3.1/../../../../arm-none-eabi/lib/thumb/v6-m/nofp/libg.a(lib_a-mlock.o)
                0x0000000010007bd4                __malloc_unlock
 .text._sbrk_r  0x0000000010007be4       0x24 /home/aiti-kace/opt/gcc-arm-none-eabi-10.3-2021.10/bin/../lib/gcc/arm-none-eabi/10.3.1/../../../../arm-none-eabi/lib/thumb/v6-m/nofp/libg.a(lib_a-sbrkr.o)
                0x0000000010007be4                _sbrk_r
 .text.strlen   0x0000000010007c08       0x5c /home/aiti-kace/opt/gcc-arm-none-eabi-10.3-2021.10/bin/../lib/gcc/arm-none-eabi/10.3.1/../../../../arm-none-eabi/lib/thumb/v6-m/nofp/libg.a(lib_a-strlen-stub.o)
                0x0000000010007c08                strlen
 .text._malloc_trim_r
                0x0000000010007c64       0x9c /home/aiti-kace/opt/gcc-arm-none-eabi-10.3-2021.10/bin/../lib/gcc/arm-none-eabi/10.3.1/../../../../arm-none-eabi/lib/thumb/v6-m/nofp/libg.a(lib_a-freer.o)
                0x0000000010007c64                _malloc_trim_r
 .text._free_r  0x0000000010007d00      0x1c4 /home/aiti-kace/opt/gcc-arm-none-eabi-10.3-2021.10/bin/../lib/gcc/arm-none-eabi/10.3.1/../../../../arm-none-eabi/lib/thumb/v6-m/nofp/libg.a(lib_a-freer.o)
                0x0000000010007d00                _free_r
 .text.__retarget_lock_acquire_recursive
                0x0000000010007ec4        0x4 /home/aiti-kace/opt/gcc-arm-none-eabi-10.3-2021.10/bin/../lib/gcc/arm-none-eabi/10.3.1/../../../../arm-none-eabi/lib/thumb/v6-m/nofp/libg.a(lib_a-lock.o)
                0x0000000010007ec4                __retarget_lock_acquire_recursive
 .text.__retarget_lock_release_recursive
                0x0000000010007ec8        0x4 /home/aiti-kace/opt/gcc-arm-none-eabi-10.3-2021.10/bin/../lib/gcc/arm-none-eabi/10.3.1/../../../../arm-none-eabi/lib/thumb/v6-m/nofp/libg.a(lib_a-lock.o)
                0x0000000010007ec8                __retarget_lock_release_recursive
 *(.fini)
 .fini          0x0000000010007ecc        0x4 /home/aiti-kace/opt/gcc-arm-none-eabi-10.3-2021.10/bin/../lib/gcc/arm-none-eabi/10.3.1/thumb/v6-m/nofp/crti.o
                0x0000000010007ecc                _fini
 .fini.__stub   0x0000000010007ed0       0x70 linker stubs
 *crtbegin.o(.ctors)
 *crtbegin?.o(.ctors)
 *(EXCLUDE_FILE(*crtend.o *crtend?.o) .ctors)
 *(SORT_BY_NAME(.ctors.*))
 *(.ctors)
 *crtbegin.o(.dtors)
 *crtbegin?.o(.dtors)
 *(EXCLUDE_FILE(*crtend.o *crtend?.o) .dtors)
 *(SORT_BY_NAME(.dtors.*))
 *(.dtors)
 *(.eh_frame*)
 .eh_frame      0x0000000010007f40        0x0 /home/aiti-kace/opt/gcc-arm-none-eabi-10.3-2021.10/bin/../lib/gcc/arm-none-eabi/10.3.1/thumb/v6-m/nofp/crtbegin.o
                0x0000000010007f40                . = ALIGN (0x4)

.glue_7         0x0000000010007f40        0x0
 .glue_7        0x0000000010007f40        0x0 linker stubs

.glue_7t        0x0000000010007f40        0x0
 .glue_7t       0x0000000010007f40        0x0 linker stubs

.vfp11_veneer   0x0000000010007f40        0x0
 .vfp11_veneer  0x0000000010007f40        0x0 linker stubs

.v4_bx          0x0000000010007f40        0x0
 .v4_bx         0x0000000010007f40        0x0 linker stubs

.iplt           0x0000000010007f40        0x0
 .iplt          0x0000000010007f40        0x0 /home/aiti-kace/opt/gcc-arm-none-eabi-10.3-2021.10/bin/../lib/gcc/arm-none-eabi/10.3.1/thumb/v6-m/nofp/crtbegin.o

.rodata         0x0000000010007f40     0x1830
 *(EXCLUDE_FILE(*libm.a: *libc.a:*lib_a-mem*.o *libgcc.a:) .rodata*)
 .rodata.staticVar.str1.4
                0x0000000010007f40       0x69 CMakeFiles/firmware.dir/src/main.c.obj
 *fill*         0x0000000010007fa9        0x3 
 .rodata.var.str1.4
                0x0000000010007fac       0x27 CMakeFiles/firmware.dir/src/main.c.obj
 *fill*         0x0000000010007fd3        0x1 
 .rodata.main.str1.4
                0x0000000010007fd4      0x1b1 CMakeFiles/firmware.dir/src/main.c.obj
 *fill*         0x0000000010008185        0x3 
 .rodata.strToHex.str1.4
                0x0000000010008188        0x5 CMakeFiles/firmware.dir/src/rak4270.c.obj
 *fill*         0x000000001000818d        0x3 
 .rodata.rak4270_setup.str1.4
                0x0000000010008190       0x15 CMakeFiles/firmware.dir/src/rak4270.c.obj
 *fill*         0x00000000100081a5        0x3 
 .rodata.rak4270_send_cmd_payload.str1.4
                0x00000000100081a8        0x7 CMakeFiles/firmware.dir/src/rak4270.c.obj
                                          0xb (size before relaxing)
 *fill*         0x00000000100081af        0x1 
 .rodata.spin_lock_claim_unused.str1.4
                0x00000000100081b0       0x1b CMakeFiles/firmware.dir/home/aiti-kace/opt/pico-sdk/src/rp2_common/hardware_sync/sync.c.obj
 *fill*         0x00000000100081cb        0x1 
 .rodata.repeating_timer_callback.str1.4
                0x00000000100081cc       0x4d CMakeFiles/firmware.dir/home/aiti-kace/opt/pico-sdk/src/common/pico_time/time.c.obj
 *fill*         0x0000000010008219        0x3 
 .rodata.alarm_pool_dump_key.str1.4
                0x000000001000821c       0x33 CMakeFiles/firmware.dir/home/aiti-kace/opt/pico-sdk/src/common/pico_time/time.c.obj
 *fill*         0x000000001000824f        0x1 
 .rodata.ph_add_child_node.str1.4
                0x0000000010008250       0x96 CMakeFiles/firmware.dir/home/aiti-kace/opt/pico-sdk/src/common/pico_time/time.c.obj
 *fill*         0x00000000100082e6        0x2 
 .rodata.add_alarm_under_lock.str1.4
                0x00000000100082e8       0x28 CMakeFiles/firmware.dir/home/aiti-kace/opt/pico-sdk/src/common/pico_time/time.c.obj
                                         0x2b (size before relaxing)
 .rodata.alarm_pool_alarm_callback.str1.4
                0x0000000010008310       0xe6 CMakeFiles/firmware.dir/home/aiti-kace/opt/pico-sdk/src/common/pico_time/time.c.obj
 *fill*         0x00000000100083f6        0x2 
 .rodata.alarm_pool_get_default.str1.4
                0x00000000100083f8       0x21 CMakeFiles/firmware.dir/home/aiti-kace/opt/pico-sdk/src/common/pico_time/time.c.obj
 *fill*         0x0000000010008419        0x3 
 .rodata.alarm_pool_cancel_alarm.str1.4
                0x000000001000841c       0x27 CMakeFiles/firmware.dir/home/aiti-kace/opt/pico-sdk/src/common/pico_time/time.c.obj
 *fill*         0x0000000010008443        0x1 
 .rodata.sleep_until.str1.4
                0x0000000010008444       0x4d CMakeFiles/firmware.dir/home/aiti-kace/opt/pico-sdk/src/common/pico_time/time.c.obj
 *fill*         0x0000000010008491        0x3 
 .rodata.__func__.1
                0x0000000010008494       0x18 CMakeFiles/firmware.dir/home/aiti-kace/opt/pico-sdk/src/common/pico_time/time.c.obj
 .rodata.__func__.10
                0x00000000100084ac       0x15 CMakeFiles/firmware.dir/home/aiti-kace/opt/pico-sdk/src/common/pico_time/time.c.obj
 *fill*         0x00000000100084c1        0x3 
 .rodata.__func__.11
                0x00000000100084c4       0x1a CMakeFiles/firmware.dir/home/aiti-kace/opt/pico-sdk/src/common/pico_time/time.c.obj
 *fill*         0x00000000100084de        0x2 
 .rodata.__func__.12
                0x00000000100084e0        0xa CMakeFiles/firmware.dir/home/aiti-kace/opt/pico-sdk/src/common/pico_time/time.c.obj
 *fill*         0x00000000100084ea        0x2 
 .rodata.__func__.3
                0x00000000100084ec       0x17 CMakeFiles/firmware.dir/home/aiti-kace/opt/pico-sdk/src/common/pico_time/time.c.obj
 *fill*         0x0000000010008503        0x1 
 .rodata.__func__.4
                0x0000000010008504       0x12 CMakeFiles/firmware.dir/home/aiti-kace/opt/pico-sdk/src/common/pico_time/time.c.obj
 *fill*         0x0000000010008516        0x2 
 .rodata.__func__.5
                0x0000000010008518        0xd CMakeFiles/firmware.dir/home/aiti-kace/opt/pico-sdk/src/common/pico_time/time.c.obj
 *fill*         0x0000000010008525        0x3 
 .rodata.__func__.6
                0x0000000010008528       0x12 CMakeFiles/firmware.dir/home/aiti-kace/opt/pico-sdk/src/common/pico_time/time.c.obj
 *fill*         0x000000001000853a        0x2 
 .rodata.__func__.7
                0x000000001000853c        0xf CMakeFiles/firmware.dir/home/aiti-kace/opt/pico-sdk/src/common/pico_time/time.c.obj
 *fill*         0x000000001000854b        0x1 
 .rodata.__func__.8
                0x000000001000854c        0xc CMakeFiles/firmware.dir/home/aiti-kace/opt/pico-sdk/src/common/pico_time/time.c.obj
 .rodata.__func__.9
                0x0000000010008558       0x15 CMakeFiles/firmware.dir/home/aiti-kace/opt/pico-sdk/src/common/pico_time/time.c.obj
 *fill*         0x000000001000856d        0x3 
 .rodata.hardware_alarm_claim.str1.4
                0x0000000010008570       0x22 CMakeFiles/firmware.dir/home/aiti-kace/opt/pico-sdk/src/rp2_common/hardware_timer/timer.c.obj
 *fill*         0x0000000010008592        0x2 
 .rodata.hardware_alarm_set_target.str1.4
                0x0000000010008594       0x67 CMakeFiles/firmware.dir/home/aiti-kace/opt/pico-sdk/src/rp2_common/hardware_timer/timer.c.obj
 *fill*         0x00000000100085fb        0x1 
 .rodata.__func__.0
                0x00000000100085fc       0x1a CMakeFiles/firmware.dir/home/aiti-kace/opt/pico-sdk/src/rp2_common/hardware_timer/timer.c.obj
 *fill*         0x0000000010008616        0x2 
 .rodata.str1.4
                0x0000000010008618       0x8d CMakeFiles/firmware.dir/home/aiti-kace/opt/pico-sdk/src/common/pico_sync/mutex.c.obj
                                         0xf1 (size before relaxing)
 *fill*         0x00000000100086a5        0x3 
 .rodata.__func__.1
                0x00000000100086a8        0xb CMakeFiles/firmware.dir/home/aiti-kace/opt/pico-sdk/src/common/pico_sync/mutex.c.obj
 *fill*         0x00000000100086b3        0x1 
 .rodata.__func__.3
                0x00000000100086b4       0x18 CMakeFiles/firmware.dir/home/aiti-kace/opt/pico-sdk/src/common/pico_sync/mutex.c.obj
 .rodata.__func__.4
                0x00000000100086cc       0x15 CMakeFiles/firmware.dir/home/aiti-kace/opt/pico-sdk/src/common/pico_sync/mutex.c.obj
 .rodata.ph_add_child_node.str1.4
                0x00000000100086e1       0x96 CMakeFiles/firmware.dir/home/aiti-kace/opt/pico-sdk/src/common/pico_util/pheap.c.obj
 *fill*         0x00000000100086e1        0x3 
 .rodata.ph_remove_any_head.str1.4
                0x00000000100086e4       0x90 CMakeFiles/firmware.dir/home/aiti-kace/opt/pico-sdk/src/common/pico_util/pheap.c.obj
 .rodata.ph_remove_and_free_node.str1.4
                0x0000000010008774       0x26 CMakeFiles/firmware.dir/home/aiti-kace/opt/pico-sdk/src/common/pico_util/pheap.c.obj
 *fill*         0x000000001000879a        0x2 
 .rodata.__func__.0
                0x000000001000879c       0x18 CMakeFiles/firmware.dir/home/aiti-kace/opt/pico-sdk/src/common/pico_util/pheap.c.obj
 .rodata.__func__.1
                0x00000000100087b4       0x13 CMakeFiles/firmware.dir/home/aiti-kace/opt/pico-sdk/src/common/pico_util/pheap.c.obj
 *fill*         0x00000000100087c7        0x1 
 .rodata.__func__.2
                0x00000000100087c8       0x12 CMakeFiles/firmware.dir/home/aiti-kace/opt/pico-sdk/src/common/pico_util/pheap.c.obj
 *fill*         0x00000000100087da        0x2 
 .rodata.__func__.3
                0x00000000100087dc        0xc CMakeFiles/firmware.dir/home/aiti-kace/opt/pico-sdk/src/common/pico_util/pheap.c.obj
 .rodata.__assert_func.str1.4
                0x00000000100087e8       0x3f CMakeFiles/firmware.dir/home/aiti-kace/opt/pico-sdk/src/rp2_common/pico_runtime/runtime.c.obj
                                         0x43 (size before relaxing)
 *fill*         0x0000000010008827        0x1 
 .rodata.runtime_init.str1.4
                0x0000000010008828       0x63 CMakeFiles/firmware.dir/home/aiti-kace/opt/pico-sdk/src/rp2_common/pico_runtime/runtime.c.obj
 *fill*         0x000000001000888b        0x1 
 .rodata.panic.str1.4
                0x000000001000888c       0x10 CMakeFiles/firmware.dir/home/aiti-kace/opt/pico-sdk/src/rp2_common/pico_runtime/runtime.c.obj
                                         0x12 (size before relaxing)
 .rodata.__func__.1
                0x000000001000889c        0xd CMakeFiles/firmware.dir/home/aiti-kace/opt/pico-sdk/src/rp2_common/pico_runtime/runtime.c.obj
 *fill*         0x00000000100088a9        0x3 
 .rodata.clock_configure.str1.4
                0x00000000100088ac       0x59 CMakeFiles/firmware.dir/home/aiti-kace/opt/pico-sdk/src/rp2_common/hardware_clocks/clocks.c.obj
 *fill*         0x0000000010008905        0x3 
 .rodata.__func__.1
                0x0000000010008908       0x10 CMakeFiles/firmware.dir/home/aiti-kace/opt/pico-sdk/src/rp2_common/hardware_clocks/clocks.c.obj
 .rodata.make_branch.str1.4
                0x0000000010008918       0x4f CMakeFiles/firmware.dir/home/aiti-kace/opt/pico-sdk/src/rp2_common/hardware_irq/irq.c.obj
 *fill*         0x0000000010008967        0x1 
 .rodata.irq_set_exclusive_handler.str1.4
                0x0000000010008968       0x36 CMakeFiles/firmware.dir/home/aiti-kace/opt/pico-sdk/src/rp2_common/hardware_irq/irq.c.obj
 *fill*         0x000000001000899e        0x2 
 .rodata.irq_add_shared_handler.str1.4
                0x00000000100089a0       0xd9 CMakeFiles/firmware.dir/home/aiti-kace/opt/pico-sdk/src/rp2_common/hardware_irq/irq.c.obj
 *fill*         0x0000000010008a79        0x3 
 .rodata.irq_remove_handler.str1.4
                0x0000000010008a7c       0x2a CMakeFiles/firmware.dir/home/aiti-kace/opt/pico-sdk/src/rp2_common/hardware_irq/irq.c.obj
 *fill*         0x0000000010008aa6        0x2 
 .rodata.irq_add_tail_to_free_list.str1.4
                0x0000000010008aa8       0x32 CMakeFiles/firmware.dir/home/aiti-kace/opt/pico-sdk/src/rp2_common/hardware_irq/irq.c.obj
                                         0x3a (size before relaxing)
 *fill*         0x0000000010008ada        0x2 
 .rodata.__func__.0
                0x0000000010008adc       0x1a CMakeFiles/firmware.dir/home/aiti-kace/opt/pico-sdk/src/rp2_common/hardware_irq/irq.c.obj
 *fill*         0x0000000010008af6        0x2 
 .rodata.__func__.1
                0x0000000010008af8       0x17 CMakeFiles/firmware.dir/home/aiti-kace/opt/pico-sdk/src/rp2_common/hardware_irq/irq.c.obj
 *fill*         0x0000000010008b0f        0x1 
 .rodata.__func__.2
                0x0000000010008b10       0x13 CMakeFiles/firmware.dir/home/aiti-kace/opt/pico-sdk/src/rp2_common/hardware_irq/irq.c.obj
 *fill*         0x0000000010008b23        0x1 
 .rodata.__func__.3
                0x0000000010008b24        0xc CMakeFiles/firmware.dir/home/aiti-kace/opt/pico-sdk/src/rp2_common/hardware_irq/irq.c.obj
 .rodata.__func__.4
                0x0000000010008b30        0xf CMakeFiles/firmware.dir/home/aiti-kace/opt/pico-sdk/src/rp2_common/hardware_irq/irq.c.obj
 *fill*         0x0000000010008b3f        0x1 
 .rodata.__func__.6
                0x0000000010008b40       0x1a CMakeFiles/firmware.dir/home/aiti-kace/opt/pico-sdk/src/rp2_common/hardware_irq/irq.c.obj
 *fill*         0x0000000010008b5a        0x2 
 .rodata.pll_init.str1.4
                0x0000000010008b5c       0xdb CMakeFiles/firmware.dir/home/aiti-kace/opt/pico-sdk/src/rp2_common/hardware_pll/pll.c.obj
 *fill*         0x0000000010008c37        0x1 
 .rodata.__func__.0
                0x0000000010008c38        0x9 CMakeFiles/firmware.dir/home/aiti-kace/opt/pico-sdk/src/rp2_common/hardware_pll/pll.c.obj
 *fill*         0x0000000010008c41        0x3 
 .rodata._ftoa.str1.4
                0x0000000010008c44       0x15 CMakeFiles/firmware.dir/home/aiti-kace/opt/pico-sdk/src/rp2_common/pico_printf/printf.c.obj
 *fill*         0x0000000010008c59        0x3 
 .rodata._vsnprintf
                0x0000000010008c5c      0x1e0 CMakeFiles/firmware.dir/home/aiti-kace/opt/pico-sdk/src/rp2_common/pico_printf/printf.c.obj
 *fill*         0x0000000010008e3c        0x4 
 .rodata.pow10.0
                0x0000000010008e40       0x50 CMakeFiles/firmware.dir/home/aiti-kace/opt/pico-sdk/src/rp2_common/pico_printf/printf.c.obj
 .rodata.__aeabi_double_init.str1.4
                0x0000000010008e90       0xaa CMakeFiles/firmware.dir/home/aiti-kace/opt/pico-sdk/src/rp2_common/pico_double/double_init_rom.c.obj
 *fill*         0x0000000010008f3a        0x2 
 .rodata.__func__.0
                0x0000000010008f3c       0x14 CMakeFiles/firmware.dir/home/aiti-kace/opt/pico-sdk/src/rp2_common/pico_double/double_init_rom.c.obj
 .rodata.__aeabi_float_init.str1.4
                0x0000000010008f50       0x7c CMakeFiles/firmware.dir/home/aiti-kace/opt/pico-sdk/src/rp2_common/pico_float/float_init_rom.c.obj
                                         0x80 (size before relaxing)
 .rodata.__func__.0
                0x0000000010008fcc       0x13 CMakeFiles/firmware.dir/home/aiti-kace/opt/pico-sdk/src/rp2_common/pico_float/float_init_rom.c.obj
 *fill*         0x0000000010008fdf        0x1 
 .rodata.__wrap_malloc.str1.4
                0x0000000010008fe0        0xe CMakeFiles/firmware.dir/home/aiti-kace/opt/pico-sdk/src/rp2_common/pico_malloc/pico_malloc.c.obj
 *fill*         0x0000000010008fee        0x2 
 .rodata.str1.4
                0x0000000010008ff0       0x40 CMakeFiles/firmware.dir/home/aiti-kace/opt/pico-sdk/src/rp2_common/pico_standard_link/binary_info.c.obj
 .rodata.__bi_44
                0x0000000010009030        0xc CMakeFiles/firmware.dir/home/aiti-kace/opt/pico-sdk/src/rp2_common/pico_standard_link/binary_info.c.obj
 .rodata.__bi_75
                0x000000001000903c        0xc CMakeFiles/firmware.dir/home/aiti-kace/opt/pico-sdk/src/rp2_common/pico_standard_link/binary_info.c.obj
 .rodata.__bi_81
                0x0000000010009048        0xc CMakeFiles/firmware.dir/home/aiti-kace/opt/pico-sdk/src/rp2_common/pico_standard_link/binary_info.c.obj
 .rodata.crlf_str.3
                0x0000000010009054        0x2 CMakeFiles/firmware.dir/home/aiti-kace/opt/pico-sdk/src/rp2_common/pico_stdio/stdio.c.obj
 *fill*         0x0000000010009056        0x2 
 .rodata._resetd_driver
                0x0000000010009058       0x18 CMakeFiles/firmware.dir/home/aiti-kace/opt/pico-sdk/src/rp2_common/pico_stdio_usb/reset_interface.c.obj
 .rodata.stdio_usb_init.str1.4
                0x0000000010009070       0x63 CMakeFiles/firmware.dir/home/aiti-kace/opt/pico-sdk/src/rp2_common/pico_stdio_usb/stdio_usb.c.obj
 .rodata.str1.4
                0x0000000010009070       0x13 CMakeFiles/firmware.dir/home/aiti-kace/opt/pico-sdk/src/rp2_common/pico_stdio_usb/stdio_usb.c.obj
 *fill*         0x0000000010009083        0x1 
 .rodata.__bi_93.1
                0x0000000010009084        0xc CMakeFiles/firmware.dir/home/aiti-kace/opt/pico-sdk/src/rp2_common/pico_stdio_usb/stdio_usb.c.obj
 .rodata.__func__.0
                0x0000000010009090       0x15 CMakeFiles/firmware.dir/home/aiti-kace/opt/pico-sdk/src/rp2_common/pico_stdio_usb/stdio_usb.c.obj
 *fill*         0x00000000100090a5        0x3 
 .rodata.str1.4
                0x00000000100090a8       0x2a CMakeFiles/firmware.dir/home/aiti-kace/opt/pico-sdk/src/rp2_common/pico_stdio_usb/stdio_usb_descriptors.c.obj
 *fill*         0x00000000100090d2        0x2 
 .rodata.usbd_desc_cfg
                0x00000000100090d4       0x54 CMakeFiles/firmware.dir/home/aiti-kace/opt/pico-sdk/src/rp2_common/pico_stdio_usb/stdio_usb_descriptors.c.obj
 .rodata.usbd_desc_device
                0x0000000010009128       0x12 CMakeFiles/firmware.dir/home/aiti-kace/opt/pico-sdk/src/rp2_common/pico_stdio_usb/stdio_usb_descriptors.c.obj
 *fill*         0x000000001000913a        0x2 
 .rodata.usbd_desc_str
                0x000000001000913c       0x18 CMakeFiles/firmware.dir/home/aiti-kace/opt/pico-sdk/src/rp2_common/pico_stdio_usb/stdio_usb_descriptors.c.obj
 .rodata._hw_endpoint_alloc.str1.4
                0x0000000010009154       0xb9 CMakeFiles/firmware.dir/home/aiti-kace/opt/pico-sdk/lib/tinyusb/src/portable/raspberrypi/rp2040/dcd_rp2040.c.obj
 *fill*         0x000000001000920d        0x3 
 .rodata.dcd_rp2040_irq.str1.4
                0x0000000010009210       0x14 CMakeFiles/firmware.dir/home/aiti-kace/opt/pico-sdk/lib/tinyusb/src/portable/raspberrypi/rp2040/dcd_rp2040.c.obj
 .rodata.dcd_int_enable.str1.4
                0x0000000010009224        0xc CMakeFiles/firmware.dir/home/aiti-kace/opt/pico-sdk/lib/tinyusb/src/portable/raspberrypi/rp2040/dcd_rp2040.c.obj
 .rodata.__func__.0
                0x0000000010009230        0xe CMakeFiles/firmware.dir/home/aiti-kace/opt/pico-sdk/lib/tinyusb/src/portable/raspberrypi/rp2040/dcd_rp2040.c.obj
 *fill*         0x000000001000923e        0x2 
 .rodata.__func__.1
                0x0000000010009240        0xe CMakeFiles/firmware.dir/home/aiti-kace/opt/pico-sdk/lib/tinyusb/src/portable/raspberrypi/rp2040/dcd_rp2040.c.obj
 *fill*         0x000000001000924e        0x2 
 .rodata.__func__.3
                0x0000000010009250       0x10 CMakeFiles/firmware.dir/home/aiti-kace/opt/pico-sdk/lib/tinyusb/src/portable/raspberrypi/rp2040/dcd_rp2040.c.obj
 .rodata.__func__.5
                0x0000000010009260        0xf CMakeFiles/firmware.dir/home/aiti-kace/opt/pico-sdk/lib/tinyusb/src/portable/raspberrypi/rp2040/dcd_rp2040.c.obj
 *fill*         0x000000001000926f        0x1 
 .rodata.__func__.6
                0x0000000010009270       0x13 CMakeFiles/firmware.dir/home/aiti-kace/opt/pico-sdk/lib/tinyusb/src/portable/raspberrypi/rp2040/dcd_rp2040.c.obj
 *fill*         0x0000000010009283        0x1 
 .rodata.__func__.7
                0x0000000010009284        0x9 CMakeFiles/firmware.dir/home/aiti-kace/opt/pico-sdk/lib/tinyusb/src/portable/raspberrypi/rp2040/dcd_rp2040.c.obj
 *fill*         0x000000001000928d        0x3 
 .rodata.sync_ep_buffer.str1.4
                0x0000000010009290       0x95 CMakeFiles/firmware.dir/home/aiti-kace/opt/pico-sdk/lib/tinyusb/src/portable/raspberrypi/rp2040/rp2040_usb.c.obj
 *fill*         0x0000000010009325        0x3 
 .rodata._hw_endpoint_buffer_control_update32.str1.4
                0x0000000010009328       0x1f CMakeFiles/firmware.dir/home/aiti-kace/opt/pico-sdk/lib/tinyusb/src/portable/raspberrypi/rp2040/rp2040_usb.c.obj
 *fill*         0x0000000010009347        0x1 
 .rodata.hw_endpoint_xfer_start.str1.4
                0x0000000010009348       0x38 CMakeFiles/firmware.dir/home/aiti-kace/opt/pico-sdk/lib/tinyusb/src/portable/raspberrypi/rp2040/rp2040_usb.c.obj
 .rodata.hw_endpoint_xfer_continue.str1.4
                0x0000000010009380       0x29 CMakeFiles/firmware.dir/home/aiti-kace/opt/pico-sdk/lib/tinyusb/src/portable/raspberrypi/rp2040/rp2040_usb.c.obj
 *fill*         0x00000000100093a9        0x3 
 .rodata.str1.4
                0x00000000100093ac        0x7 CMakeFiles/firmware.dir/home/aiti-kace/opt/pico-sdk/lib/tinyusb/src/portable/raspberrypi/rp2040/rp2040_usb.c.obj
 *fill*         0x00000000100093b3        0x1 
 .rodata.__func__.0
                0x00000000100093b4        0xf CMakeFiles/firmware.dir/home/aiti-kace/opt/pico-sdk/lib/tinyusb/src/portable/raspberrypi/rp2040/rp2040_usb.c.obj
 *fill*         0x00000000100093c3        0x1 
 .rodata.process_set_config.str1.4
                0x00000000100093c4       0x17 CMakeFiles/firmware.dir/home/aiti-kace/opt/pico-sdk/lib/tinyusb/src/device/usbd.c.obj
 *fill*         0x00000000100093db        0x1 
 .rodata.process_get_descriptor
                0x00000000100093dc       0x40 CMakeFiles/firmware.dir/home/aiti-kace/opt/pico-sdk/lib/tinyusb/src/device/usbd.c.obj
 .rodata.process_control_request
                0x000000001000941c       0x28 CMakeFiles/firmware.dir/home/aiti-kace/opt/pico-sdk/lib/tinyusb/src/device/usbd.c.obj
 .rodata.tud_task
                0x0000000010009444       0x24 CMakeFiles/firmware.dir/home/aiti-kace/opt/pico-sdk/lib/tinyusb/src/device/usbd.c.obj
 .rodata.__func__.2
                0x0000000010009468        0xf CMakeFiles/firmware.dir/home/aiti-kace/opt/pico-sdk/lib/tinyusb/src/device/usbd.c.obj
 *fill*         0x0000000010009477        0x1 
 .rodata.__func__.3
                0x0000000010009478        0xf CMakeFiles/firmware.dir/home/aiti-kace/opt/pico-sdk/lib/tinyusb/src/device/usbd.c.obj
 *fill*         0x0000000010009487        0x1 
 .rodata.__func__.4
                0x0000000010009488       0x14 CMakeFiles/firmware.dir/home/aiti-kace/opt/pico-sdk/lib/tinyusb/src/device/usbd.c.obj
 .rodata.__func__.5
                0x000000001000949c       0x10 CMakeFiles/firmware.dir/home/aiti-kace/opt/pico-sdk/lib/tinyusb/src/device/usbd.c.obj
 .rodata.__func__.6
                0x00000000100094ac       0x17 CMakeFiles/firmware.dir/home/aiti-kace/opt/pico-sdk/lib/tinyusb/src/device/usbd.c.obj
 *fill*         0x00000000100094c3        0x1 
 .rodata.__func__.7
                0x00000000100094c4       0x13 CMakeFiles/firmware.dir/home/aiti-kace/opt/pico-sdk/lib/tinyusb/src/device/usbd.c.obj
 *fill*         0x00000000100094d7        0x1 
 .rodata.__func__.8
                0x00000000100094d8       0x18 CMakeFiles/firmware.dir/home/aiti-kace/opt/pico-sdk/lib/tinyusb/src/device/usbd.c.obj
 .rodata.__func__.9
                0x00000000100094f0        0x9 CMakeFiles/firmware.dir/home/aiti-kace/opt/pico-sdk/lib/tinyusb/src/device/usbd.c.obj
 *fill*         0x00000000100094f9        0x3 
 .rodata._usbd_driver
                0x00000000100094fc       0x18 CMakeFiles/firmware.dir/home/aiti-kace/opt/pico-sdk/lib/tinyusb/src/device/usbd.c.obj
 .rodata.tud_control_xfer.str1.4
                0x0000000010009514       0x17 CMakeFiles/firmware.dir/home/aiti-kace/opt/pico-sdk/lib/tinyusb/src/device/usbd_control.c.obj
 .rodata.__func__.0
                0x0000000010009514       0x15 CMakeFiles/firmware.dir/home/aiti-kace/opt/pico-sdk/lib/tinyusb/src/device/usbd_control.c.obj
 *fill*         0x0000000010009529        0x3 
 .rodata.__func__.1
                0x000000001000952c       0x11 CMakeFiles/firmware.dir/home/aiti-kace/opt/pico-sdk/lib/tinyusb/src/device/usbd_control.c.obj
 .rodata.tud_cdc_n_write_flush.str1.4
                0x000000001000953d       0x17 CMakeFiles/firmware.dir/home/aiti-kace/opt/pico-sdk/lib/tinyusb/src/class/cdc/cdc_device.c.obj
 *fill*         0x000000001000953d        0x3 
 .rodata.__func__.0
                0x0000000010009540        0xd CMakeFiles/firmware.dir/home/aiti-kace/opt/pico-sdk/lib/tinyusb/src/class/cdc/cdc_device.c.obj
 *fill*         0x000000001000954d        0x3 
 .rodata.__func__.1
                0x0000000010009550        0xa CMakeFiles/firmware.dir/home/aiti-kace/opt/pico-sdk/lib/tinyusb/src/class/cdc/cdc_device.c.obj
 *fill*         0x000000001000955a        0x2 
 .rodata.__func__.2
                0x000000001000955c       0x16 CMakeFiles/firmware.dir/home/aiti-kace/opt/pico-sdk/lib/tinyusb/src/class/cdc/cdc_device.c.obj
 .rodata.tusb_init.str1.4
                0x0000000010009572       0x17 CMakeFiles/firmware.dir/home/aiti-kace/opt/pico-sdk/lib/tinyusb/src/tusb.c.obj
 *fill*         0x0000000010009572        0x2 
 .rodata.__func__.0
                0x0000000010009574       0x11 CMakeFiles/firmware.dir/home/aiti-kace/opt/pico-sdk/lib/tinyusb/src/tusb.c.obj
 *fill*         0x0000000010009585        0x3 
 .rodata.__func__.1
                0x0000000010009588        0xa CMakeFiles/firmware.dir/home/aiti-kace/opt/pico-sdk/lib/tinyusb/src/tusb.c.obj
 *fill*         0x0000000010009592        0x2 
 .rodata.pico_get_unique_board_id_string.str1.4
                0x0000000010009594       0x4f CMakeFiles/firmware.dir/home/aiti-kace/opt/pico-sdk/src/rp2_common/pico_unique_id/unique_id.c.obj
 *fill*         0x00000000100095e3        0x1 
 .rodata.__func__.0
                0x00000000100095e4       0x20 CMakeFiles/firmware.dir/home/aiti-kace/opt/pico-sdk/src/rp2_common/pico_unique_id/unique_id.c.obj
 .rodata.str1.4
                0x0000000010009604      0x15a CMakeFiles/firmware.dir/home/aiti-kace/opt/pico-sdk/src/rp2_common/hardware_flash/flash.c.obj
 *fill*         0x000000001000975e        0x2 
 .rodata.__func__.0
                0x0000000010009760        0xd CMakeFiles/firmware.dir/home/aiti-kace/opt/pico-sdk/src/rp2_common/hardware_flash/flash.c.obj
                0x0000000010009770                . = ALIGN (0x4)
 *fill*         0x000000001000976d        0x3 
 *(SORT_BY_ALIGNMENT(SORT_BY_NAME(.flashdata*)))
                0x0000000010009770                . = ALIGN (0x4)

.rel.dyn        0x0000000010009770        0x0
 .rel.iplt      0x0000000010009770        0x0 /home/aiti-kace/opt/gcc-arm-none-eabi-10.3-2021.10/bin/../lib/gcc/arm-none-eabi/10.3.1/thumb/v6-m/nofp/crtbegin.o

.ARM.extab
 *(.ARM.extab* .gnu.linkonce.armextab.*)
                0x0000000010009770                __exidx_start = .

.ARM.exidx
 *(.ARM.exidx* .gnu.linkonce.armexidx.*)
                0x0000000010009770                __exidx_end = .
                0x0000000010009770                . = ALIGN (0x4)
                0x0000000010009770                __binary_info_start = .

.binary_info    0x0000000010009770       0x20
 *(.binary_info.keep.*)
 .binary_info.keep.__bi_ptr22
                0x0000000010009770        0x4 CMakeFiles/firmware.dir/home/aiti-kace/opt/pico-sdk/src/rp2_common/pico_standard_link/binary_info.c.obj
 .binary_info.keep.__bi_ptr30
                0x0000000010009774        0x4 CMakeFiles/firmware.dir/home/aiti-kace/opt/pico-sdk/src/rp2_common/pico_standard_link/binary_info.c.obj
 .binary_info.keep.__bi_ptr38
                0x0000000010009778        0x4 CMakeFiles/firmware.dir/home/aiti-kace/opt/pico-sdk/src/rp2_common/pico_standard_link/binary_info.c.obj
 .binary_info.keep.__bi_ptr44
                0x000000001000977c        0x4 CMakeFiles/firmware.dir/home/aiti-kace/opt/pico-sdk/src/rp2_common/pico_standard_link/binary_info.c.obj
 .binary_info.keep.__bi_ptr50